Constructing Visualization Manager....
Initialising Visualization Manager....
Registering graphics systems....

***** Table : Nb of materials = 8 *****

 Material:      Air  density:  1.290 mg/cm3  temperature: 273.15 K  pressure:   1.00 atm  RadLength: 285.161 m  
   --->  Element: Nitrogen  N   Z =  7.0   N =  14.0   A =  14.01 g/mole  fractionMass:  70.00 %  Abundance  72.71 %
   --->  Element:   Oxygen  O   Z =  8.0   N =  16.0   A =  16.00 g/mole  fractionMass:  30.00 %  Abundance  27.29 %

 Material:    Water  density:  1.000 g/cm3   temperature: 273.15 K  pressure:   1.00 atm  RadLength:  36.092 cm 
   --->  Element: Hydrogen  H   Z =  1.0   N =   1.0   A =   1.01 g/mole  fractionMass:  11.21 %  Abundance  66.67 %
   --->  Element:   Oxygen  O   Z =  8.0   N =  16.0   A =  16.00 g/mole  fractionMass:  88.79 %  Abundance  33.33 %

 Material:      lAr  density:  1.390 g/cm3   temperature: 273.15 K  pressure:   1.00 atm  RadLength:  14.065 cm 
   --->  Element:      lAr      Z = 18.0   N =  40.0   A =  39.95 g/mole  fractionMass: 100.00 %  Abundance 100.00 %

 Material:       Al  density:  2.700 g/cm3   temperature: 273.15 K  pressure:   1.00 atm  RadLength:   8.893 cm 
   --->  Element:       Al      Z = 13.0   N =  27.0   A =  26.98 g/mole  fractionMass: 100.00 %  Abundance 100.00 %

 Material:       Fe  density:  7.870 g/cm3   temperature: 273.15 K  pressure:   1.00 atm  RadLength:   1.759 cm 
   --->  Element:       Fe      Z = 26.0   N =  55.9   A =  55.85 g/mole  fractionMass: 100.00 %  Abundance 100.00 %

 Material:      BGO  density:  7.100 g/cm3   temperature: 273.15 K  pressure:   1.00 atm  RadLength:   1.123 cm 
   --->  Element:   Oxygen  O   Z =  8.0   N =  16.0   A =  16.00 g/mole  fractionMass:  15.41 %  Abundance  63.16 %
   --->  Element: Germanium Ge   Z = 32.0   N =  72.6   A =  72.59 g/mole  fractionMass:  17.48 %  Abundance  15.79 %
   --->  Element:  Bismuth Bi   Z = 83.0   N = 209.0   A = 208.98 g/mole  fractionMass:  67.10 %  Abundance  21.05 %

 Material:    PbWO4  density:  8.280 g/cm3   temperature: 273.15 K  pressure:   1.00 atm  RadLength:   8.924 mm 
   --->  Element:   Oxygen  O   Z =  8.0   N =  16.0   A =  16.00 g/mole  fractionMass:  14.07 %  Abundance  66.67 %
   --->  Element:     Lead Pb   Z = 82.0   N = 207.2   A = 207.19 g/mole  fractionMass:  45.53 %  Abundance  16.67 %
   --->  Element: Tungsten  W   Z = 74.0   N = 183.8   A = 183.84 g/mole  fractionMass:  40.40 %  Abundance  16.67 %

 Material:     Lead  density: 11.350 g/cm3   temperature: 273.15 K  pressure:   1.00 atm  RadLength:   5.612 mm 
   --->  Element:     Lead Pb   Z = 82.0   N = 207.2   A = 207.19 g/mole  fractionMass: 100.00 %  Abundance 100.00 %


Absorber is 17.848  cm of PbWO4
Em2PhysicsList::SetCuts:CutLength : 1 (mm)

phot:  Total cross sections from a parametrisation. Good description from 10 KeV to 50 MeV for all ZSandia crossSection below 50 KeV
        PhysicsTables from 50 keV to 50 MeV in 100 bins. 

compt:  Total cross sections from a parametrisation. Good description from 10 KeV to (100/Z) GeV. 
        Scattered gamma energy according Klein-Nishina.
        PhysicsTables from 10 keV to 1e+02 GeV in 100 bins. 

conv:  Total cross sections from a parametrisation. Good description from 1.5 MeV to 100 GeV for all Z. 
        e+e- energies according Bethe-Heitler
        PhysicsTables from 1 MeV to 1e+02 GeV in 100 bins. 

msc:   Tables of transport mean free paths.
          New model of MSC , computes the lateral 
          displacement of the particle , too.
        PhysicsTables from 1e+02 eV  to 1e+02 TeV in 100 bins. 

eIoni+:  delta cross sections from Moller+Bhabha. Good description from 1 KeV to 100 GeV.
        delta ray energy sampled from  differential Xsection.
        PhysicsTables from 1 keV to 1e+02 TeV in 100 bins. 

 eIoni+ Minimum Delta cut in range=0.01  mm.
 min. delta energies (keV) 
   material         min.delta energy 

                 Air              1
               Water         12.701
                 lAr         10.373
                  Al         26.307
                  Fe         50.942
                 BGO         40.664
               PbWO4         43.694
                Lead         49.142

eBrem+:  Total cross sections from a parametrisation. Good description from 1 KeV to 100 GeV.
        log scale extrapolation above 100 GeV 
        Gamma energy sampled from a parametrised formula.
        PhysicsTables from 1 keV to 100 TeV in 100 bins. 

annihil:  Total cross section from Heilter formula (annihilation into 2 photons).
        gamma energies sampled according Heitler
        PhysicsTables from 10 keV to 10 TeV in 100 bins. 

msc:   Tables of transport mean free paths.
          New model of MSC , computes the lateral 
          displacement of the particle , too.
        PhysicsTables from 100 eV  to 100 TeV in 100 bins. 

hIoni:    Knock-on electron cross sections . 
         Good description above the mean excitation energy.
         delta ray energy sampled from  differential Xsection.
        PhysicsTables from 1 keV to 100 TeV in 100 bins. 

msc:   Tables of transport mean free paths.
          New model of MSC , computes the lateral 
          displacement of the particle , too.
        PhysicsTables from 100 eV  to 100 TeV in 100 bins. 

MuIoni:  knock-on electron cross sections .
          Good description above the mean excitation energy.
         delta ray energy sampled from  differential Xsection.
      PhysicsTables from 1 keV to 1000 PeV in 100 bins. 

MuBrems:  theoretical cross section 
          Good description up to 1000 TeV.
    PhysicsTables from 1 GeV to 1000 PeV in 100 bins. 

MuPairProd:  theoretical cross sections 
          Good description up to 1000 TeV.
    PhysicsTables from 1 GeV to 1000 PeV in 50 bins. 
============= The cut Energy ==============================
                            gamma              e-             mu-          proton         neutron    
Cut in range                  1 mm            1 mm            1 mm            1 mm            1 mm 
Cut in energy
                Air         990 eV          990 eV         48.4 keV        83.2 keV         990 eV 
              Water         2.9 keV         347 keV        3.39 MeV        8.95 MeV         990 eV 
                lAr        6.18 keV         343 keV        3.24 MeV        8.32 MeV         990 eV 
                 Al        6.89 keV         597 keV        5.02 MeV        13.1 MeV         990 eV 
                 Fe        20.8 keV        1.28 MeV        8.52 MeV          22 MeV         990 eV 
                BGO        77.7 keV        1.03 MeV        7.17 MeV        18.1 MeV         990 eV 
              PbWO4        84.8 keV        1.13 MeV        7.63 MeV        19.2 MeV         990 eV 
               Lead         101 keV        1.38 MeV        8.52 MeV        20.9 MeV         990 eV 
===================================================
# $Id: cut005.out,v 1.1 1999-06-22 10:46:17 maire Exp $
#
# Macro file for "TestEm2.cc" 
# (can be run in batch, without graphic)
#
# PbWO4 L = 20 radl  R = 5 radl; electron 5 GeV
#
#
/run/particle/setCut 0.05 mm
/run/initialize
Em2PhysicsList::SetCuts:CutLength : 0.05 (mm)

phot:  Total cross sections from a parametrisation. Good description from 10 KeV to 50 MeV for all ZSandia crossSection below 50 KeV
        PhysicsTables from 50 keV to 50 MeV in 100 bins. 

compt:  Total cross sections from a parametrisation. Good description from 10 KeV to (100/Z) GeV. 
        Scattered gamma energy according Klein-Nishina.
        PhysicsTables from 10 keV to 100 GeV in 100 bins. 

conv:  Total cross sections from a parametrisation. Good description from 1.5 MeV to 100 GeV for all Z. 
        e+e- energies according Bethe-Heitler
        PhysicsTables from 1.022 MeV to 100 GeV in 100 bins. 

msc:   Tables of transport mean free paths.
          New model of MSC , computes the lateral 
          displacement of the particle , too.
        PhysicsTables from 100 eV  to 100 TeV in 100 bins. 

eIoni+:  delta cross sections from Moller+Bhabha. Good description from 1 KeV to 100 GeV.
        delta ray energy sampled from  differential Xsection.
        PhysicsTables from 1 keV to 100 TeV in 100 bins. 

 eIoni+ Minimum Delta cut in range=0.01  mm.
 min. delta energies (keV) 
   material         min.delta energy 

                 Air              1
               Water         12.699
                 lAr          10.36
                  Al         26.299
                  Fe          50.88
                 BGO         40.559
               PbWO4         43.582
                Lead         49.002

eBrem+:  Total cross sections from a parametrisation. Good description from 1 KeV to 100 GeV.
        log scale extrapolation above 100 GeV 
        Gamma energy sampled from a parametrised formula.
        PhysicsTables from 1 keV to 100 TeV in 100 bins. 

annihil:  Total cross section from Heilter formula (annihilation into 2 photons).
        gamma energies sampled according Heitler
        PhysicsTables from 10 keV to 10 TeV in 100 bins. 

msc:   Tables of transport mean free paths.
          New model of MSC , computes the lateral 
          displacement of the particle , too.
        PhysicsTables from 100 eV  to 100 TeV in 100 bins. 

hIoni:    Knock-on electron cross sections . 
         Good description above the mean excitation energy.
         delta ray energy sampled from  differential Xsection.
        PhysicsTables from 1 keV to 100 TeV in 100 bins. 

msc:   Tables of transport mean free paths.
          New model of MSC , computes the lateral 
          displacement of the particle , too.
        PhysicsTables from 100 eV  to 100 TeV in 100 bins. 

MuIoni:  knock-on electron cross sections .
          Good description above the mean excitation energy.
         delta ray energy sampled from  differential Xsection.
      PhysicsTables from 1 keV to 1000 PeV in 100 bins. 

MuBrems:  theoretical cross section 
          Good description up to 1000 TeV.
    PhysicsTables from 1 GeV to 1000 PeV in 100 bins. 

MuPairProd:  theoretical cross sections 
          Good description up to 1000 TeV.
    PhysicsTables from 1 GeV to 1000 PeV in 50 bins. 
============= The cut Energy ==============================
                            gamma              e-             mu-          proton         neutron    
Cut in range                 50 mum          50 mum          50 mum          50 mum          50 mum
Cut in energy
                Air         990 eV          990 eV          1.4 keV         990 eV          990 eV 
              Water         990 eV         56.8 keV         635 keV        1.45 MeV         990 eV 
                lAr         1.4 keV        54.8 keV         575 keV        1.28 MeV         990 eV 
                 Al        1.68 keV        86.4 keV         929 keV         2.2 MeV         990 eV 
                 Fe        4.34 keV         150 keV        1.54 MeV        3.74 MeV         990 eV 
                BGO        10.5 keV         127 keV        1.26 MeV        2.88 MeV         990 eV 
              PbWO4        12.5 keV         136 keV        1.33 MeV        3.03 MeV         990 eV 
               Lead        18.2 keV         154 keV        1.45 MeV        3.18 MeV         990 eV 
===================================================
#
/run/verbose 2
/event/drawTracks none
/event/printModulo 50
/run/save on
#
/gun/particle electron
/gun/energy 5 GeV
/run/beamOn 500
### Run 0 start.
Start closing geometry.
Start Run processing.

---> Event: 0

--------- Ranecu engine status ---------
 Initial seed (index) = 0
 Current couple of seeds = 9876, 54321
----------------------------------------

---> Event: 50

--------- Ranecu engine status ---------
 Initial seed (index) = 0
 Current couple of seeds = 642821715, 998395471
----------------------------------------

---> Event: 100

--------- Ranecu engine status ---------
 Initial seed (index) = 0
 Current couple of seeds = 2145234394, 2042689735
----------------------------------------

---> Event: 150

--------- Ranecu engine status ---------
 Initial seed (index) = 0
 Current couple of seeds = 897576056, 1337468874
----------------------------------------

---> Event: 200

--------- Ranecu engine status ---------
 Initial seed (index) = 0
 Current couple of seeds = 1429505624, 564282456
----------------------------------------

---> Event: 250

--------- Ranecu engine status ---------
 Initial seed (index) = 0
 Current couple of seeds = 1492218533, 83280952
----------------------------------------

---> Event: 300

--------- Ranecu engine status ---------
 Initial seed (index) = 0
 Current couple of seeds = 1206104314, 656763174
----------------------------------------

---> Event: 350

--------- Ranecu engine status ---------
 Initial seed (index) = 0
 Current couple of seeds = 1450246932, 1767314128
----------------------------------------

---> Event: 400

--------- Ranecu engine status ---------
 Initial seed (index) = 0
 Current couple of seeds = 1001810100, 759230145
----------------------------------------

---> Event: 450

--------- Ranecu engine status ---------
 Initial seed (index) = 0
 Current couple of seeds = 992415227, 1353225628
----------------------------------------
Run terminated.
Run Summary
  Number of events processed : 500
  User=951.78s Real=1169.6s Sys=182.87s
                 LATERAL PROFILE                         CUMULATIVE LATERAL PROFILE

        bin              Mean         rms                 bin            Mean      rms 

    0.00-> 1.00 radl:    0.62%       0.34%             0-> 1.00 radl:    0.62%     0.34% 
    1.00-> 2.00 radl:    2.51%       1.23%             0-> 2.00 radl:    3.13%     1.48% 
    2.00-> 3.00 radl:    5.58%       2.24%             0-> 3.00 radl:    8.71%     3.46% 
    3.00-> 4.00 radl:    8.76%       2.93%             0-> 4.00 radl:   17.47%     5.93% 
    4.00-> 5.00 radl:   10.78%       2.94%             0-> 5.00 radl:   28.25%     8.18% 
    5.00-> 6.00 radl:   11.45%       2.52%             0-> 6.00 radl:   39.70%     9.63% 
    6.00-> 7.00 radl:   11.00%       2.17%             0-> 7.00 radl:   50.70%    10.15% 
    7.00-> 8.00 radl:    9.79%       1.96%             0-> 8.00 radl:   60.50%     9.84% 
    8.00-> 9.00 radl:    8.20%       1.88%             0-> 9.00 radl:   68.70%     9.15% 
    9.00->10.00 radl:    6.60%       1.76%             0->10.00 radl:   75.30%     8.24% 
   10.00->11.00 radl:    5.21%       1.60%             0->11.00 radl:   80.51%     7.28% 
   11.00->12.00 radl:    4.08%       1.57%             0->12.00 radl:   84.59%     6.12% 
   12.00->13.00 radl:    3.09%       1.40%             0->13.00 radl:   87.67%     5.01% 
   13.00->14.00 radl:    2.32%       1.21%             0->14.00 radl:   89.99%     4.03% 
   14.00->15.00 radl:    1.73%       1.09%             0->15.00 radl:   91.72%     3.10% 
   15.00->16.00 radl:    1.23%       0.89%             0->16.00 radl:   92.96%     2.34% 
   16.00->17.00 radl:    0.89%       0.66%             0->17.00 radl:   93.85%     1.83% 
   17.00->18.00 radl:    0.66%       0.55%             0->18.00 radl:   94.51%     1.40% 
   18.00->19.00 radl:    0.45%       0.40%             0->19.00 radl:   94.96%     1.11% 
   19.00->20.00 radl:    0.31%       0.30%             0->20.00 radl:   95.27%     0.92% 



                  RADIAL PROFILE                         CUMULATIVE  RADIAL PROFILE

        bin              Mean         rms                 bin            Mean      rms 

    0.00-> 0.25 radl:   34.63%       2.51%             0-> 0.25 radl:   34.63%     2.51% 
    0.25-> 0.50 radl:   19.05%       1.46%             0-> 0.50 radl:   53.68%     2.60% 
    0.50-> 0.75 radl:   11.03%       1.13%             0-> 0.75 radl:   64.71%     2.33% 
    0.75-> 1.00 radl:    7.07%       0.88%             0-> 1.00 radl:   71.77%     2.01% 
    1.00-> 1.25 radl:    4.89%       0.74%             0-> 1.25 radl:   76.66%     1.76% 
    1.25-> 1.50 radl:    3.54%       0.60%             0-> 1.50 radl:   80.21%     1.59% 
    1.50-> 1.75 radl:    2.73%       0.51%             0-> 1.75 radl:   82.93%     1.47% 
    1.75-> 2.00 radl:    2.18%       0.41%             0-> 2.00 radl:   85.11%     1.37% 
    2.00-> 2.25 radl:    1.75%       0.38%             0-> 2.25 radl:   86.86%     1.29% 
    2.25-> 2.50 radl:    1.46%       0.31%             0-> 2.50 radl:   88.32%     1.23% 
    2.50-> 2.75 radl:    1.23%       0.30%             0-> 2.75 radl:   89.55%     1.14% 
    2.75-> 3.00 radl:    1.07%       0.28%             0-> 3.00 radl:   90.62%     1.08% 
    3.00-> 3.25 radl:    0.91%       0.25%             0-> 3.25 radl:   91.53%     1.04% 
    3.25-> 3.50 radl:    0.78%       0.22%             0-> 3.50 radl:   92.31%     1.02% 
    3.50-> 3.75 radl:    0.68%       0.20%             0-> 3.75 radl:   92.99%     0.99% 
    3.75-> 4.00 radl:    0.59%       0.18%             0-> 4.00 radl:   93.59%     0.97% 
    4.00-> 4.25 radl:    0.53%       0.18%             0-> 4.25 radl:   94.12%     0.94% 
    4.25-> 4.50 radl:    0.44%       0.16%             0-> 4.50 radl:   94.56%     0.94% 
    4.50-> 4.75 radl:    0.39%       0.15%             0-> 4.75 radl:   94.95%     0.93% 
    4.75-> 5.00 radl:    0.33%       0.14%             0-> 5.00 radl:   95.27%     0.92% 

                              SUMMARY
                         energy deposit :   95.27 % E0 +-    0.92 % E0
                         charged traklen:  512.77 radl +-    5.09 radl
                         neutral traklen: 4095.24 radl +-  129.48 radl


Graphics systems deleted.
VisManager deleting.
G4 kernel has come to Quit state.
Deletion of G4 kernel class start.
UserDetectorConstruction deleted.
UserPhysicsList deleted.
UserRunAction deleted.
UserPrimaryGenerator deleted.
EventManager deleted.
UImanager deleted.
StateManager deleted.
RunManager is deleting.
