 
1*****  GEANT Version  3.21/11 Released on 100298
0*****  Correction Cradle Version  0.1100
 G3 > gives the filename of the data cards to be read:
1           USER'S DIRECTIVES TO RUN THIS JOB
            ----------------------------------


 ***** DATA CARD CONTENT     LIST                                                                            
 ***** DATA CARD CONTENT     C                                                                               
 ***** DATA CARD CONTENT     C            Fe  L=20 radl   R=5 radl                                           
 ***** DATA CARD CONTENT     C            e- 30 GeV     100 events                                           
 ***** DATA CARD CONTENT     C                                                                               
 ***** DATA CARD CONTENT     C  EGS4 simulation: Particle Data Group - Phys.Rev.D 50-3 - August94            
 ***** DATA CARD CONTENT     C                                                                               
 ***** DATA CARD CONTENT     C                                                                               
 ***** DATA CARD CONTENT     MATE  5                                                                         
 ***** DATA CARD CONTENT     BINS  40 (nbZ)  20 (nbR)  0.5 (dZ/radl)   0.25 (dR/radl)                        
 ***** DATA CARD CONTENT     TRIG  100                                                                       
 ***** DATA CARD CONTENT     KINE  3 (Itype)    30. (Ekine)                                                  
 ***** DATA CARD CONTENT     DEBUG 10  5  10                                                                 
 ***** DATA CARD CONTENT     SWIT  0 (draw)  1 (save)                                                        
 ***** DATA CARD CONTENT     CUTS    10.0E-6 (cutgam)    10.0E-6 (cutele) 3*10.E-03 (cutneu/had/muo)         
 ***** DATA CARD CONTENT           2*18.4E-6 (bcute/m) 2*1.06E-3 (dcute/m)                                   
 ***** DATA CARD CONTENT     LOSS 1                                                                          
 ***** DATA CARD CONTENT     HADR 0                                                                          
 ***** DATA CARD CONTENT     ABAN 0                                                                          
 ***** DATA CARD CONTENT     TIME 2=1.                                                                       
 ***** DATA CARD CONTENT     END                                                                             


1************************************************************
 *                                                          *
 *    G E A N T  Version 3.2111      DATE/TIME 990318/1620  *
 *                                                          *
 *                      R U N      1                        *
 *                                                          *
 ************************************************************
 *                                                          *
 *      Data structure   Date   Time    GVERSN    ZVERSN    *
 *      --------------   ----   ----    ------    ------    *
 *                                                          *
 *           INIT       990318  1620    3.2111     3.77     *
 *                                                          *
 *           KINE       990318  1620    3.2111     3.77     *
 *                                                          *
 *           HITS       990318  1620    3.2111     3.77     *
 *                                                          *
 *           DIGI       990318  1620    3.2111     3.77     *
 *                                                          *
 *     Random number seeds:          9876        54321      *
 *     --------------------                                 *
 *                                                          *
 *----------------------------------------------------------*
 *                                                          *
 *              Standard TPAR for this run are              *
 *              ------------------------------              *
 *                                                          *
 *  CUTGAM= 10.00 keV  CUTELE= 10.00 keV  CUTNEU= 10.00 MeV *
 *  CUTHAD= 10.00 MeV  CUTMUO= 10.00 MeV                    *
 *  BCUTE = 18.40 keV  BCUTM = 18.40 keV                    *
 *  DCUTE =  1.06 MeV  DCUTM =  1.06 MeV  PPCUTM= 10.00 MeV *
 *  IPAIR =        1.  ICOMP =        1.  IPHOT =        1. *
 *  IPFIS =        0.  IDRAY =        1.  IANNI =        1. *
 *  IBREM =        1.  IHADR =        0.  IMUNU =        1. *
 *  IDCAY =        1.  ILOSS =        1.  IMULS =        1. *
 *  IRAYL =        0.  ILABS =        0.  ISYNC =        0. *
 *  ISTRA =        0.                                       *
 *                                                          *
 *                                                          *
 ************************************************************


0===================================================     MATERIALS      ==================================================
0MATERIAL                           A         Z     DENSITY  RADIAT L  ABSORP L NMIXT

        1 Air                     14.607     7.300     0.001 0.284E+05 0.808E+05   2     A      Z     W
                                                                                        14.01   7.00  0.700
                                                                                        16.00   8.00  0.300
        2 Water                   14.320     7.215     1.000 0.358E+02 0.949E+02   2     A      Z     W
                                                                                         1.01   1.00  0.112
                                                                                        16.00   8.00  0.888
        3 Ar Liquid               40.000    18.000     1.390 0.140E+02 0.840E+02   1
        4 Aluminium               26.980    13.000     2.700 0.890E+01 0.372E+02   1
        5 Iron                    55.850    26.000     7.870 0.176E+01 0.171E+02   1
        6 BGO                    155.392    62.524     7.100 0.112E+01 0.249E+02   3     A      Z     W
                                                                                        16.00   8.00  0.154
                                                                                        72.59  32.00  0.175
                                                                                       208.98  83.00  0.671
        7 PbWO                   170.865    68.360     8.280 0.893E+00 0.224E+02   3     A      Z     W
                                                                                        16.00   8.00  0.141
                                                                                       183.84  74.00  0.404
                                                                                       207.19  82.00  0.455
        8 Lead                   207.190    82.000    11.350 0.560E+00 0.185E+02   1
0===================================================   TRACKING MEDIA   ==================================================
0TMED                          MATERIAL ISVOL IFIELD  FIELDM  TMAXFD  STEMAX    DEEMAX   EPSIL   STMIN

      1 Absorber                   5       0     0      0.00   10.00 0.100E+11   0.250   0.001   0.014
0===================================================      VOLUMES       ==================================================
0VOLUME NAME  NUMED SHAPE NPAR  PARAMETERS

      1 ECAL    1   TUBE    3   0.000E+00 0.880E+01 0.176E+02
      2 RING    1   TUBE    3   0.000E+00 0.440E+00 0.176E+02
      3 SLAB    1   TUBE    3   0.000E+00 0.440E+00 0.440E+00

   Kine     Name          Type     Px         Py         Pz       Energy     Vorigin  Vgener
     1      ELECTRON        3     0.0000     0.0000    30.0005    30.0005     1.0000


 
1         **** NUMBER OF EVENTS PROCESSED =       100
          **** RANDOM NUMBER GENERATOR AFTER LAST COMPLETE EVENT     26523376   229019426
          **** TIME TO PROCESS ONE EVENT IS =    3.2588 SECONDS



               LATERAL PROFILE                                   CUMULATIVE LATERAL PROFILE

        Bin              Mean        rms                   Bin           Mean        rms

    0.00-> 0.50 radl:    0.07%       0.04%             0-> 0.50 radl:    0.07%       0.04%
    0.50-> 1.00 radl:    0.19%       0.11%             0-> 1.00 radl:    0.26%       0.13%
    1.00-> 1.50 radl:    0.45%       0.24%             0-> 1.50 radl:    0.72%       0.35%
    1.50-> 2.00 radl:    0.86%       0.40%             0-> 2.00 radl:    1.58%       0.72%
    2.00-> 2.50 radl:    1.40%       0.63%             0-> 2.50 radl:    2.98%       1.31%
    2.50-> 3.00 radl:    2.02%       0.84%             0-> 3.00 radl:    5.01%       2.09%
    3.00-> 3.50 radl:    2.76%       0.96%             0-> 3.50 radl:    7.76%       2.98%
    3.50-> 4.00 radl:    3.51%       1.16%             0-> 4.00 radl:   11.28%       4.04%
    4.00-> 4.50 radl:    4.23%       1.18%             0-> 4.50 radl:   15.51%       5.10%
    4.50-> 5.00 radl:    4.89%       1.24%             0-> 5.00 radl:   20.39%       6.16%
    5.00-> 5.50 radl:    5.27%       1.24%             0-> 5.50 radl:   25.67%       7.17%
    5.50-> 6.00 radl:    5.56%       1.20%             0-> 6.00 radl:   31.23%       8.10%
    6.00-> 6.50 radl:    5.69%       1.03%             0-> 6.50 radl:   36.92%       8.81%
    6.50-> 7.00 radl:    5.70%       0.92%             0-> 7.00 radl:   42.62%       9.29%
    7.00-> 7.50 radl:    5.70%       0.88%             0-> 7.50 radl:   48.31%       9.57%
    7.50-> 8.00 radl:    5.34%       0.87%             0-> 8.00 radl:   53.65%       9.76%
    8.00-> 8.50 radl:    5.02%       0.78%             0-> 8.50 radl:   58.67%       9.81%
    8.50-> 9.00 radl:    4.62%       0.75%             0-> 9.00 radl:   63.29%       9.67%
    9.00-> 9.50 radl:    4.24%       0.76%             0-> 9.50 radl:   67.54%       9.43%
    9.50->10.00 radl:    3.94%       0.74%             0->10.00 radl:   71.47%       9.11%
   10.00->10.50 radl:    3.55%       0.68%             0->10.50 radl:   75.02%       8.74%
   10.50->11.00 radl:    3.16%       0.73%             0->11.00 radl:   78.18%       8.25%
   11.00->11.50 radl:    2.81%       0.76%             0->11.50 radl:   80.99%       7.67%
   11.50->12.00 radl:    2.48%       0.74%             0->12.00 radl:   83.47%       7.09%
   12.00->12.50 radl:    2.19%       0.72%             0->12.50 radl:   85.65%       6.49%
   12.50->13.00 radl:    1.94%       0.72%             0->13.00 radl:   87.59%       5.84%
   13.00->13.50 radl:    1.67%       0.69%             0->13.50 radl:   89.26%       5.23%
   13.50->14.00 radl:    1.46%       0.63%             0->14.00 radl:   90.72%       4.65%
   14.00->14.50 radl:    1.30%       0.62%             0->14.50 radl:   92.02%       4.07%
   14.50->15.00 radl:    1.11%       0.59%             0->15.00 radl:   93.12%       3.52%
   15.00->15.50 radl:    0.96%       0.55%             0->15.50 radl:   94.08%       3.01%
   15.50->16.00 radl:    0.81%       0.49%             0->16.00 radl:   94.89%       2.55%
   16.00->16.50 radl:    0.68%       0.46%             0->16.50 radl:   95.57%       2.12%
   16.50->17.00 radl:    0.57%       0.37%             0->17.00 radl:   96.14%       1.78%
   17.00->17.50 radl:    0.48%       0.30%             0->17.50 radl:   96.62%       1.52%
   17.50->18.00 radl:    0.38%       0.30%             0->18.00 radl:   97.01%       1.25%
   18.00->18.50 radl:    0.31%       0.19%             0->18.50 radl:   97.32%       1.08%
   18.50->19.00 radl:    0.26%       0.19%             0->19.00 radl:   97.58%       0.92%
   19.00->19.50 radl:    0.22%       0.15%             0->19.50 radl:   97.80%       0.77%
   19.50->20.00 radl:    0.17%       0.13%             0->20.00 radl:   97.97%       0.67%



               RADIAL PROFILE                                   CUMULATIVE RADIAL PROFILE

        Bin              Mean        rms                   Bin           Mean        rms

    0.00-> 0.25 radl:   51.14%       1.26%             0-> 0.25 radl:   51.14%       1.26%
    0.25-> 0.50 radl:   17.98%       0.81%             0-> 0.50 radl:   69.13%       0.98%
    0.50-> 0.75 radl:    8.52%       0.51%             0-> 0.75 radl:   77.65%       0.90%
    0.75-> 1.00 radl:    5.00%       0.35%             0-> 1.00 radl:   82.65%       0.81%
    1.00-> 1.25 radl:    3.38%       0.30%             0-> 1.25 radl:   86.03%       0.71%
    1.25-> 1.50 radl:    2.47%       0.20%             0-> 1.50 radl:   88.50%       0.68%
    1.50-> 1.75 radl:    1.90%       0.20%             0-> 1.75 radl:   90.40%       0.64%
    1.75-> 2.00 radl:    1.51%       0.15%             0-> 2.00 radl:   91.91%       0.62%
    2.00-> 2.25 radl:    1.20%       0.12%             0-> 2.25 radl:   93.11%       0.64%
    2.25-> 2.50 radl:    0.97%       0.12%             0-> 2.50 radl:   94.08%       0.64%
    2.50-> 2.75 radl:    0.78%       0.10%             0-> 2.75 radl:   94.86%       0.65%
    2.75-> 3.00 radl:    0.64%       0.09%             0-> 3.00 radl:   95.50%       0.66%
    3.00-> 3.25 radl:    0.53%       0.07%             0-> 3.25 radl:   96.03%       0.66%
    3.25-> 3.50 radl:    0.45%       0.07%             0-> 3.50 radl:   96.48%       0.67%
    3.50-> 3.75 radl:    0.37%       0.06%             0-> 3.75 radl:   96.85%       0.67%
    3.75-> 4.00 radl:    0.31%       0.05%             0-> 4.00 radl:   97.16%       0.67%
    4.00-> 4.25 radl:    0.26%       0.04%             0-> 4.25 radl:   97.42%       0.68%
    4.25-> 4.50 radl:    0.22%       0.04%             0-> 4.50 radl:   97.64%       0.68%
    4.50-> 4.75 radl:    0.18%       0.04%             0-> 4.75 radl:   97.82%       0.68%
    4.75-> 5.00 radl:    0.15%       0.04%             0-> 5.00 radl:   97.97%       0.67%



                              SUMMARY

                         energy deposit :   97.97 % E0 +-    0.67 % E0
                         charged traklen: 1420.49 radl +-    9.76 radl
                         neutral traklen: ******* radl +-  339.45 radl
