
        ############################################
        !!! WARNING - FPE detection is activated !!!
        ############################################

*************************************************************
 Geant4 version Name: geant4-09-02-ref-03    (13-March-2009)
                      Copyright : Geant4 Collaboration
                      Reference : NIM A 506 (2003), 250-303
                            WWW : http://cern.ch/geant4
*************************************************************

/run/verbose 1
/testem/det/setMat G4_WATER
/testem/det/setSizeX 20 cm
/testem/det/setSizeYZ 20 cm
/testem/det/tallyMat G4_WATER
/testem/det/tallySize 2. 2. 2. mm
/testem/det/tallyPosition -9.9 0. 0. cm
/testem/det/tallyPosition -5. 0. 0. cm
/testem/det/tallyPosition 0. 0. 0. cm
/testem/det/tallyPosition 5. 0. 0. cm
/testem/phys/addPhysics emlivermore
/run/initialize

***** Table : Nb of materials = 5 *****

 Material:    Water     density:  1.000 g/cm3   RadL:  36.084 cm   Nucl.Int.Length:  75.424 cm   Imean:  75.000 eV 
   --->  Element: Hydrogen (H)   Z =  1.0   N =   1.0   A =   1.01 g/mole  ElmMassFraction:  11.19 %  ElmAbundance  66.67 %
   --->  Element: Oxygen (O)   Z =  8.0   N =  16.0   A =  16.00 g/mole  ElmMassFraction:  88.81 %  ElmAbundance  33.33 %

 Material:      Air     density:  1.290 mg/cm3  RadL: 285.161 m    Nucl.Int.Length: 662.680 m    Imean:  85.684 eV   temperature: 273.15 K  pressure:   1.00 atm
   --->  Element: Nitrogen (N)   Z =  7.0   N =  14.0   A =  14.01 g/mole  ElmMassFraction:  70.00 %  ElmAbundance  72.71 %
   --->  Element: Oxygen (O)   Z =  8.0   N =  16.0   A =  16.00 g/mole  ElmMassFraction:  30.00 %  ElmAbundance  27.29 %

 Material: TechVacuum     density:  0.010 kg/m3   RadL:  36.786 km   Nucl.Int.Length:  85.486 km   Imean:  85.684 eV   temperature: 273.15 K  pressure:   0.02 atm
   --->  Element: Nitrogen (N)   Z =  7.0   N =  14.0   A =  14.01 g/mole  ElmMassFraction:  70.00 %  ElmAbundance  72.71 %
   --->  Element: Oxygen (O)   Z =  8.0   N =  16.0   A =  16.00 g/mole  ElmMassFraction:  30.00 %  ElmAbundance  27.29 %

 Material: Galactic     density:  0.000 kg/m3   RadL: 204322111.300 pc   Nucl.Int.Length: 113728944.943 pc   Imean:  21.800 eV   temperature:   2.73 K  pressure:   0.00 atm
   --->  Element: Galactic ( )   Z =  1.0   N =   1.0   A =   1.01 g/mole  ElmMassFraction: 100.00 %  ElmAbundance 100.00 %

 Material: G4_WATER H_2O   density:  1.000 g/cm3   RadL:  36.083 cm   Nucl.Int.Length:  75.505 cm   Imean:  75.000 eV 
   --->  Element: H (H)   Z =  1.0   N =   1.0   A =   1.01 g/mole
   --->  Isotope:    H1   Z =  1   N =   1   A =   1.01 g/mole   abundance:  99.99 %
   --->  Isotope:    H2   Z =  1   N =   2   A =   2.01 g/mole   abundance:   0.01 %  ElmMassFraction:  11.19 %  ElmAbundance  66.67 %
   --->  Element: O (O)   Z =  8.0   N =  16.0   A =  16.00 g/mole
   --->  Isotope:   O16   Z =  8   N =  16   A =  15.99 g/mole   abundance:  99.76 %
   --->  Isotope:   O17   Z =  8   N =  17   A =  17.00 g/mole   abundance:   0.04 %
   --->  Isotope:   O18   Z =  8   N =  18   A =  18.00 g/mole   abundance:   0.20 %  ElmMassFraction:  88.81 %  ElmAbundance  33.33 %



---------------------------------------------------------
---> The Absorber is 20 cm  of G4_WATER

---------------------------------------------------------
---> There are 4 tallies : 2 2 2 mm  of G4_WATER  (mass : 8 mg)
tally 0: position = -9.9 0 0 cm 
tally 1: position = -5 0 0 cm 
tally 2: position = 0 0 0 fm 
tally 3: position = 5 0 0 cm 

---------------------------------------------------------
PhysicsList::SetCuts:CutLength : 1 mm 
/gun/particle proton
/gun/energy 160 MeV
/testem/gun/rndm 3 mm
/testem/event/printModulo 1000
/testem/stepMax 1 mm
/run/beamOn 10000
AugerTransitionTable complete
AugerTransitionTable complete
AugerTransitionTable complete
AugerTransitionTable complete
AugerTransitionTable complete
AugerTransitionTable complete
AugerTransitionTable complete
AugerTransitionTable complete
AugerTransitionTable complete
AugerTransitionTable complete
AugerTransitionTable complete
AugerTransitionTable complete
AugerTransitionTable complete
AugerTransitionTable complete
AugerTransitionTable complete
AugerTransitionTable complete
AugerTransitionTable complete
AugerTransitionTable complete
AugerTransitionTable complete
AugerTransitionTable complete
AugerTransitionTable complete
AugerTransitionTable complete
AugerTransitionTable complete
AugerTransitionTable complete
AugerTransitionTable complete
AugerTransitionTable complete
AugerTransitionTable complete
AugerTransitionTable complete
AugerTransitionTable complete
AugerTransitionTable complete
AugerTransitionTable complete
AugerTransitionTable complete
AugerTransitionTable complete
AugerTransitionTable complete
AugerTransitionTable complete
AugerTransitionTable complete
AugerTransitionTable complete
AugerTransitionTable complete
AugerTransitionTable complete
AugerTransitionTable complete
AugerTransitionTable complete
AugerTransitionTable complete
AugerTransitionTable complete
AugerTransitionTable complete
AugerTransitionTable complete
AugerTransitionTable complete
AugerTransitionTable complete
AugerTransitionTable complete
AugerTransitionTable complete
AugerTransitionTable complete
AugerTransitionTable complete
AugerTransitionTable complete
AugerTransitionTable complete
AugerTransitionTable complete
AugerTransitionTable complete
AugerTransitionTable complete
AugerTransitionTable complete
AugerTransitionTable complete
AugerTransitionTable complete
AugerTransitionTable complete
AugerTransitionTable complete
AugerTransitionTable complete
AugerTransitionTable complete
AugerTransitionTable complete
AugerTransitionTable complete
AugerTransitionTable complete
AugerTransitionTable complete
AugerTransitionTable complete
AugerTransitionTable complete
AugerTransitionTable complete
AugerTransitionTable complete
AugerTransitionTable complete
AugerTransitionTable complete
AugerTransitionTable complete
AugerTransitionTable complete
AugerTransitionTable complete
AugerTransitionTable complete
AugerTransitionTable complete
AugerTransitionTable complete
AugerTransitionTable complete
AugerTransitionTable complete
AugerTransitionTable complete
AugerTransitionTable complete
AugerTransitionTable complete
AugerTransitionTable complete
AugerTransitionTable complete
AugerTransitionTable complete
AugerTransitionTable complete
AugerTransitionTable complete
AugerTransitionTable complete
AugerTransitionTable complete
AugerTransitionTable complete
AugerTransitionTable complete
AugerTransitionTable complete

phot:   for  gamma    SubType= 12
      ===== EM models for the G4Region  DefaultRegionForTheWorld ======
 LivermorePhElectric :     Emin=          0 eV         Emax=   100 GeV
       PhotoElectric :     Emin=        100 GeV        Emax=   10 TeV

compt:   for  gamma    SubType= 13
      Lambda tables from 100 eV  to 10 TeV in 220 bins, spline: 1
      ===== EM models for the G4Region  DefaultRegionForTheWorld ======
    LivermoreCompton :     Emin=          0 eV         Emax=   100 GeV
       Klein-Nishina :     Emin=        100 GeV        Emax=   10 TeV

conv:   for  gamma    SubType= 14
      Lambda tables from 1.022 MeV to 10 TeV in 220 bins, spline: 1
      ===== EM models for the G4Region  DefaultRegionForTheWorld ======
 LivermoreConversion :     Emin=          0 eV         Emax=   100 GeV
       Bethe-Heitler :     Emin=        100 GeV        Emax=   10 TeV

Rayl:   for  gamma    SubType= 11
      Lambda tables from 100 eV  to 10 TeV in 200 bins, spline: 1
      ===== EM models for the G4Region  DefaultRegionForTheWorld ======
   LivermoreRayleigh :     Emin=          0 eV         Emax=   100 GeV

msc:   for e-    SubType= 10
      Lambda tables from 100 eV  to 10 TeV in 220 bins, spline: 1
      RangeFactor= 0.04, step limit type: 2, lateralDisplacement: 1, skin= 3, geomFactor= 2.5
      ===== EM models for the G4Region  DefaultRegionForTheWorld ======
        UrbanMscUni2 :     Emin=          0 eV         Emax=   100 TeV

eIoni:   for  e-    SubType= 2
      dE/dx and range tables from 100 eV  to 10 TeV in 220 bins
      Lambda tables from threshold to 10 TeV in 220 bins, spline: 1
      finalRange(mm)= 0.1, dRoverRange= 0.2, integral: 1, fluct: 1, linLossLimit= 0.01
      ===== EM models for the G4Region  DefaultRegionForTheWorld ======
       LowEnergyIoni :     Emin=          0 eV         Emax=   100 GeV
        MollerBhabha :     Emin=        100 GeV        Emax=   10 TeV

eBrem:   for  e-    SubType= 3
      dE/dx and range tables from 100 eV  to 10 TeV in 220 bins
      Lambda tables from threshold to 10 TeV in 220 bins, spline: 1
      LPM flag: 1 for E > 1 GeV
      ===== EM models for the G4Region  DefaultRegionForTheWorld ======
           LowEnBrem :     Emin=          0 eV         Emax=   100 GeV
            eBremRel :     Emin=        100 GeV        Emax=   10 TeV

eIoni:   for  e+    SubType= 2
      dE/dx and range tables from 100 eV  to 10 TeV in 220 bins
      Lambda tables from threshold to 10 TeV in 220 bins, spline: 1
      finalRange(mm)= 0.1, dRoverRange= 0.2, integral: 1, fluct: 1, linLossLimit= 0.01
      ===== EM models for the G4Region  DefaultRegionForTheWorld ======
        MollerBhabha :     Emin=          0 eV         Emax=   10 TeV

eBrem:   for  e+    SubType= 3
      dE/dx and range tables from 100 eV  to 10 TeV in 220 bins
      Lambda tables from threshold to 10 TeV in 220 bins, spline: 1
      LPM flag: 1 for E > 1 GeV
      ===== EM models for the G4Region  DefaultRegionForTheWorld ======
               eBrem :     Emin=          0 eV         Emax=   1 GeV
            eBremRel :     Emin=          1 GeV        Emax=   10 TeV

annihil:   for  e+    SubType= 5
      Lambda tables from 100 eV  to 10 TeV in 220 bins, spline: 1
      ===== EM models for the G4Region  DefaultRegionForTheWorld ======
            eplus2gg :     Emin=          0 eV         Emax=   10 TeV

msc:   for proton    SubType= 10
      Lambda tables from 100 eV  to 10 TeV in 220 bins, spline: 1
      RangeFactor= 0.2, step limit type: 0, lateralDisplacement: 1, skin= 3
      ===== EM models for the G4Region  DefaultRegionForTheWorld ======
       UrbanMscUni90 :     Emin=          0 eV         Emax=   100 TeV

hIoni:   for  proton    SubType= 2
      dE/dx and range tables from 100 eV  to 10 TeV in 220 bins
      Lambda tables from threshold to 10 TeV in 220 bins, spline: 1
      finalRange(mm)= 0.05, dRoverRange= 0.2, integral: 1, fluct: 1, linLossLimit= 0.01
      NuclearStopping= 1
      ===== EM models for the G4Region  DefaultRegionForTheWorld ======
               Bragg :     Emin=          0 eV         Emax=   2 MeV
          BetheBloch :     Emin=          2 MeV        Emax=   10 TeV

hBrems:   for  proton    SubType= 3
      dE/dx and range tables from 100 eV  to 10 TeV in 220 bins
      Lambda tables from threshold to 10 TeV in 220 bins, spline: 1
      ===== EM models for the G4Region  DefaultRegionForTheWorld ======
               hBrem :     Emin=          0 eV         Emax=   100 TeV

hPairProd:   for  proton    SubType= 4
      dE/dx and range tables from 100 eV  to 10 TeV in 220 bins
      Lambda tables from threshold to 10 TeV in 220 bins, spline: 1
      ===== EM models for the G4Region  DefaultRegionForTheWorld ======
           hPairProd :     Emin=          0 eV         Emax=   100 TeV

msc:   for GenericIon    SubType= 10
      RangeFactor= 0.2, step limit type: 0, lateralDisplacement: 0, skin= 3
      ===== EM models for the G4Region  DefaultRegionForTheWorld ======
       UrbanMscUni90 :     Emin=          0 eV         Emax=   100 TeV

ionIoni:   for  GenericIon    SubType= 2
      dE/dx and range tables from 100 eV  to 10 TeV in 220 bins
      Lambda tables from threshold to 10 TeV in 220 bins, spline: 1
      finalRange(mm)= 0.02, dRoverRange= 0.1, integral: 1, fluct: 1, linLossLimit= 0.15
      Stopping Power data for 16 ion/material pairs, nuclearStopping: 1
      ===== EM models for the G4Region  DefaultRegionForTheWorld ======
         ParamICRU73 :     Emin=          0 eV         Emax=   100 TeV

hIoni:   for  anti_proton    SubType= 2
      dE/dx and range tables from 100 eV  to 10 TeV in 220 bins
      Lambda tables from threshold to 10 TeV in 220 bins, spline: 1
      finalRange(mm)= 1, dRoverRange= 0.2, integral: 1, fluct: 1, linLossLimit= 0.01
      NuclearStopping= 1
      ===== EM models for the G4Region  DefaultRegionForTheWorld ======
               Bragg :     Emin=          0 eV         Emax=   2 MeV
          BetheBloch :     Emin=          2 MeV        Emax=   10 TeV

hIoni:   for  kaon+    SubType= 2
      dE/dx and range tables from 100 eV  to 10 TeV in 220 bins
      Lambda tables from threshold to 10 TeV in 220 bins, spline: 1
      finalRange(mm)= 1, dRoverRange= 0.2, integral: 1, fluct: 1, linLossLimit= 0.01
      NuclearStopping= 0
      ===== EM models for the G4Region  DefaultRegionForTheWorld ======
               Bragg :     Emin=          0 eV         Emax=   1.05231 MeV
          BetheBloch :     Emin=    1.05231 MeV        Emax=   10 TeV

hIoni:   for  kaon-    SubType= 2
      dE/dx and range tables from 100 eV  to 10 TeV in 220 bins
      Lambda tables from threshold to 10 TeV in 220 bins, spline: 1
      finalRange(mm)= 1, dRoverRange= 0.2, integral: 1, fluct: 1, linLossLimit= 0.01
      NuclearStopping= 0
      ===== EM models for the G4Region  DefaultRegionForTheWorld ======
               Bragg :     Emin=          0 eV         Emax=   1.05231 MeV
          BetheBloch :     Emin=    1.05231 MeV        Emax=   10 TeV

msc:   for mu+    SubType= 10
      Lambda tables from 100 eV  to 10 TeV in 220 bins, spline: 1
      RangeFactor= 0.04, step limit type: 1, lateralDisplacement: 1, skin= 3, geomFactor= 2.5
      ===== EM models for the G4Region  DefaultRegionForTheWorld ======
        UrbanMscUni2 :     Emin=          0 eV         Emax=   100 TeV

muIoni:   for  mu+    SubType= 2
      dE/dx and range tables from 100 eV  to 10 TeV in 220 bins
      Lambda tables from threshold to 10 TeV in 220 bins, spline: 1
      finalRange(mm)= 0.05, dRoverRange= 0.2, integral: 1, fluct: 1, linLossLimit= 0.01
      ===== EM models for the G4Region  DefaultRegionForTheWorld ======
               Bragg :     Emin=          0 eV         Emax=   200 keV
          BetheBloch :     Emin=        200 keV        Emax=   1 GeV
        MuBetheBloch :     Emin=          1 GeV        Emax=   10 TeV

muBrems:   for  mu+    SubType= 3
      dE/dx and range tables from 100 eV  to 10 TeV in 220 bins
      Lambda tables from threshold to 10 TeV in 220 bins, spline: 1
      ===== EM models for the G4Region  DefaultRegionForTheWorld ======
              MuBrem :     Emin=          0 eV         Emax=   10 TeV

muPairProd:   for  mu+    SubType= 4
      dE/dx and range tables from 100 eV  to 10 TeV in 220 bins
      Lambda tables from threshold to 10 TeV in 220 bins, spline: 1
      ===== EM models for the G4Region  DefaultRegionForTheWorld ======
          muPairProd :     Emin=          0 eV         Emax=   10 TeV

muIoni:   for  mu-    SubType= 2
      dE/dx and range tables from 100 eV  to 10 TeV in 220 bins
      Lambda tables from threshold to 10 TeV in 220 bins, spline: 1
      finalRange(mm)= 0.05, dRoverRange= 0.2, integral: 1, fluct: 1, linLossLimit= 0.01
      ===== EM models for the G4Region  DefaultRegionForTheWorld ======
               Bragg :     Emin=          0 eV         Emax=   200 keV
          BetheBloch :     Emin=        200 keV        Emax=   1 GeV
        MuBetheBloch :     Emin=          1 GeV        Emax=   10 TeV

muBrems:   for  mu-    SubType= 3
      dE/dx and range tables from 100 eV  to 10 TeV in 220 bins
      Lambda tables from threshold to 10 TeV in 220 bins, spline: 1
      ===== EM models for the G4Region  DefaultRegionForTheWorld ======
              MuBrem :     Emin=          0 eV         Emax=   10 TeV

muPairProd:   for  mu-    SubType= 4
      dE/dx and range tables from 100 eV  to 10 TeV in 220 bins
      Lambda tables from threshold to 10 TeV in 220 bins, spline: 1
      ===== EM models for the G4Region  DefaultRegionForTheWorld ======
          muPairProd :     Emin=          0 eV         Emax=   10 TeV

hIoni:   for  pi+    SubType= 2
      dE/dx and range tables from 100 eV  to 10 TeV in 220 bins
      Lambda tables from threshold to 10 TeV in 220 bins, spline: 1
      finalRange(mm)= 0.05, dRoverRange= 0.2, integral: 1, fluct: 1, linLossLimit= 0.01
      NuclearStopping= 0
      ===== EM models for the G4Region  DefaultRegionForTheWorld ======
               Bragg :     Emin=          0 eV         Emax=   297.504 keV
          BetheBloch :     Emin=    297.504 keV        Emax=   10 TeV

hBrems:   for  pi+    SubType= 3
      dE/dx and range tables from 100 eV  to 10 TeV in 220 bins
      Lambda tables from threshold to 10 TeV in 220 bins, spline: 1
      ===== EM models for the G4Region  DefaultRegionForTheWorld ======
               hBrem :     Emin=          0 eV         Emax=   100 TeV

hPairProd:   for  pi+    SubType= 4
      dE/dx and range tables from 100 eV  to 10 TeV in 220 bins
      Lambda tables from threshold to 10 TeV in 220 bins, spline: 1
      ===== EM models for the G4Region  DefaultRegionForTheWorld ======
           hPairProd :     Emin=          0 eV         Emax=   100 TeV

msc:   for pi-    SubType= 10
      Lambda tables from 100 eV  to 10 TeV in 220 bins, spline: 1
      RangeFactor= 0.2, step limit type: 0, lateralDisplacement: 1, skin= 3
      ===== EM models for the G4Region  DefaultRegionForTheWorld ======
       UrbanMscUni90 :     Emin=          0 eV         Emax=   100 TeV

hIoni:   for  pi-    SubType= 2
      dE/dx and range tables from 100 eV  to 10 TeV in 220 bins
      Lambda tables from threshold to 10 TeV in 220 bins, spline: 1
      finalRange(mm)= 0.05, dRoverRange= 0.2, integral: 1, fluct: 1, linLossLimit= 0.01
      NuclearStopping= 0
      ===== EM models for the G4Region  DefaultRegionForTheWorld ======
               Bragg :     Emin=          0 eV         Emax=   297.504 keV
          BetheBloch :     Emin=    297.504 keV        Emax=   10 TeV

hBrems:   for  pi-    SubType= 3
      dE/dx and range tables from 100 eV  to 10 TeV in 220 bins
      Lambda tables from threshold to 10 TeV in 220 bins, spline: 1
      ===== EM models for the G4Region  DefaultRegionForTheWorld ======
               hBrem :     Emin=          0 eV         Emax=   100 TeV

hPairProd:   for  pi-    SubType= 4
      dE/dx and range tables from 100 eV  to 10 TeV in 220 bins
      Lambda tables from threshold to 10 TeV in 220 bins, spline: 1
      ===== EM models for the G4Region  DefaultRegionForTheWorld ======
           hPairProd :     Emin=          0 eV         Emax=   100 TeV

========= Table of registered couples ==============================

Index : 0     used in the geometry : Yes     recalculation needed : No 
 Material : Galactic
 Range cuts        :  gamma 1 mm     e- 1 mm     e+ 1 mm 
 Energy thresholds :  gamma 990 eV     e- 990 eV     e+ 990 eV 
 Region(s) which use this couple : 
    DefaultRegionForTheWorld

Index : 1     used in the geometry : Yes     recalculation needed : No 
 Material : G4_WATER
 Range cuts        :  gamma 1 mm     e- 1 mm     e+ 1 mm 
 Energy thresholds :  gamma 2.90186 keV    e- 347.138 keV    e+ 338.695 keV
 Region(s) which use this couple : 
    DefaultRegionForTheWorld

====================================================================

### Run 0 start.

--------- Ranecu engine status ---------
 Initial seed (index) = 0
 Current couple of seeds = 9876, 54321
----------------------------------------
Start Run processing.

---> Begin of Event: 0
