**********************************************
 Geant4 version $Name: not supported by cvs2svn $
                                  (07-Dec-99)
             Copyright : Geant4 Collaboration
**********************************************
Constructing Visualization Manager....
Initialising Visualization Manager....
Registering graphics systems....

***** Table : Nb of materials = 16 *****

 Material: Beryllium     density:  1.848 g/cm3   temperature: 273.15 K  pressure:   1.00 atm  RadLength:  35.267 cm 
   --->  Element: Beryllium      Z =  4.0   N =   9.0   A =   9.01 g/mole  fractionMass: 100.00 %  Abundance 100.00 %

 Material: Aluminium     density:  2.700 g/cm3   temperature: 273.15 K  pressure:   1.00 atm  RadLength:   8.893 cm 
   --->  Element: Aluminium      Z = 13.0   N =  27.0   A =  26.98 g/mole  fractionMass: 100.00 %  Abundance 100.00 %

 Material:  Silicon     density:  2.330 g/cm3   temperature: 273.15 K  pressure:   1.00 atm  RadLength:   9.368 cm 
   --->  Element:  Silicon      Z = 14.0   N =  28.1   A =  28.09 g/mole  fractionMass: 100.00 %  Abundance 100.00 %

 Material: liquidArgon     density:  1.390 g/cm3   temperature: 273.15 K  pressure:   1.00 atm  RadLength:  14.065 cm 
   --->  Element:    Argon Ar   Z = 18.0   N =  40.0   A =  39.95 g/mole  fractionMass: 100.00 %  Abundance 100.00 %

 Material:     Iron     density:  7.870 g/cm3   temperature: 273.15 K  pressure:   1.00 atm  RadLength:   1.759 cm 
   --->  Element:     Iron      Z = 26.0   N =  55.9   A =  55.85 g/mole  fractionMass: 100.00 %  Abundance 100.00 %

 Material:   Copper     density:  8.960 g/cm3   temperature: 273.15 K  pressure:   1.00 atm  RadLength:   1.436 cm 
   --->  Element:   Copper      Z = 29.0   N =  63.5   A =  63.55 g/mole  fractionMass: 100.00 %  Abundance 100.00 %

 Material:     Gold     density: 19.320 g/cm3   temperature: 273.15 K  pressure:   1.00 atm  RadLength:   3.344 mm 
   --->  Element:     Gold      Z = 79.0   N = 197.0   A = 196.97 g/mole  fractionMass: 100.00 %  Abundance 100.00 %

 Material:     Lead     density: 11.350 g/cm3   temperature: 273.15 K  pressure:   1.00 atm  RadLength:   5.612 mm 
   --->  Element:     Lead      Z = 82.0   N = 207.2   A = 207.19 g/mole  fractionMass: 100.00 %  Abundance 100.00 %

 Material: XenonGas     density:  5.858 mg/cm3  temperature: 273.15 K  pressure:   1.00 atm  RadLength:  14.478 m  
   --->  Element:    Xenon Xe   Z = 54.0   N = 131.3   A = 131.29 g/mole  fractionMass: 100.00 %  Abundance 100.00 %

 Material:    Water     density:  1.000 g/cm3   temperature: 273.15 K  pressure:   1.00 atm  RadLength:  36.092 cm 
   --->  Element: Hydrogen  H   Z =  1.0   N =   1.0   A =   1.01 g/mole  fractionMass:  11.21 %  Abundance  66.67 %
   --->  Element:   Oxygen  O   Z =  8.0   N =  16.0   A =  16.00 g/mole  fractionMass:  88.79 %  Abundance  33.33 %

 Material:      Air     density:  1.290 mg/cm3  temperature: 273.15 K  pressure:   1.00 atm  RadLength: 285.161 m  
   --->  Element: Nitrogen  N   Z =  7.0   N =  14.0   A =  14.01 g/mole  fractionMass:  70.00 %  Abundance  72.71 %
   --->  Element:   Oxygen  O   Z =  8.0   N =  16.0   A =  16.00 g/mole  fractionMass:  30.00 %  Abundance  27.29 %

 Material: CarbonicGas     density:  1.977 mg/cm3  temperature: 273.15 K  pressure:   1.00 atm  RadLength: 183.083 m  
   --->  Element:   Carbon  C   Z =  6.0   N =  12.0   A =  12.01 g/mole  fractionMass:  27.29 %  Abundance  33.33 %
   --->  Element:   Oxygen  O   Z =  8.0   N =  16.0   A =  16.00 g/mole  fractionMass:  72.71 %  Abundance  66.67 %

 Material: ArgonCO2     density:  1.822 mg/cm3  temperature: 273.15 K  pressure:   1.00 atm  RadLength: 119.089 m  
   --->  Element:    Argon Ar   Z = 18.0   N =  40.0   A =  39.95 g/mole  fractionMass:  78.44 %  Abundance  57.19 %
   --->  Element:   Carbon  C   Z =  6.0   N =  12.0   A =  12.01 g/mole  fractionMass:   5.88 %  Abundance  14.27 %
   --->  Element:   Oxygen  O   Z =  8.0   N =  16.0   A =  16.00 g/mole  fractionMass:  15.68 %  Abundance  28.54 %

 Material: NewArgonCO2     density:  1.822 mg/cm3  temperature: 273.15 K  pressure:   1.00 atm  RadLength: 119.110 m  
   --->  Element:    Argon Ar   Z = 18.0   N =  40.0   A =  39.95 g/mole  fractionMass:  78.41 %  Abundance  57.14 %
   --->  Element:   Carbon  C   Z =  6.0   N =  12.0   A =  12.01 g/mole  fractionMass:   5.89 %  Abundance  14.29 %
   --->  Element:   Oxygen  O   Z =  8.0   N =  16.0   A =  16.00 g/mole  fractionMass:  15.70 %  Abundance  28.57 %

 Material: XenonMethanePropane     density:  1.920 mg/cm3  temperature: 293.15 K  pressure:   1.00 atm  RadLength:  45.245 m  
   --->  Element:    Xenon Xe   Z = 54.0   N = 131.3   A = 131.29 g/mole  fractionMass:  97.12 %  Abundance  48.61 %
   --->  Element:   Carbon  C   Z =  6.0   N =  12.0   A =  12.01 g/mole  fractionMass:   2.28 %  Abundance  12.50 %
   --->  Element: Hydrogen  H   Z =  1.0   N =   1.0   A =   1.01 g/mole  fractionMass:   0.60 %  Abundance  38.89 %

 Material: Galactic     density:  0.000 mg/cm3  temperature:   2.73 K  pressure:   0.00 atm  RadLength: 6317232936888469300000.000 km 
   --->  Element: Galactic      Z =  1.0   N =   1.0   A =   1.01 g/mole  fractionMass: 100.00 %  Abundance 100.00 %

         
===================================================
#
# Macro file for the initialization phase of "TestEm5.cc"
#
# It creates the default geometry (simple absorber box )        
#
/run/verbose 2
#
/calor/setAbsMat NewArgonCO2   

 The  WORLD   is made of 1.5 cm  of Galactic. The transverse size (YZ) of the world is 2.4 cm 
 The ABSORBER is made of 1 cm  of NewArgonCO2. The transverse size (YZ) is 2 cm 
 X position of the middle of the absorber 0 fm 
/calor/setAbsThick 15 mm  
/calor/setAbsYZ    60 mm
/calor/update

 The  WORLD   is made of 2.2 cm  of Galactic. The transverse size (YZ) of the world is 7.2 cm 
 The ABSORBER is made of 1.5 cm  of NewArgonCO2. The transverse size (YZ) is 6 cm 
 X position of the middle of the absorber 0 fm 
/gun/setDefault
#
#
#  hist file name
/plots/sethistName run17e.10cm.paw
 hist file = run17e.10cm.paw
#  PLOT: energy deposit distribution in XenonGas
/plots/setnbinEn 60
 Nb of bins in Edep plot = 60
/plots/setEnlow   0. keV
 Elow  in the  Edep plot = 0
/plots/setEnhigh  6. keV  
 Ehigh in the  Edep plot = 0.006
#
/calor/cutG 100. mm    
/calor/cutE 100. mm
/run/initialize
physicsList->setCut() start.
Em5PhysicsList::SetCuts:CutLength : 1 mm 
******** SetCuts for gamma ********************
The maximal meaningful cut is 63 mm.
All the gammawill be killed !
in the material Gold.
Error in G4ParticleWithCuts::ConvertCutToKineticEnergy
******** ConvertCutToKineticEnergy for gamma ********************
The cut energy is set 1.8e+305GeV 

phot:  Total cross sections from a parametrisation. Good description from 10 KeV to 50 MeV for all Z
        Sandia crossSection below 50 KeV
       PhysicsTables from 50 keV to 50 MeV in 100 bins. 

compt:  Total cross sections from a parametrisation. Good description from 10 KeV to (100/Z) GeV. 
        Scattered gamma energy according Klein-Nishina.
        PhysicsTables from 10 keV to 1e+02 GeV in 100 bins. 

conv:  Total cross sections from a parametrisation. Good description from 1.5 MeV to 100 GeV for all Z. 
        e+e- energies according Bethe-Heitler
        PhysicsTables from 1 MeV to 1e+02 GeV in 100 bins. 

msc:   Tables of transport mean free paths.
          New model of MSC , computes the lateral 
          displacement of the particle , too.
        PhysicsTables from 1e+02 eV  to 1e+02 TeV in 100 bins. 

eIoni:  delta cross sections from Moller+Bhabha. Good description from 1 KeV to 100 GeV.
        delta ray energy sampled from  differential Xsection.
        PhysicsTables from 1 keV to 1e+02 TeV in 100 bins. 

eBrem:  Total cross sections from a parametrisation. Good description from 1 KeV to 100 GeV.
        log scale extrapolation above 100 GeV 
        Gamma energy sampled from a parametrised formula.
        PhysicsTables from 1 keV to 1e+02 TeV in 100 bins. 

annihil:  Total cross section from Heilter formula (annihilation into 2 photons).
        gamma energies sampled according Heitler
        PhysicsTables from 10 keV to 10 TeV in 100 bins. 

msc:   Tables of transport mean free paths.
          New model of MSC , computes the lateral 
          displacement of the particle , too.
        PhysicsTables from 1e+02 eV  to 1e+02 TeV in 100 bins. 

MuIoni:  knock-on electron cross sections .
          Good description above the mean excitation energy.
         delta ray energy sampled from  differential Xsection.
      PhysicsTables from 1 keV to 1e+03 PeV in 100 bins. 

MuBrems:  theoretical cross section 
          Good description up to 1000 TeV.
    PhysicsTables from 1 GeV to 1e+03 PeV in 100 bins. 

MuPairProd:  theoretical cross sections 
          Good description up to 1000 TeV.
    PhysicsTables from 1 GeV to 1e+03 PeV in 50 bins. 

msc:   Tables of transport mean free paths.
          New model of MSC , computes the lateral 
          displacement of the particle , too.
        PhysicsTables from 1e+02 eV  to 1e+02 TeV in 100 bins. 

hIoni:    Knock-on electron cross sections . 
         Good description above the mean excitation energy.
         delta ray energy sampled from  differential Xsection.
        PhysicsTables from 1 keV to 1e+02 TeV in 150 bins. 
============= The cut Energy ==============================
                            gamma              e-             mu-          proton         neutron    
Cut in range                 10 cm           10 cm            1 mm            1 mm             
Cut in energy
          Beryllium        19.6 keV        36.4 MeV        4.28 MeV        11.5 MeV            
          Aluminium        79.1 keV        56.7 MeV        5.02 MeV        13.1 MeV            
            Silicon        73.3 keV        50.2 MeV        4.72 MeV        12.2 MeV            
        liquidArgon        56.6 keV        24.6 MeV        3.24 MeV        8.32 MeV            
               Iron         626 keV         209 MeV        8.52 MeV          22 MeV            
             Copper         850 keV         249 MeV        8.95 MeV          23 MeV            
               Gold   2.88e+295 J          1.74 GeV        11.7 MeV        29.2 MeV            
               Lead        2.25 MeV         438 MeV        8.52 MeV        20.9 MeV            
           XenonGas        10.7 keV         168 keV        85.3 keV         104 keV            
              Water        24.9 keV        23.1 MeV        3.39 MeV        8.95 MeV            
                Air        1.23 keV        89.6 keV        48.4 keV        83.2 keV            
        CarbonicGas        1.49 keV         116 keV        67.5 keV         136 keV            
           ArgonCO2        2.12 keV        98.9 keV        54.1 keV        73.6 keV            
        NewArgonCO2        2.12 keV        98.9 keV        54.1 keV        75.4 keV            
 XenonMethanePropane        5.32 keV        86.4 keV        40.8 keV        22.6 keV            
           Galactic         990 eV          990 eV          990 eV          990 eV             
===================================================
#
#/gun/particle proton 
#/gun/energy 24 GeV
/gun/particle e- 
/gun/energy 25 GeV
/event/printModulo 1000
#
/run/beamOn 100000
### Run 0 start.

--------- Ranecu engine status ---------
 Initial seed (index) = 0
 Current couple of seeds = 9876, 54321
----------------------------------------
Start closing geometry.
Start Run processing.

Run terminated.
Run Summary
  Number of events processed : 100000
  User=43s Real=59s Sys=3.6s
  
 ================== run summary =====================
 end of Run TotNbofEvents = 100000
    mean charged track length   in absorber=15.0491 +- 0.00471279  mm  

            mean energy deposit in absorber=0.00498561 +- 1.79365e-05  MeV 

 mean number of steps in absorber (charged) =1.00667 +- 0.000414071      
 mean number of steps in absorber (neutral) =0.0018 +- 0.000134043      

   mean number of charged secondaries = 0.00189 +- 0.000137347

   mean number of neutral secondaries = 0.0018 +- 0.000134043

   mean number of e-s =0.00189  and e+s =0

(number) transmission coeff=1  reflection coeff=0.50217

 energy deposit distribution 
#entries=100000    #underflows=0    #overflows=17403
 bin nb      Elow      entries     normalized 
    0         0           0           0
    1    0.0001           0           0
    2    0.0002           0           0
    3    0.0003           0           0
    4    0.0004           0           0
    5    0.0005           0           0
    6    0.0006           3         0.3
    7    0.0007           9         0.9
    8    0.0008          13         1.3
    9    0.0009          12         1.2
   10     0.001          24         2.4
   11    0.0011          49         4.9
   12    0.0012          73         7.3
   13    0.0013         123        12.3
   14    0.0014         171        17.1
   15    0.0015         269        26.9
   16    0.0016         349        34.9
   17    0.0017         549        54.9
   18    0.0018         687        68.7
   19    0.0019         926        92.6
   20     0.002        1143       114.3
   21    0.0021        1423       142.3
   22    0.0022        1682       168.2
   23    0.0023        1952       195.2
   24    0.0024        2401       240.1
   25    0.0025        2634       263.4
   26    0.0026        2923       292.3
   27    0.0027        3205       320.5
   28    0.0028        3337       333.7
   29    0.0029        3263       326.3
   30     0.003        3552       355.2
   31    0.0031        3481       348.1
   32    0.0032        3393       339.3
   33    0.0033        3305       330.5
   34    0.0034        3222       322.2
   35    0.0035        2916       291.6
   36    0.0036        2780         278
   37    0.0037        2605       260.5
   38    0.0038        2474       247.4
   39    0.0039        2219       221.9
   40     0.004        2058       205.8
   41    0.0041        1860         186
   42    0.0042        1761       176.1
   43    0.0043        1587       158.7
   44    0.0044        1505       150.5
   45    0.0045        1390         139
   46    0.0046        1313       131.3
   47    0.0047        1310         131
   48    0.0048        1307       130.7
   49    0.0049        1184       118.4
   50     0.005        1230         123
   51    0.0051        1173       117.3
   52    0.0052        1034       103.4
   53    0.0053        1087       108.7
   54    0.0054        1019       101.9
   55    0.0055         979        97.9
   56    0.0056         982        98.2
   57    0.0057         964        96.4
   58    0.0058         837        83.7
   59    0.0059         850          85

 Emp =           0.003   width=         0.0018  MeV 


--------- Ranecu engine status ---------
 Initial seed (index) = 0
 Current couple of seeds = 765413921, 1304130378
----------------------------------------
