
        ############################################
        !!! WARNING - FPE detection is activated !!!
        ############################################

*************************************************************
 Geant4 version Name: geant4-09-04-ref-00    (17-December-2010)
                      Copyright : Geant4 Collaboration
                      Reference : NIM A 506 (2003), 250-303
                            WWW : http://cern.ch/geant4
*************************************************************

SimpleBox is now made of Pb
PreInit> #
PreInit> # Auto-generated test input file for test21 hadronics.
PreInit> #
PreInit> PreInit> # /run/verbose 2
PreInit> /run/setCut 1 m
PreInit> /run/initialize
Tst21PhysicsList::SetCuts:CutLength : 1000 (mm)
Idle> /gun/direction 1 0 0
Idle> #
Idle> # proton at 100 GeV in Pb
Idle> #
Idle> /gun/particle proton
Idle> /gun/energy 100 GeV
Idle> /mydet/SelectMaterial Pb
SimpleBox is now made of Pb
Idle> /run/beamOn 100

conv:   for  gamma    SubType= 14
      Lambda tables from 1.022 MeV to 10 TeV in 77 bins, spline: 1
      ===== EM models for the G4Region  DefaultRegionForTheWorld ======
        BetheHeitler :   Emin=        0 eV       Emax=         10 TeV

compt:   for  gamma    SubType= 13
      Lambda tables from 100 eV  to 10 TeV in 77 bins, spline: 1
      ===== EM models for the G4Region  DefaultRegionForTheWorld ======
       Klein-Nishina :   Emin=        0 eV       Emax=         10 TeV

phot:   for  gamma    SubType= 12
      ===== EM models for the G4Region  DefaultRegionForTheWorld ======
       PhotoElectric :   Emin=        0 eV       Emax=         10 TeV

msc:   for e-    SubType= 10
      Lambda tables from 100 eV  to 10 TeV in 77 bins, spline: 1
      RangeFactor= 0.04, stepLimitType: 1, latDisplacement: 1
      ===== EM models for the G4Region  DefaultRegionForTheWorld ======
          UrbanMsc93 :   Emin=        0 eV       Emax=         10 TeV

eIoni:   for  e-    SubType= 2
      dE/dx and range tables from 100 eV  to 10 TeV in 77 bins
      Lambda tables from threshold to 10 TeV in 77 bins, spline: 1
      finalRange(mm)= 1, dRoverRange= 0.2, integral: 1, fluct: 1, linLossLimit= 0.01
      ===== EM models for the G4Region  DefaultRegionForTheWorld ======
        MollerBhabha :   Emin=        0 eV       Emax=         10 TeV

eBrem:   for  e-    SubType= 3
      dE/dx and range tables from 100 eV  to 10 TeV in 77 bins
      Lambda tables from threshold to 10 TeV in 77 bins, spline: 1
      LPM flag: 1 for E > 1 GeV
      ===== EM models for the G4Region  DefaultRegionForTheWorld ======
               eBrem :   Emin=        0 eV       Emax=          1 GeV  AngularGenUrban
            eBremLPM :   Emin=        1 GeV      Emax=         10 TeV  AngularGenUrban

eIoni:   for  e+    SubType= 2
      dE/dx and range tables from 100 eV  to 10 TeV in 77 bins
      Lambda tables from threshold to 10 TeV in 77 bins, spline: 1
      finalRange(mm)= 1, dRoverRange= 0.2, integral: 1, fluct: 1, linLossLimit= 0.01
      ===== EM models for the G4Region  DefaultRegionForTheWorld ======
        MollerBhabha :   Emin=        0 eV       Emax=         10 TeV

eBrem:   for  e+    SubType= 3
      dE/dx and range tables from 100 eV  to 10 TeV in 77 bins
      Lambda tables from threshold to 10 TeV in 77 bins, spline: 1
      LPM flag: 1 for E > 1 GeV
      ===== EM models for the G4Region  DefaultRegionForTheWorld ======
               eBrem :   Emin=        0 eV       Emax=          1 GeV  AngularGenUrban
            eBremLPM :   Emin=        1 GeV      Emax=         10 TeV  AngularGenUrban

annihil:   for  e+    SubType= 5
      Lambda tables from 100 eV  to 10 TeV in 77 bins, spline: 1
      ===== EM models for the G4Region  DefaultRegionForTheWorld ======
            eplus2gg :   Emin=        0 eV       Emax=         10 TeV

msc:   for proton    SubType= 10
      Lambda tables from 100 eV  to 10 TeV in 77 bins, spline: 1
      RangeFactor= 0.2, stepLimitType: 0, latDisplacement: 1
      ===== EM models for the G4Region  DefaultRegionForTheWorld ======
          UrbanMsc90 :   Emin=        0 eV       Emax=         10 TeV

hIoni:   for  proton    SubType= 2
      dE/dx and range tables from 100 eV  to 10 TeV in 77 bins
      Lambda tables from threshold to 10 TeV in 77 bins, spline: 1
      finalRange(mm)= 1, dRoverRange= 0.2, integral: 1, fluct: 1, linLossLimit= 0.01
      ===== EM models for the G4Region  DefaultRegionForTheWorld ======
               Bragg :   Emin=        0 eV       Emax=          2 MeV
          BetheBloch :   Emin=        2 MeV      Emax=         10 TeV

msc:   for GenericIon    SubType= 10
      RangeFactor= 0.2, stepLimitType: 0, latDisplacement: 0
      ===== EM models for the G4Region  DefaultRegionForTheWorld ======
          UrbanMsc90 :   Emin=        0 eV       Emax=         10 TeV

hIoni:   for  anti_proton    SubType= 2
      dE/dx and range tables from 100 eV  to 10 TeV in 77 bins
      Lambda tables from threshold to 10 TeV in 77 bins, spline: 1
      finalRange(mm)= 1, dRoverRange= 0.2, integral: 1, fluct: 1, linLossLimit= 0.01
      ===== EM models for the G4Region  DefaultRegionForTheWorld ======
            ICRU73QO :   Emin=        0 eV       Emax=          2 MeV
          BetheBloch :   Emin=        2 MeV      Emax=         10 TeV

msc:   for kaon+    SubType= 10
      Lambda tables from 100 eV  to 10 TeV in 77 bins, spline: 1
      RangeFactor= 0.2, stepLimitType: 0, latDisplacement: 1
      ===== EM models for the G4Region  DefaultRegionForTheWorld ======
          UrbanMsc90 :   Emin=        0 eV       Emax=         10 TeV

hIoni:   for  kaon+    SubType= 2
      dE/dx and range tables from 100 eV  to 10 TeV in 77 bins
      Lambda tables from threshold to 10 TeV in 77 bins, spline: 1
      finalRange(mm)= 1, dRoverRange= 0.2, integral: 1, fluct: 1, linLossLimit= 0.01
      ===== EM models for the G4Region  DefaultRegionForTheWorld ======
               Bragg :   Emin=        0 eV       Emax=    1.05231 MeV
          BetheBloch :   Emin=  1.05231 MeV      Emax=         10 TeV

hIoni:   for  kaon-    SubType= 2
      dE/dx and range tables from 100 eV  to 10 TeV in 77 bins
      Lambda tables from threshold to 10 TeV in 77 bins, spline: 1
      finalRange(mm)= 1, dRoverRange= 0.2, integral: 1, fluct: 1, linLossLimit= 0.01
      ===== EM models for the G4Region  DefaultRegionForTheWorld ======
            ICRU73QO :   Emin=        0 eV       Emax=    1.05231 MeV
          BetheBloch :   Emin=  1.05231 MeV      Emax=         10 TeV

muMsc:   for mu+    SubType= 10
      Lambda tables from 100 eV  to 10 TeV in 77 bins, spline: 1
      RangeFactor= 0.2, step limit type: 0, lateralDisplacement: 1, polarAngleLimit(deg)= 0
      ===== EM models for the G4Region  DefaultRegionForTheWorld ======
          UrbanMsc90 :   Emin=        0 eV       Emax=         10 TeV

muIoni:   for  mu+    SubType= 2
      dE/dx and range tables from 100 eV  to 10 TeV in 77 bins
      Lambda tables from threshold to 10 TeV in 77 bins, spline: 1
      finalRange(mm)= 1, dRoverRange= 0.2, integral: 1, fluct: 1, linLossLimit= 0.01
      ===== EM models for the G4Region  DefaultRegionForTheWorld ======
               Bragg :   Emin=        0 eV       Emax=        200 keV
          BetheBloch :   Emin=      200 keV      Emax=          1 GeV
        MuBetheBloch :   Emin=        1 GeV      Emax=         10 TeV

muBrems:   for  mu+    SubType= 3
      dE/dx and range tables from 100 eV  to 10 TeV in 77 bins
      Lambda tables from threshold to 10 TeV in 77 bins, spline: 1
      ===== EM models for the G4Region  DefaultRegionForTheWorld ======
              MuBrem :   Emin=        0 eV       Emax=         10 TeV

muPairProd:   for  mu+    SubType= 4
      dE/dx and range tables from 100 eV  to 10 TeV in 77 bins
      Lambda tables from threshold to 10 TeV in 77 bins, spline: 1
      ===== EM models for the G4Region  DefaultRegionForTheWorld ======
          muPairProd :   Emin=        0 eV       Emax=         10 TeV

muIoni:   for  mu-    SubType= 2
      dE/dx and range tables from 100 eV  to 10 TeV in 77 bins
      Lambda tables from threshold to 10 TeV in 77 bins, spline: 1
      finalRange(mm)= 1, dRoverRange= 0.2, integral: 1, fluct: 1, linLossLimit= 0.01
      ===== EM models for the G4Region  DefaultRegionForTheWorld ======
            ICRU73QO :   Emin=        0 eV       Emax=        200 keV
          BetheBloch :   Emin=      200 keV      Emax=          1 GeV
        MuBetheBloch :   Emin=        1 GeV      Emax=         10 TeV

muBrems:   for  mu-    SubType= 3
      dE/dx and range tables from 100 eV  to 10 TeV in 77 bins
      Lambda tables from threshold to 10 TeV in 77 bins, spline: 1
      ===== EM models for the G4Region  DefaultRegionForTheWorld ======
              MuBrem :   Emin=        0 eV       Emax=         10 TeV

muPairProd:   for  mu-    SubType= 4
      dE/dx and range tables from 100 eV  to 10 TeV in 77 bins
      Lambda tables from threshold to 10 TeV in 77 bins, spline: 1
      ===== EM models for the G4Region  DefaultRegionForTheWorld ======
          muPairProd :   Emin=        0 eV       Emax=         10 TeV

hIoni:   for  pi+    SubType= 2
      dE/dx and range tables from 100 eV  to 10 TeV in 77 bins
      Lambda tables from threshold to 10 TeV in 77 bins, spline: 1
      finalRange(mm)= 1, dRoverRange= 0.2, integral: 1, fluct: 1, linLossLimit= 0.01
      ===== EM models for the G4Region  DefaultRegionForTheWorld ======
               Bragg :   Emin=        0 eV       Emax=    297.505 keV
          BetheBloch :   Emin=  297.505 keV      Emax=         10 TeV

msc:   for pi-    SubType= 10
      Lambda tables from 100 eV  to 10 TeV in 77 bins, spline: 1
      RangeFactor= 0.2, stepLimitType: 0, latDisplacement: 1
      ===== EM models for the G4Region  DefaultRegionForTheWorld ======
          UrbanMsc90 :   Emin=        0 eV       Emax=         10 TeV

hIoni:   for  pi-    SubType= 2
      dE/dx and range tables from 100 eV  to 10 TeV in 77 bins
      Lambda tables from threshold to 10 TeV in 77 bins, spline: 1
      finalRange(mm)= 1, dRoverRange= 0.2, integral: 1, fluct: 1, linLossLimit= 0.01
      ===== EM models for the G4Region  DefaultRegionForTheWorld ======
            ICRU73QO :   Emin=        0 eV       Emax=    297.505 keV
          BetheBloch :   Emin=  297.505 keV      Emax=         10 TeV
============================================================================================
             HADRONIC PROCESSES SUMMARY (verbose level 1)

                     Hadronic Processes for <anti_neutron>
       HadronElastic  Models:                G4LElastic: Emin(GeV)=     0  Emax(GeV)= 1.79769e+305
           inelastic  Models:  G4LEAntiNeutronInelastic: Emin(GeV)=     0  Emax(GeV)= 25
                               G4HEAntiNeutronInelastic: Emin(GeV)=    20  Emax(GeV)= 10000

                     Hadronic Processes for <anti_proton>
       HadronElastic  Models:                G4LElastic: Emin(GeV)=     0  Emax(GeV)= 1.79769e+305
           inelastic  Models:   G4LEAntiProtonInelastic: Emin(GeV)=     0  Emax(GeV)= 25
                                G4HEAntiProtonInelastic: Emin(GeV)=    20  Emax(GeV)= 10000

                     Hadronic Processes for <kaon+>
       HadronElastic  Models:                G4LElastic: Emin(GeV)=     0  Emax(GeV)= 1.79769e+305
           inelastic  Models:     G4LEKaonPlusInelastic: Emin(GeV)=     0  Emax(GeV)= 25
                                        TheoFSGenerator: Emin(GeV)=    19  Emax(GeV)= 100000

                     Hadronic Processes for <kaon->
       HadronElastic  Models:                G4LElastic: Emin(GeV)=     0  Emax(GeV)= 1.79769e+305
           inelastic  Models:    G4LEKaonMinusInelastic: Emin(GeV)=     0  Emax(GeV)= 25
                                        TheoFSGenerator: Emin(GeV)=    19  Emax(GeV)= 100000

                     Hadronic Processes for <lambda>
       HadronElastic  Models:                G4LElastic: Emin(GeV)=     0  Emax(GeV)= 1.79769e+305
           inelastic  Models:       G4LELambdaInelastic: Emin(GeV)=     0  Emax(GeV)= 25
                                    G4HELambdaInelastic: Emin(GeV)=    20  Emax(GeV)= 10000

                     Hadronic Processes for <neutron>
       HadronElastic  Models:                G4LElastic: Emin(GeV)=     0  Emax(GeV)= 1.79769e+305
           inelastic  Models:      G4LENeutronInelastic: Emin(GeV)=     0  Emax(GeV)= 55
                                        TheoFSGenerator: Emin(GeV)=    19  Emax(GeV)= 100000
            nFission  Models:                G4LFission: Emin(GeV)=     0  Emax(GeV)= 1.79769e+305
            nCapture  Models:                G4LCapture: Emin(GeV)=     0  Emax(GeV)= 1.79769e+305

                     Hadronic Processes for <pi+>
       HadronElastic  Models:                G4LElastic: Emin(GeV)=     0  Emax(GeV)= 1.79769e+305
           inelastic  Models:     G4LEPionPlusInelastic: Emin(GeV)=     0  Emax(GeV)= 55
                                        TheoFSGenerator: Emin(GeV)=    19  Emax(GeV)= 100000

                     Hadronic Processes for <pi->
       HadronElastic  Models:                G4LElastic: Emin(GeV)=     0  Emax(GeV)= 1.79769e+305
           inelastic  Models:    G4LEPionMinusInelastic: Emin(GeV)=     0  Emax(GeV)= 55
                                        TheoFSGenerator: Emin(GeV)=    19  Emax(GeV)= 100000

                     Hadronic Processes for <proton>
       HadronElastic  Models:                G4LElastic: Emin(GeV)=     0  Emax(GeV)= 1.79769e+305
           inelastic  Models:       G4LEProtonInelastic: Emin(GeV)=     0  Emax(GeV)= 55
                                        TheoFSGenerator: Emin(GeV)=    19  Emax(GeV)= 100000
============================================================================================
Event number 100
Idle> #
Idle> # proton at 400 GeV in Pb
Idle> #
Idle> /gun/particle proton
Idle> /gun/energy 400 GeV
Idle> /mydet/SelectMaterial Pb
SimpleBox is now made of Pb
Idle> /run/beamOn 100
Event number 200
Idle> #
Idle> # proton at 1 TeV in Pb
Idle> #
Idle> /gun/particle proton
Idle> /gun/energy 1 TeV
Idle> /mydet/SelectMaterial Pb
SimpleBox is now made of Pb
Idle> /run/beamOn 100
Event number 300
Idle> #
Idle> # proton at 100 GeV in Al
Idle> #
Idle> /gun/particle proton
Idle> /gun/energy 100 GeV
Idle> /mydet/SelectMaterial Al
SimpleBox is now made of Al
Idle> /run/beamOn 100

conv:   for  gamma    SubType= 14
      Lambda tables from 1.022 MeV to 10 TeV in 77 bins, spline: 1
      ===== EM models for the G4Region  DefaultRegionForTheWorld ======
        BetheHeitler :   Emin=        0 eV       Emax=         10 TeV

compt:   for  gamma    SubType= 13
      Lambda tables from 100 eV  to 10 TeV in 77 bins, spline: 1
      ===== EM models for the G4Region  DefaultRegionForTheWorld ======
       Klein-Nishina :   Emin=        0 eV       Emax=         10 TeV

phot:   for  gamma    SubType= 12
      ===== EM models for the G4Region  DefaultRegionForTheWorld ======
       PhotoElectric :   Emin=        0 eV       Emax=         10 TeV

msc:   for e-    SubType= 10
      Lambda tables from 100 eV  to 10 TeV in 77 bins, spline: 1
      RangeFactor= 0.04, stepLimitType: 1, latDisplacement: 1
      ===== EM models for the G4Region  DefaultRegionForTheWorld ======
          UrbanMsc93 :   Emin=        0 eV       Emax=         10 TeV

eIoni:   for  e-    SubType= 2
      dE/dx and range tables from 100 eV  to 10 TeV in 77 bins
      Lambda tables from threshold to 10 TeV in 77 bins, spline: 1
      finalRange(mm)= 1, dRoverRange= 0.2, integral: 1, fluct: 1, linLossLimit= 0.01
      ===== EM models for the G4Region  DefaultRegionForTheWorld ======
        MollerBhabha :   Emin=        0 eV       Emax=         10 TeV

eBrem:   for  e-    SubType= 3
      dE/dx and range tables from 100 eV  to 10 TeV in 77 bins
      Lambda tables from threshold to 10 TeV in 77 bins, spline: 1
      LPM flag: 1 for E > 1 GeV
      ===== EM models for the G4Region  DefaultRegionForTheWorld ======
               eBrem :   Emin=        0 eV       Emax=          1 GeV  AngularGenUrban
            eBremLPM :   Emin=        1 GeV      Emax=         10 TeV  AngularGenUrban

eIoni:   for  e+    SubType= 2
      dE/dx and range tables from 100 eV  to 10 TeV in 77 bins
      Lambda tables from threshold to 10 TeV in 77 bins, spline: 1
      finalRange(mm)= 1, dRoverRange= 0.2, integral: 1, fluct: 1, linLossLimit= 0.01
      ===== EM models for the G4Region  DefaultRegionForTheWorld ======
        MollerBhabha :   Emin=        0 eV       Emax=         10 TeV

eBrem:   for  e+    SubType= 3
      dE/dx and range tables from 100 eV  to 10 TeV in 77 bins
      Lambda tables from threshold to 10 TeV in 77 bins, spline: 1
      LPM flag: 1 for E > 1 GeV
      ===== EM models for the G4Region  DefaultRegionForTheWorld ======
               eBrem :   Emin=        0 eV       Emax=          1 GeV  AngularGenUrban
            eBremLPM :   Emin=        1 GeV      Emax=         10 TeV  AngularGenUrban

annihil:   for  e+    SubType= 5
      Lambda tables from 100 eV  to 10 TeV in 77 bins, spline: 1
      ===== EM models for the G4Region  DefaultRegionForTheWorld ======
            eplus2gg :   Emin=        0 eV       Emax=         10 TeV

msc:   for proton    SubType= 10
      Lambda tables from 100 eV  to 10 TeV in 77 bins, spline: 1
      RangeFactor= 0.2, stepLimitType: 0, latDisplacement: 1
      ===== EM models for the G4Region  DefaultRegionForTheWorld ======
          UrbanMsc90 :   Emin=        0 eV       Emax=         10 TeV

hIoni:   for  proton    SubType= 2
      dE/dx and range tables from 100 eV  to 10 TeV in 77 bins
      Lambda tables from threshold to 10 TeV in 77 bins, spline: 1
      finalRange(mm)= 1, dRoverRange= 0.2, integral: 1, fluct: 1, linLossLimit= 0.01
      ===== EM models for the G4Region  DefaultRegionForTheWorld ======
               Bragg :   Emin=        0 eV       Emax=          2 MeV
          BetheBloch :   Emin=        2 MeV      Emax=         10 TeV

msc:   for GenericIon    SubType= 10
      RangeFactor= 0.2, stepLimitType: 0, latDisplacement: 0
      ===== EM models for the G4Region  DefaultRegionForTheWorld ======
          UrbanMsc90 :   Emin=        0 eV       Emax=         10 TeV

hIoni:   for  anti_proton    SubType= 2
      dE/dx and range tables from 100 eV  to 10 TeV in 77 bins
      Lambda tables from threshold to 10 TeV in 77 bins, spline: 1
      finalRange(mm)= 1, dRoverRange= 0.2, integral: 1, fluct: 1, linLossLimit= 0.01
      ===== EM models for the G4Region  DefaultRegionForTheWorld ======
            ICRU73QO :   Emin=        0 eV       Emax=          2 MeV
          BetheBloch :   Emin=        2 MeV      Emax=         10 TeV

msc:   for kaon+    SubType= 10
      Lambda tables from 100 eV  to 10 TeV in 77 bins, spline: 1
      RangeFactor= 0.2, stepLimitType: 0, latDisplacement: 1
      ===== EM models for the G4Region  DefaultRegionForTheWorld ======
          UrbanMsc90 :   Emin=        0 eV       Emax=         10 TeV

hIoni:   for  kaon+    SubType= 2
      dE/dx and range tables from 100 eV  to 10 TeV in 77 bins
      Lambda tables from threshold to 10 TeV in 77 bins, spline: 1
      finalRange(mm)= 1, dRoverRange= 0.2, integral: 1, fluct: 1, linLossLimit= 0.01
      ===== EM models for the G4Region  DefaultRegionForTheWorld ======
               Bragg :   Emin=        0 eV       Emax=    1.05231 MeV
          BetheBloch :   Emin=  1.05231 MeV      Emax=         10 TeV

hIoni:   for  kaon-    SubType= 2
      dE/dx and range tables from 100 eV  to 10 TeV in 77 bins
      Lambda tables from threshold to 10 TeV in 77 bins, spline: 1
      finalRange(mm)= 1, dRoverRange= 0.2, integral: 1, fluct: 1, linLossLimit= 0.01
      ===== EM models for the G4Region  DefaultRegionForTheWorld ======
            ICRU73QO :   Emin=        0 eV       Emax=    1.05231 MeV
          BetheBloch :   Emin=  1.05231 MeV      Emax=         10 TeV

muMsc:   for mu+    SubType= 10
      Lambda tables from 100 eV  to 10 TeV in 77 bins, spline: 1
      RangeFactor= 0.2, step limit type: 0, lateralDisplacement: 1, polarAngleLimit(deg)= 0
      ===== EM models for the G4Region  DefaultRegionForTheWorld ======
          UrbanMsc90 :   Emin=        0 eV       Emax=         10 TeV

muIoni:   for  mu+    SubType= 2
      dE/dx and range tables from 100 eV  to 10 TeV in 77 bins
      Lambda tables from threshold to 10 TeV in 77 bins, spline: 1
      finalRange(mm)= 1, dRoverRange= 0.2, integral: 1, fluct: 1, linLossLimit= 0.01
      ===== EM models for the G4Region  DefaultRegionForTheWorld ======
               Bragg :   Emin=        0 eV       Emax=        200 keV
          BetheBloch :   Emin=      200 keV      Emax=          1 GeV
        MuBetheBloch :   Emin=        1 GeV      Emax=         10 TeV

muBrems:   for  mu+    SubType= 3
      dE/dx and range tables from 100 eV  to 10 TeV in 77 bins
      Lambda tables from threshold to 10 TeV in 77 bins, spline: 1
      ===== EM models for the G4Region  DefaultRegionForTheWorld ======
              MuBrem :   Emin=        0 eV       Emax=         10 TeV

muPairProd:   for  mu+    SubType= 4
      dE/dx and range tables from 100 eV  to 10 TeV in 77 bins
      Lambda tables from threshold to 10 TeV in 77 bins, spline: 1
      ===== EM models for the G4Region  DefaultRegionForTheWorld ======
          muPairProd :   Emin=        0 eV       Emax=         10 TeV

muIoni:   for  mu-    SubType= 2
      dE/dx and range tables from 100 eV  to 10 TeV in 77 bins
      Lambda tables from threshold to 10 TeV in 77 bins, spline: 1
      finalRange(mm)= 1, dRoverRange= 0.2, integral: 1, fluct: 1, linLossLimit= 0.01
      ===== EM models for the G4Region  DefaultRegionForTheWorld ======
            ICRU73QO :   Emin=        0 eV       Emax=        200 keV
          BetheBloch :   Emin=      200 keV      Emax=          1 GeV
        MuBetheBloch :   Emin=        1 GeV      Emax=         10 TeV

muBrems:   for  mu-    SubType= 3
      dE/dx and range tables from 100 eV  to 10 TeV in 77 bins
      Lambda tables from threshold to 10 TeV in 77 bins, spline: 1
      ===== EM models for the G4Region  DefaultRegionForTheWorld ======
              MuBrem :   Emin=        0 eV       Emax=         10 TeV

muPairProd:   for  mu-    SubType= 4
      dE/dx and range tables from 100 eV  to 10 TeV in 77 bins
      Lambda tables from threshold to 10 TeV in 77 bins, spline: 1
      ===== EM models for the G4Region  DefaultRegionForTheWorld ======
          muPairProd :   Emin=        0 eV       Emax=         10 TeV

hIoni:   for  pi+    SubType= 2
      dE/dx and range tables from 100 eV  to 10 TeV in 77 bins
      Lambda tables from threshold to 10 TeV in 77 bins, spline: 1
      finalRange(mm)= 1, dRoverRange= 0.2, integral: 1, fluct: 1, linLossLimit= 0.01
      ===== EM models for the G4Region  DefaultRegionForTheWorld ======
               Bragg :   Emin=        0 eV       Emax=    297.505 keV
          BetheBloch :   Emin=  297.505 keV      Emax=         10 TeV

msc:   for pi-    SubType= 10
      Lambda tables from 100 eV  to 10 TeV in 77 bins, spline: 1
      RangeFactor= 0.2, stepLimitType: 0, latDisplacement: 1
      ===== EM models for the G4Region  DefaultRegionForTheWorld ======
          UrbanMsc90 :   Emin=        0 eV       Emax=         10 TeV

hIoni:   for  pi-    SubType= 2
      dE/dx and range tables from 100 eV  to 10 TeV in 77 bins
      Lambda tables from threshold to 10 TeV in 77 bins, spline: 1
      finalRange(mm)= 1, dRoverRange= 0.2, integral: 1, fluct: 1, linLossLimit= 0.01
      ===== EM models for the G4Region  DefaultRegionForTheWorld ======
            ICRU73QO :   Emin=        0 eV       Emax=    297.505 keV
          BetheBloch :   Emin=  297.505 keV      Emax=         10 TeV
Event number 400
Idle> #
Idle> # proton at 400 GeV in Al
Idle> #
Idle> /gun/particle proton
Idle> /gun/energy 400 GeV
Idle> /mydet/SelectMaterial Al
SimpleBox is now made of Al
Idle> /run/beamOn 100
Event number 500
Idle> #
Idle> # proton at 1 TeV in Al
Idle> #
Idle> /gun/particle proton
Idle> /gun/energy 1 TeV
Idle> /mydet/SelectMaterial Al
SimpleBox is now made of Al
Idle> /run/beamOn 100
Event number 600
Idle> #
Idle> # proton at 100 GeV in Air
Idle> #
Idle> /gun/particle proton
Idle> /gun/energy 100 GeV
Idle> /mydet/SelectMaterial Air
SimpleBox is now made of Air
Idle> /run/beamOn 100

conv:   for  gamma    SubType= 14
      Lambda tables from 1.022 MeV to 10 TeV in 77 bins, spline: 1
      ===== EM models for the G4Region  DefaultRegionForTheWorld ======
        BetheHeitler :   Emin=        0 eV       Emax=         10 TeV

compt:   for  gamma    SubType= 13
      Lambda tables from 100 eV  to 10 TeV in 77 bins, spline: 1
      ===== EM models for the G4Region  DefaultRegionForTheWorld ======
       Klein-Nishina :   Emin=        0 eV       Emax=         10 TeV

phot:   for  gamma    SubType= 12
      ===== EM models for the G4Region  DefaultRegionForTheWorld ======
       PhotoElectric :   Emin=        0 eV       Emax=         10 TeV

msc:   for e-    SubType= 10
      Lambda tables from 100 eV  to 10 TeV in 77 bins, spline: 1
      RangeFactor= 0.04, stepLimitType: 1, latDisplacement: 1
      ===== EM models for the G4Region  DefaultRegionForTheWorld ======
          UrbanMsc93 :   Emin=        0 eV       Emax=         10 TeV

eIoni:   for  e-    SubType= 2
      dE/dx and range tables from 100 eV  to 10 TeV in 77 bins
      Lambda tables from threshold to 10 TeV in 77 bins, spline: 1
      finalRange(mm)= 1, dRoverRange= 0.2, integral: 1, fluct: 1, linLossLimit= 0.01
      ===== EM models for the G4Region  DefaultRegionForTheWorld ======
        MollerBhabha :   Emin=        0 eV       Emax=         10 TeV

eBrem:   for  e-    SubType= 3
      dE/dx and range tables from 100 eV  to 10 TeV in 77 bins
      Lambda tables from threshold to 10 TeV in 77 bins, spline: 1
      LPM flag: 1 for E > 1 GeV
      ===== EM models for the G4Region  DefaultRegionForTheWorld ======
               eBrem :   Emin=        0 eV       Emax=          1 GeV  AngularGenUrban
            eBremLPM :   Emin=        1 GeV      Emax=         10 TeV  AngularGenUrban

eIoni:   for  e+    SubType= 2
      dE/dx and range tables from 100 eV  to 10 TeV in 77 bins
      Lambda tables from threshold to 10 TeV in 77 bins, spline: 1
      finalRange(mm)= 1, dRoverRange= 0.2, integral: 1, fluct: 1, linLossLimit= 0.01
      ===== EM models for the G4Region  DefaultRegionForTheWorld ======
        MollerBhabha :   Emin=        0 eV       Emax=         10 TeV

eBrem:   for  e+    SubType= 3
      dE/dx and range tables from 100 eV  to 10 TeV in 77 bins
      Lambda tables from threshold to 10 TeV in 77 bins, spline: 1
      LPM flag: 1 for E > 1 GeV
      ===== EM models for the G4Region  DefaultRegionForTheWorld ======
               eBrem :   Emin=        0 eV       Emax=          1 GeV  AngularGenUrban
            eBremLPM :   Emin=        1 GeV      Emax=         10 TeV  AngularGenUrban

annihil:   for  e+    SubType= 5
      Lambda tables from 100 eV  to 10 TeV in 77 bins, spline: 1
      ===== EM models for the G4Region  DefaultRegionForTheWorld ======
            eplus2gg :   Emin=        0 eV       Emax=         10 TeV

msc:   for proton    SubType= 10
      Lambda tables from 100 eV  to 10 TeV in 77 bins, spline: 1
      RangeFactor= 0.2, stepLimitType: 0, latDisplacement: 1
      ===== EM models for the G4Region  DefaultRegionForTheWorld ======
          UrbanMsc90 :   Emin=        0 eV       Emax=         10 TeV

hIoni:   for  proton    SubType= 2
      dE/dx and range tables from 100 eV  to 10 TeV in 77 bins
      Lambda tables from threshold to 10 TeV in 77 bins, spline: 1
      finalRange(mm)= 1, dRoverRange= 0.2, integral: 1, fluct: 1, linLossLimit= 0.01
      ===== EM models for the G4Region  DefaultRegionForTheWorld ======
               Bragg :   Emin=        0 eV       Emax=          2 MeV
          BetheBloch :   Emin=        2 MeV      Emax=         10 TeV

msc:   for GenericIon    SubType= 10
      RangeFactor= 0.2, stepLimitType: 0, latDisplacement: 0
      ===== EM models for the G4Region  DefaultRegionForTheWorld ======
          UrbanMsc90 :   Emin=        0 eV       Emax=         10 TeV

hIoni:   for  anti_proton    SubType= 2
      dE/dx and range tables from 100 eV  to 10 TeV in 77 bins
      Lambda tables from threshold to 10 TeV in 77 bins, spline: 1
      finalRange(mm)= 1, dRoverRange= 0.2, integral: 1, fluct: 1, linLossLimit= 0.01
      ===== EM models for the G4Region  DefaultRegionForTheWorld ======
            ICRU73QO :   Emin=        0 eV       Emax=          2 MeV
          BetheBloch :   Emin=        2 MeV      Emax=         10 TeV

msc:   for kaon+    SubType= 10
      Lambda tables from 100 eV  to 10 TeV in 77 bins, spline: 1
      RangeFactor= 0.2, stepLimitType: 0, latDisplacement: 1
      ===== EM models for the G4Region  DefaultRegionForTheWorld ======
          UrbanMsc90 :   Emin=        0 eV       Emax=         10 TeV

hIoni:   for  kaon+    SubType= 2
      dE/dx and range tables from 100 eV  to 10 TeV in 77 bins
      Lambda tables from threshold to 10 TeV in 77 bins, spline: 1
      finalRange(mm)= 1, dRoverRange= 0.2, integral: 1, fluct: 1, linLossLimit= 0.01
      ===== EM models for the G4Region  DefaultRegionForTheWorld ======
               Bragg :   Emin=        0 eV       Emax=    1.05231 MeV
          BetheBloch :   Emin=  1.05231 MeV      Emax=         10 TeV

hIoni:   for  kaon-    SubType= 2
      dE/dx and range tables from 100 eV  to 10 TeV in 77 bins
      Lambda tables from threshold to 10 TeV in 77 bins, spline: 1
      finalRange(mm)= 1, dRoverRange= 0.2, integral: 1, fluct: 1, linLossLimit= 0.01
      ===== EM models for the G4Region  DefaultRegionForTheWorld ======
            ICRU73QO :   Emin=        0 eV       Emax=    1.05231 MeV
          BetheBloch :   Emin=  1.05231 MeV      Emax=         10 TeV

muMsc:   for mu+    SubType= 10
      Lambda tables from 100 eV  to 10 TeV in 77 bins, spline: 1
      RangeFactor= 0.2, step limit type: 0, lateralDisplacement: 1, polarAngleLimit(deg)= 0
      ===== EM models for the G4Region  DefaultRegionForTheWorld ======
          UrbanMsc90 :   Emin=        0 eV       Emax=         10 TeV

muIoni:   for  mu+    SubType= 2
      dE/dx and range tables from 100 eV  to 10 TeV in 77 bins
      Lambda tables from threshold to 10 TeV in 77 bins, spline: 1
      finalRange(mm)= 1, dRoverRange= 0.2, integral: 1, fluct: 1, linLossLimit= 0.01
      ===== EM models for the G4Region  DefaultRegionForTheWorld ======
               Bragg :   Emin=        0 eV       Emax=        200 keV
          BetheBloch :   Emin=      200 keV      Emax=          1 GeV
        MuBetheBloch :   Emin=        1 GeV      Emax=         10 TeV

muBrems:   for  mu+    SubType= 3
      dE/dx and range tables from 100 eV  to 10 TeV in 77 bins
      Lambda tables from threshold to 10 TeV in 77 bins, spline: 1
      ===== EM models for the G4Region  DefaultRegionForTheWorld ======
              MuBrem :   Emin=        0 eV       Emax=         10 TeV

muPairProd:   for  mu+    SubType= 4
      dE/dx and range tables from 100 eV  to 10 TeV in 77 bins
      Lambda tables from threshold to 10 TeV in 77 bins, spline: 1
      ===== EM models for the G4Region  DefaultRegionForTheWorld ======
          muPairProd :   Emin=        0 eV       Emax=         10 TeV

muIoni:   for  mu-    SubType= 2
      dE/dx and range tables from 100 eV  to 10 TeV in 77 bins
      Lambda tables from threshold to 10 TeV in 77 bins, spline: 1
      finalRange(mm)= 1, dRoverRange= 0.2, integral: 1, fluct: 1, linLossLimit= 0.01
      ===== EM models for the G4Region  DefaultRegionForTheWorld ======
            ICRU73QO :   Emin=        0 eV       Emax=        200 keV
          BetheBloch :   Emin=      200 keV      Emax=          1 GeV
        MuBetheBloch :   Emin=        1 GeV      Emax=         10 TeV

muBrems:   for  mu-    SubType= 3
      dE/dx and range tables from 100 eV  to 10 TeV in 77 bins
      Lambda tables from threshold to 10 TeV in 77 bins, spline: 1
      ===== EM models for the G4Region  DefaultRegionForTheWorld ======
              MuBrem :   Emin=        0 eV       Emax=         10 TeV

muPairProd:   for  mu-    SubType= 4
      dE/dx and range tables from 100 eV  to 10 TeV in 77 bins
      Lambda tables from threshold to 10 TeV in 77 bins, spline: 1
      ===== EM models for the G4Region  DefaultRegionForTheWorld ======
          muPairProd :   Emin=        0 eV       Emax=         10 TeV

hIoni:   for  pi+    SubType= 2
      dE/dx and range tables from 100 eV  to 10 TeV in 77 bins
      Lambda tables from threshold to 10 TeV in 77 bins, spline: 1
      finalRange(mm)= 1, dRoverRange= 0.2, integral: 1, fluct: 1, linLossLimit= 0.01
      ===== EM models for the G4Region  DefaultRegionForTheWorld ======
               Bragg :   Emin=        0 eV       Emax=    297.505 keV
          BetheBloch :   Emin=  297.505 keV      Emax=         10 TeV

msc:   for pi-    SubType= 10
      Lambda tables from 100 eV  to 10 TeV in 77 bins, spline: 1
      RangeFactor= 0.2, stepLimitType: 0, latDisplacement: 1
      ===== EM models for the G4Region  DefaultRegionForTheWorld ======
          UrbanMsc90 :   Emin=        0 eV       Emax=         10 TeV

hIoni:   for  pi-    SubType= 2
      dE/dx and range tables from 100 eV  to 10 TeV in 77 bins
      Lambda tables from threshold to 10 TeV in 77 bins, spline: 1
      finalRange(mm)= 1, dRoverRange= 0.2, integral: 1, fluct: 1, linLossLimit= 0.01
      ===== EM models for the G4Region  DefaultRegionForTheWorld ======
            ICRU73QO :   Emin=        0 eV       Emax=    297.505 keV
          BetheBloch :   Emin=  297.505 keV      Emax=         10 TeV
Event number 700
Idle> #
Idle> # proton at 400 GeV in Air
Idle> #
Idle> /gun/particle proton
Idle> /gun/energy 400 GeV
Idle> /mydet/SelectMaterial Air
SimpleBox is now made of Air
Idle> /run/beamOn 100
Event number 800
Idle> #
Idle> # proton at 1 TeV in Air
Idle> #
Idle> /gun/particle proton
Idle> /gun/energy 1 TeV
Idle> /mydet/SelectMaterial Air
SimpleBox is now made of Air
Idle> /run/beamOn 100
Event number 900
Idle> 
