
*************************************************************
 Geant4 version $Name: not supported by cvs2svn $   (25-March-2004)
                      Copyright : Geant4 Collaboration
                      Reference : NIM A 506 (2003), 250-303.
                            WWW : http://cern.ch/geant4
*************************************************************

SimpleBox is now made of U
PreInit> #
PreInit> # Hand-generated test input file for test12 hadronics.
PreInit> #
PreInit> PreInit> /run/verbose 2
PreInit> /run/particle/setCut 1 m
PreInit> /run/initialize
userDetector->Construct() start.
SLog is registered to the default region.
physicsList->Construct() start.
physicsList->Construct() start.

phot:  Total cross sections from Sandia parametrisation. 
Thank you for using G4BinaryCascade. 
Thank you for using G4BinaryCascade. 
Thank you for using G4BinaryCascade. 

 *****************************************************************
 Nuclear abrasion model for nuclear-nuclear interactions activated
 (Written by QinetiQ Ltd for the European Space Agency)
 *****************************************************************


 ****************************************************************
 EM dissociation model for nuclear-nuclear interactions activated
 (Written by QinetiQ Ltd for the European Space Agency)
 ****************************************************************

physicsList->setCut() start.
Tst28PhysicsList::SetCuts:CutLength : 1000 (mm)
Idle> /gun/direction 1 0 0
Idle> #
Idle> # deuteron at 1 GeV/nucleon in U
Idle> #
Idle> /gun/particle deuteron
Idle> /gun/energy 1.0 GeV
Idle> /mydet/SelectMaterial U
SimpleBox is now made of U
Idle> /run/beamOn 20
G4VRangeToEnergyConverter::ConvertCutToKineticEnergy   for gamma
The cut in range [1000 (mm)]   is too big   for material  idx=4
The cut in energy is set1.79769e+305GeV 
G4VRangeToEnergyConverter::ConvertCutToKineticEnergy   for e-
The cut in range [1000 (mm)]   is too big   for material  idx=4
The cut in energy is set1.79769e+305GeV 
G4VRangeToEnergyConverter::ConvertCutToKineticEnergy   for e+
The cut in range [1000 (mm)]   is too big   for material  idx=4
The cut in energy is set1.79769e+305GeV 

conv:  Total cross sections from a parametrisation. Good description from 1.5 MeV to 100 GeV for all Z. 
        e+e- energies according Bethe-Heitler
        PhysicsTables from 1.022 MeV to 100 GeV in 100 bins. 

compt:  Total cross sections from a parametrisation. Good description from 10 KeV to (100/Z) GeV. 
       Scattered gamma energy according Klein-Nishina.
        PhysicsTables from 1 keV to 100 GeV in 80 bins. 

msc:  Model variant of multiple scattering for e-
      Lambda tables from 100 eV to 100 TeV in 120 bins.
      Boundary algorithm is active with facrange= 0.199

eIoni:   tables are built for  e-
      dE/dx and range tables from 100 eV to 100 TeV in 120 bins.
      Lambda tables from threshold to 100 TeV in 120 bins.
      Step function: finalRange(mm)= 1, dRoverRange= 1, integral: 1
      Delta cross sections from Moller+Bhabha, good description from 1 KeV to 100 GeV.

eBrem:   tables are built for  e-
      dE/dx and range tables from 100 eV to 100 TeV in 120 bins.
      Lambda tables from threshold to 100 TeV in 120 bins.
      Total cross sections from a parametrisation based on the EEDL data library. 
      Good description from 1 KeV to 100 GeV, log scale extrapolation above 100 GeV.

eIoni:   tables are built for  e+
      dE/dx and range tables from 100 eV to 100 TeV in 120 bins.
      Lambda tables from threshold to 100 TeV in 120 bins.
      Step function: finalRange(mm)= 1, dRoverRange= 1, integral: 1
      Delta cross sections from Moller+Bhabha, good description from 1 KeV to 100 GeV.

eBrem:   tables are built for  e+
      dE/dx and range tables from 100 eV to 100 TeV in 120 bins.
      Lambda tables from threshold to 100 TeV in 120 bins.
      Total cross sections from a parametrisation based on the EEDL data library. 
      Good description from 1 KeV to 100 GeV, log scale extrapolation above 100 GeV.

annihil:  Total cross section from Heilter formula(annihilation into 2 photons).
        gamma energies sampled according Heitler
        PhysicsTables from 10 keV to 10 TeV in 100 bins. 

msc:  Model variant of multiple scattering for proton
      Lambda tables from 100 eV to 100 TeV in 120 bins.
      Boundary algorithm is active with facrange= 0.199

hIoni:   tables are built for  proton
      dE/dx and range tables from 100 eV to 100 TeV in 120 bins.
      Lambda tables from threshold to 100 TeV in 120 bins.
      Step function: finalRange(mm)= 1, dRoverRange= 0.2, integral: 0
      Bether-Bloch model for Escaled > 2 MeV, parametrisation of Bragg peak below, Integral mode 0

msc:  Model variant of multiple scattering for mu+
      Lambda tables from 100 eV to 100 TeV in 120 bins.
      Boundary algorithm is active with facrange= 0.199

MuIoni:   tables are built for  mu+
      dE/dx and range tables from 100 eV to 100 TeV in 120 bins.
      Lambda tables from threshold to 100 TeV in 120 bins.
      Step function: finalRange(mm)= 1, dRoverRange= 0.2, integral: 0
      Bether-Bloch model for E > 0.2 MeV, parametrisation of Bragg peak below, 
      radiative corrections for E > 1 GeV

MuBrems:   tables are built for  mu+
      dE/dx and range tables from 100 eV to 100 TeV in 120 bins.
      Lambda tables from threshold to 100 TeV in 120 bins.
      Parametrised model 

MuPairProd:   tables are built for  mu+
      dE/dx and range tables from 100 eV to 100 TeV in 120 bins.
      Lambda tables from threshold to 100 TeV in 120 bins.
      Parametrised model 
### All dEdx and Range tables are built #####

MuIoni:   tables are built for  mu-
      dE/dx and range tables from 100 eV to 100 TeV in 120 bins.
      Lambda tables from threshold to 100 TeV in 120 bins.
      Step function: finalRange(mm)= 1, dRoverRange= 0.2, integral: 0
      Bether-Bloch model for E > 0.2 MeV, parametrisation of Bragg peak below, 
      radiative corrections for E > 1 GeV

msc:  Model variant of multiple scattering for pi-
      Lambda tables from 100 eV to 100 TeV in 120 bins.
      Boundary algorithm is active with facrange= 0.199

Region DefaultRegionForTheWorld
 Materials : Uranium 
 Production cuts :  gamma 1 m    e- 1 m    e+ 1 m

========= Table of registered couples ==============================

Index : 0     used in the geometry : Yes     recalculation needed : No 
 Material : Uranium
 Range cuts        :  gamma 1 m    e- 1 m    e+ 1 m
 Energy thresholds :  gamma 2.88022e+295 J    e- 2.88022e+295 J    e+ 2.88022e+295 J
 Region(s) which use this couple : 
    DefaultRegionForTheWorld

====================================================================

Start closing geometry.
G4GeometryManager::ReportVoxelStats -- Voxel Statistics

    Total memory consumed for geometry optimisation:   0 kByte
    Total CPU time elapsed for geometry optimisation: 0 seconds
Start Run processing.
Run terminated.
Run Summary
  Number of events processed : 20
  User=2.5s Real=2.6s Sys=0s
Idle> #
Idle> # deuteron at 1 GeV/nucleon on H 
Idle> #
Idle> /gun/particle deuteron
Idle> /gun/energy 1.0 GeV
Idle> /mydet/SelectMaterial H
SimpleBox is now made of H
Idle> /run/beamOn 20

conv:  Total cross sections from a parametrisation. Good description from 1.5 MeV to 100 GeV for all Z. 
        e+e- energies according Bethe-Heitler
        PhysicsTables from 1 MeV to 1e+02 GeV in 100 bins. 

compt:  Total cross sections from a parametrisation. Good description from 10 KeV to (100/Z) GeV. 
       Scattered gamma energy according Klein-Nishina.
        PhysicsTables from 1 keV to 1e+02 GeV in 80 bins. 

msc:  Model variant of multiple scattering for e-
      Lambda tables from 1e+02 eV to 1e+02 TeV in 120 bins.
      Boundary algorithm is active with facrange= 0.2

eIoni:   tables are built for  e-
      dE/dx and range tables from 1e+02 eV to 1e+02 TeV in 120 bins.
      Lambda tables from threshold to 1e+02 TeV in 120 bins.
      Step function: finalRange(mm)= 1, dRoverRange= 1, integral: 1
      Delta cross sections from Moller+Bhabha, good description from 1 KeV to 100 GeV.

eBrem:   tables are built for  e-
      dE/dx and range tables from 1e+02 eV to 1e+02 TeV in 120 bins.
      Lambda tables from threshold to 1e+02 TeV in 120 bins.
      Total cross sections from a parametrisation based on the EEDL data library. 
      Good description from 1 KeV to 100 GeV, log scale extrapolation above 100 GeV.

eIoni:   tables are built for  e+
      dE/dx and range tables from 1e+02 eV to 1e+02 TeV in 120 bins.
      Lambda tables from threshold to 1e+02 TeV in 120 bins.
      Step function: finalRange(mm)= 1, dRoverRange= 1, integral: 1
      Delta cross sections from Moller+Bhabha, good description from 1 KeV to 100 GeV.

eBrem:   tables are built for  e+
      dE/dx and range tables from 1e+02 eV to 1e+02 TeV in 120 bins.
      Lambda tables from threshold to 1e+02 TeV in 120 bins.
      Total cross sections from a parametrisation based on the EEDL data library. 
      Good description from 1 KeV to 100 GeV, log scale extrapolation above 100 GeV.

annihil:  Total cross section from Heilter formula(annihilation into 2 photons).
        gamma energies sampled according Heitler
        PhysicsTables from 10 keV to 10 TeV in 100 bins. 

msc:  Model variant of multiple scattering for proton
      Lambda tables from 1e+02 eV to 1e+02 TeV in 120 bins.
      Boundary algorithm is active with facrange= 0.2

hIoni:   tables are built for  proton
      dE/dx and range tables from 1e+02 eV to 1e+02 TeV in 120 bins.
      Lambda tables from threshold to 1e+02 TeV in 120 bins.
      Step function: finalRange(mm)= 1, dRoverRange= 0.2, integral: 0
      Bether-Bloch model for Escaled > 2 MeV, parametrisation of Bragg peak below, Integral mode 0

msc:  Model variant of multiple scattering for mu+
      Lambda tables from 1e+02 eV to 1e+02 TeV in 120 bins.
      Boundary algorithm is active with facrange= 0.2

MuIoni:   tables are built for  mu+
      dE/dx and range tables from 1e+02 eV to 1e+02 TeV in 120 bins.
      Lambda tables from threshold to 1e+02 TeV in 120 bins.
      Step function: finalRange(mm)= 1, dRoverRange= 0.2, integral: 0
      Bether-Bloch model for E > 0.2 MeV, parametrisation of Bragg peak below, 
      radiative corrections for E > 1 GeV

MuBrems:   tables are built for  mu+
      dE/dx and range tables from 1e+02 eV to 1e+02 TeV in 120 bins.
      Lambda tables from threshold to 1e+02 TeV in 120 bins.
      Parametrised model 

MuPairProd:   tables are built for  mu+
      dE/dx and range tables from 1e+02 eV to 1e+02 TeV in 120 bins.
      Lambda tables from threshold to 1e+02 TeV in 120 bins.
      Parametrised model 
### All dEdx and Range tables are built #####

MuIoni:   tables are built for  mu-
      dE/dx and range tables from 1e+02 eV to 1e+02 TeV in 120 bins.
      Lambda tables from threshold to 1e+02 TeV in 120 bins.
      Step function: finalRange(mm)= 1, dRoverRange= 0.2, integral: 0
      Bether-Bloch model for E > 0.2 MeV, parametrisation of Bragg peak below, 
      radiative corrections for E > 1 GeV

msc:  Model variant of multiple scattering for pi-
      Lambda tables from 1e+02 eV to 1e+02 TeV in 120 bins.
      Boundary algorithm is active with facrange= 0.2

Region DefaultRegionForTheWorld
 Materials : H 
 Production cuts :  gamma 1 m    e- 1 m    e+ 1 m

========= Table of registered couples ==============================

Index : 0     used in the geometry : No      recalculation needed : No 
 Material : Uranium
 Range cuts        :  gamma 1 m    e- 1 m    e+ 1 m
 Energy thresholds :  gamma 2.9e+295 J    e- 2.9e+295 J    e+ 2.9e+295 J

Index : 1     used in the geometry : Yes     recalculation needed : No 
 Material : H
 Range cuts        :  gamma 1 m    e- 1 m    e+ 1 m
 Energy thresholds :  gamma 9.9e+02 eV    e- 7.1e+02 keV    e+ 6.8e+02 keV
 Region(s) which use this couple : 
    DefaultRegionForTheWorld

====================================================================

Start Run processing.
Run terminated.
Run Summary
  Number of events processed : 20
  User=0s Real=0s Sys=0s
Idle> #
Idle> # deuteron at 1 GeV/nucleon on Silicon 
Idle> #
Idle> /gun/particle deuteron
Idle> /gun/energy 1.0 GeV
Idle> /mydet/SelectMaterial Si
SimpleBox is now made of Si
Idle> /run/beamOn 20
G4VRangeToEnergyConverter::ConvertCutToKineticEnergy   for gamma
The cut in range [1000 (mm)]   is too big   for material  idx=1
The cut in energy is set1.7976931e+305GeV 

conv:  Total cross sections from a parametrisation. Good description from 1.5 MeV to 100 GeV for all Z. 
        e+e- energies according Bethe-Heitler
        PhysicsTables from 1.0219981 MeV to 100 GeV in 100 bins. 

compt:  Total cross sections from a parametrisation. Good description from 10 KeV to (100/Z) GeV. 
       Scattered gamma energy according Klein-Nishina.
        PhysicsTables from 1 keV to 100 GeV in 80 bins. 

msc:  Model variant of multiple scattering for e-
      Lambda tables from 100 eV to 100 TeV in 120 bins.
      Boundary algorithm is active with facrange= 0.199

eIoni:   tables are built for  e-
      dE/dx and range tables from 100 eV to 100 TeV in 120 bins.
      Lambda tables from threshold to 100 TeV in 120 bins.
      Step function: finalRange(mm)= 1, dRoverRange= 1, integral: 1
      Delta cross sections from Moller+Bhabha, good description from 1 KeV to 100 GeV.

eBrem:   tables are built for  e-
      dE/dx and range tables from 100 eV to 100 TeV in 120 bins.
      Lambda tables from threshold to 100 TeV in 120 bins.
      Total cross sections from a parametrisation based on the EEDL data library. 
      Good description from 1 KeV to 100 GeV, log scale extrapolation above 100 GeV.

eIoni:   tables are built for  e+
      dE/dx and range tables from 100 eV to 100 TeV in 120 bins.
      Lambda tables from threshold to 100 TeV in 120 bins.
      Step function: finalRange(mm)= 1, dRoverRange= 1, integral: 1
      Delta cross sections from Moller+Bhabha, good description from 1 KeV to 100 GeV.

eBrem:   tables are built for  e+
      dE/dx and range tables from 100 eV to 100 TeV in 120 bins.
      Lambda tables from threshold to 100 TeV in 120 bins.
      Total cross sections from a parametrisation based on the EEDL data library. 
      Good description from 1 KeV to 100 GeV, log scale extrapolation above 100 GeV.

annihil:  Total cross section from Heilter formula(annihilation into 2 photons).
        gamma energies sampled according Heitler
        PhysicsTables from 10 keV to 10 TeV in 100 bins. 

msc:  Model variant of multiple scattering for proton
      Lambda tables from 100 eV to 100 TeV in 120 bins.
      Boundary algorithm is active with facrange= 0.199

hIoni:   tables are built for  proton
      dE/dx and range tables from 100 eV to 100 TeV in 120 bins.
      Lambda tables from threshold to 100 TeV in 120 bins.
      Step function: finalRange(mm)= 1, dRoverRange= 0.2, integral: 0
      Bether-Bloch model for Escaled > 2 MeV, parametrisation of Bragg peak below, Integral mode 0

msc:  Model variant of multiple scattering for mu+
      Lambda tables from 100 eV to 100 TeV in 120 bins.
      Boundary algorithm is active with facrange= 0.199

MuIoni:   tables are built for  mu+
      dE/dx and range tables from 100 eV to 100 TeV in 120 bins.
      Lambda tables from threshold to 100 TeV in 120 bins.
      Step function: finalRange(mm)= 1, dRoverRange= 0.2, integral: 0
      Bether-Bloch model for E > 0.2 MeV, parametrisation of Bragg peak below, 
      radiative corrections for E > 1 GeV

MuBrems:   tables are built for  mu+
      dE/dx and range tables from 100 eV to 100 TeV in 120 bins.
      Lambda tables from threshold to 100 TeV in 120 bins.
      Parametrised model 

MuPairProd:   tables are built for  mu+
      dE/dx and range tables from 100 eV to 100 TeV in 120 bins.
      Lambda tables from threshold to 100 TeV in 120 bins.
      Parametrised model 
### All dEdx and Range tables are built #####

MuIoni:   tables are built for  mu-
      dE/dx and range tables from 100 eV to 100 TeV in 120 bins.
      Lambda tables from threshold to 100 TeV in 120 bins.
      Step function: finalRange(mm)= 1, dRoverRange= 0.2, integral: 0
      Bether-Bloch model for E > 0.2 MeV, parametrisation of Bragg peak below, 
      radiative corrections for E > 1 GeV

msc:  Model variant of multiple scattering for pi-
      Lambda tables from 100 eV to 100 TeV in 120 bins.
      Boundary algorithm is active with facrange= 0.199

Region DefaultRegionForTheWorld
 Materials : Silicon 
 Production cuts :  gamma 1 m    e- 1 m    e+ 1 m

========= Table of registered couples ==============================

Index : 0     used in the geometry : No      recalculation needed : No 
 Material : Uranium
 Range cuts        :  gamma 1 m    e- 1 m    e+ 1 m
 Energy thresholds :  gamma 2.8802232e+295 J    e- 2.8802232e+295 J    e+ 2.8802232e+295 J

Index : 1     used in the geometry : No      recalculation needed : No 
 Material : H
 Range cuts        :  gamma 1 m    e- 1 m    e+ 1 m
 Energy thresholds :  gamma 990 eV    e- 708.90956 keV    e+ 683.20614 keV

Index : 2     used in the geometry : Yes     recalculation needed : No 
 Material : Silicon
 Range cuts        :  gamma 1 m    e- 1 m    e+ 1 m
 Energy thresholds :  gamma 2.8802232e+295 J    e- 1.0114457 GeV    e+ 962.84668 MeV
 Region(s) which use this couple : 
    DefaultRegionForTheWorld

====================================================================

Start Run processing.
Run terminated.
Run Summary
  Number of events processed : 20
  User=1.16s Real=1.2s Sys=0s
Idle> #
Idle> #
Idle> # deuteron at 200 MeV in U
Idle> #
Idle> /gun/particle deuteron
Idle> /gun/energy 200 MeV
Idle> /mydet/SelectMaterial U
SimpleBox is now made of U
Idle> /run/beamOn 20

Region DefaultRegionForTheWorld
 Materials : Uranium 
 Production cuts :  gamma 1 m    e- 1 m    e+ 1 m

========= Table of registered couples ==============================

Index : 0     used in the geometry : Yes     recalculation needed : No 
 Material : Uranium
 Range cuts        :  gamma 1 m    e- 1 m    e+ 1 m
 Energy thresholds :  gamma 2.8802232e+295 J    e- 2.8802232e+295 J    e+ 2.8802232e+295 J
 Region(s) which use this couple : 
    DefaultRegionForTheWorld

Index : 1     used in the geometry : No      recalculation needed : No 
 Material : H
 Range cuts        :  gamma 1 m    e- 1 m    e+ 1 m
 Energy thresholds :  gamma 990 eV    e- 708.90956 keV    e+ 683.20614 keV

Index : 2     used in the geometry : No      recalculation needed : No 
 Material : Silicon
 Range cuts        :  gamma 1 m    e- 1 m    e+ 1 m
 Energy thresholds :  gamma 2.8802232e+295 J    e- 1.0114457 GeV    e+ 962.84668 MeV

====================================================================

Start Run processing.
Run terminated.
Run Summary
  Number of events processed : 20
  User=0.09s Real=0.09s Sys=0s
Idle> #
Idle> # deuteron at 200 MeV/nucleon on H 
Idle> #
Idle> /gun/particle deuteron
Idle> /gun/energy 200 MeV
Idle> /mydet/SelectMaterial H
SimpleBox is now made of H
Idle> /run/beamOn 20

Region DefaultRegionForTheWorld
 Materials : H 
 Production cuts :  gamma 1 m    e- 1 m    e+ 1 m

========= Table of registered couples ==============================

Index : 0     used in the geometry : No      recalculation needed : No 
 Material : Uranium
 Range cuts        :  gamma 1 m    e- 1 m    e+ 1 m
 Energy thresholds :  gamma 2.8802232e+295 J    e- 2.8802232e+295 J    e+ 2.8802232e+295 J

Index : 1     used in the geometry : Yes     recalculation needed : No 
 Material : H
 Range cuts        :  gamma 1 m    e- 1 m    e+ 1 m
 Energy thresholds :  gamma 990 eV    e- 708.90956 keV    e+ 683.20614 keV
 Region(s) which use this couple : 
    DefaultRegionForTheWorld

Index : 2     used in the geometry : No      recalculation needed : No 
 Material : Silicon
 Range cuts        :  gamma 1 m    e- 1 m    e+ 1 m
 Energy thresholds :  gamma 2.8802232e+295 J    e- 1.0114457 GeV    e+ 962.84668 MeV

====================================================================

Start Run processing.
Run terminated.
Run Summary
  Number of events processed : 20
  User=0s Real=0s Sys=0s
Idle> #
Idle> # deuteron at 200 MeV/nucleon on Silicon 
Idle> #
Idle> /gun/particle deuteron
Idle> /gun/energy 200 MeV
Idle> /mydet/SelectMaterial Si
SimpleBox is now made of Si
Idle> /run/beamOn 20

Region DefaultRegionForTheWorld
 Materials : Silicon 
 Production cuts :  gamma 1 m    e- 1 m    e+ 1 m

========= Table of registered couples ==============================

Index : 0     used in the geometry : No      recalculation needed : No 
 Material : Uranium
 Range cuts        :  gamma 1 m    e- 1 m    e+ 1 m
 Energy thresholds :  gamma 2.8802232e+295 J    e- 2.8802232e+295 J    e+ 2.8802232e+295 J

Index : 1     used in the geometry : No      recalculation needed : No 
 Material : H
 Range cuts        :  gamma 1 m    e- 1 m    e+ 1 m
 Energy thresholds :  gamma 990 eV    e- 708.90956 keV    e+ 683.20614 keV

Index : 2     used in the geometry : Yes     recalculation needed : No 
 Material : Silicon
 Range cuts        :  gamma 1 m    e- 1 m    e+ 1 m
 Energy thresholds :  gamma 2.8802232e+295 J    e- 1.0114457 GeV    e+ 962.84668 MeV
 Region(s) which use this couple : 
    DefaultRegionForTheWorld

====================================================================

Start Run processing.
Run terminated.
Run Summary
  Number of events processed : 20
  User=0.03s Real=0.03s Sys=0s
Idle> #
Idle> #  .....end deuteron.............
Idle> #
Idle> # alpha at 1 GeV/nucleon in U
Idle> #
Idle> /gun/particle alpha
Idle> /gun/energy 1.0 GeV
Idle> /mydet/SelectMaterial U
SimpleBox is now made of U
Idle> /run/beamOn 20

Region DefaultRegionForTheWorld
 Materials : Uranium 
 Production cuts :  gamma 1 m    e- 1 m    e+ 1 m

========= Table of registered couples ==============================

Index : 0     used in the geometry : Yes     recalculation needed : No 
 Material : Uranium
 Range cuts        :  gamma 1 m    e- 1 m    e+ 1 m
 Energy thresholds :  gamma 2.8802232e+295 J    e- 2.8802232e+295 J    e+ 2.8802232e+295 J
 Region(s) which use this couple : 
    DefaultRegionForTheWorld

Index : 1     used in the geometry : No      recalculation needed : No 
 Material : H
 Range cuts        :  gamma 1 m    e- 1 m    e+ 1 m
 Energy thresholds :  gamma 990 eV    e- 708.90956 keV    e+ 683.20614 keV

Index : 2     used in the geometry : No      recalculation needed : No 
 Material : Silicon
 Range cuts        :  gamma 1 m    e- 1 m    e+ 1 m
 Energy thresholds :  gamma 2.8802232e+295 J    e- 1.0114457 GeV    e+ 962.84668 MeV

====================================================================

Start Run processing.
Run terminated.
Run Summary
  Number of events processed : 20
  User=1.26s Real=1.29s Sys=0s
Idle> #
Idle> # alpha at 1 GeV/nucleon on H 
Idle> #
Idle> /gun/particle alpha
Idle> /gun/energy 1.0 GeV
Idle> /mydet/SelectMaterial H
SimpleBox is now made of H
Idle> /run/beamOn 20

Region DefaultRegionForTheWorld
 Materials : H 
 Production cuts :  gamma 1 m    e- 1 m    e+ 1 m

========= Table of registered couples ==============================

Index : 0     used in the geometry : No      recalculation needed : No 
 Material : Uranium
 Range cuts        :  gamma 1 m    e- 1 m    e+ 1 m
 Energy thresholds :  gamma 2.8802232e+295 J    e- 2.8802232e+295 J    e+ 2.8802232e+295 J

Index : 1     used in the geometry : Yes     recalculation needed : No 
 Material : H
 Range cuts        :  gamma 1 m    e- 1 m    e+ 1 m
 Energy thresholds :  gamma 990 eV    e- 708.90956 keV    e+ 683.20614 keV
 Region(s) which use this couple : 
    DefaultRegionForTheWorld

Index : 2     used in the geometry : No      recalculation needed : No 
 Material : Silicon
 Range cuts        :  gamma 1 m    e- 1 m    e+ 1 m
 Energy thresholds :  gamma 2.8802232e+295 J    e- 1.0114457 GeV    e+ 962.84668 MeV

====================================================================

Start Run processing.
Run terminated.
Run Summary
  Number of events processed : 20
  User=0s Real=0s Sys=0s
Idle> #
Idle> # alpha at 1 GeV/nucleon on Silicon 
Idle> #
Idle> /gun/particle alpha
Idle> /gun/energy 1.0 GeV
Idle> /mydet/SelectMaterial Si
SimpleBox is now made of Si
Idle> /run/beamOn 20

Region DefaultRegionForTheWorld
 Materials : Silicon 
 Production cuts :  gamma 1 m    e- 1 m    e+ 1 m

========= Table of registered couples ==============================

Index : 0     used in the geometry : No      recalculation needed : No 
 Material : Uranium
 Range cuts        :  gamma 1 m    e- 1 m    e+ 1 m
 Energy thresholds :  gamma 2.8802232e+295 J    e- 2.8802232e+295 J    e+ 2.8802232e+295 J

Index : 1     used in the geometry : No      recalculation needed : No 
 Material : H
 Range cuts        :  gamma 1 m    e- 1 m    e+ 1 m
 Energy thresholds :  gamma 990 eV    e- 708.90956 keV    e+ 683.20614 keV

Index : 2     used in the geometry : Yes     recalculation needed : No 
 Material : Silicon
 Range cuts        :  gamma 1 m    e- 1 m    e+ 1 m
 Energy thresholds :  gamma 2.8802232e+295 J    e- 1.0114457 GeV    e+ 962.84668 MeV
 Region(s) which use this couple : 
    DefaultRegionForTheWorld

====================================================================

Start Run processing.
Run terminated.
Run Summary
  Number of events processed : 20
  User=0.36s Real=0.36s Sys=0s
Idle> #
Idle> Idle> # deuteron at 200 MeV/nucleon in U
Idle> #
Idle> /gun/particle alpha
Idle> /gun/energy 200 MeV
Idle> /mydet/SelectMaterial U
SimpleBox is now made of U
Idle> /run/beamOn 20

Region DefaultRegionForTheWorld
 Materials : Uranium 
 Production cuts :  gamma 1 m    e- 1 m    e+ 1 m

========= Table of registered couples ==============================

Index : 0     used in the geometry : Yes     recalculation needed : No 
 Material : Uranium
 Range cuts        :  gamma 1 m    e- 1 m    e+ 1 m
 Energy thresholds :  gamma 2.8802232e+295 J    e- 2.8802232e+295 J    e+ 2.8802232e+295 J
 Region(s) which use this couple : 
    DefaultRegionForTheWorld

Index : 1     used in the geometry : No      recalculation needed : No 
 Material : H
 Range cuts        :  gamma 1 m    e- 1 m    e+ 1 m
 Energy thresholds :  gamma 990 eV    e- 708.90956 keV    e+ 683.20614 keV

Index : 2     used in the geometry : No      recalculation needed : No 
 Material : Silicon
 Range cuts        :  gamma 1 m    e- 1 m    e+ 1 m
 Energy thresholds :  gamma 2.8802232e+295 J    e- 1.0114457 GeV    e+ 962.84668 MeV

====================================================================

Start Run processing.
Run terminated.
Run Summary
  Number of events processed : 20
  User=0.01s Real=0.01s Sys=0s
Idle> #
Idle> # alpha at 200 MeV/nucleon on H 
Idle> #
Idle> /gun/particle alpha
Idle> /gun/energy 200 MeV
Idle> /mydet/SelectMaterial H
SimpleBox is now made of H
Idle> /run/beamOn 20

Region DefaultRegionForTheWorld
 Materials : H 
 Production cuts :  gamma 1 m    e- 1 m    e+ 1 m

========= Table of registered couples ==============================

Index : 0     used in the geometry : No      recalculation needed : No 
 Material : Uranium
 Range cuts        :  gamma 1 m    e- 1 m    e+ 1 m
 Energy thresholds :  gamma 2.8802232e+295 J    e- 2.8802232e+295 J    e+ 2.8802232e+295 J

Index : 1     used in the geometry : Yes     recalculation needed : No 
 Material : H
 Range cuts        :  gamma 1 m    e- 1 m    e+ 1 m
 Energy thresholds :  gamma 990 eV    e- 708.90956 keV    e+ 683.20614 keV
 Region(s) which use this couple : 
    DefaultRegionForTheWorld

Index : 2     used in the geometry : No      recalculation needed : No 
 Material : Silicon
 Range cuts        :  gamma 1 m    e- 1 m    e+ 1 m
 Energy thresholds :  gamma 2.8802232e+295 J    e- 1.0114457 GeV    e+ 962.84668 MeV

====================================================================

Start Run processing.
Run terminated.
Run Summary
  Number of events processed : 20
  User=0s Real=0s Sys=0s
Idle> #
Idle> # alpha at 200 MeV/nucleon on Silicon 
Idle> #
Idle> /gun/particle alpha
Idle> /gun/energy 200 MeV
Idle> /mydet/SelectMaterial Si
SimpleBox is now made of Si
Idle> /run/beamOn 20

Region DefaultRegionForTheWorld
 Materials : Silicon 
 Production cuts :  gamma 1 m    e- 1 m    e+ 1 m

========= Table of registered couples ==============================

Index : 0     used in the geometry : No      recalculation needed : No 
 Material : Uranium
 Range cuts        :  gamma 1 m    e- 1 m    e+ 1 m
 Energy thresholds :  gamma 2.8802232e+295 J    e- 2.8802232e+295 J    e+ 2.8802232e+295 J

Index : 1     used in the geometry : No      recalculation needed : No 
 Material : H
 Range cuts        :  gamma 1 m    e- 1 m    e+ 1 m
 Energy thresholds :  gamma 990 eV    e- 708.90956 keV    e+ 683.20614 keV

Index : 2     used in the geometry : Yes     recalculation needed : No 
 Material : Silicon
 Range cuts        :  gamma 1 m    e- 1 m    e+ 1 m
 Energy thresholds :  gamma 2.8802232e+295 J    e- 1.0114457 GeV    e+ 962.84668 MeV
 Region(s) which use this couple : 
    DefaultRegionForTheWorld

====================================================================

Start Run processing.
Run terminated.
Run Summary
  Number of events processed : 20
  User=0.01s Real=0.01s Sys=0s
Idle> #
Idle> #  .....end alpha............
Idle> #
Idle> # C(12,6)++ at 1 GeV/nucleon in U
Idle> #
Idle> /gun/particle ion
Idle> /gun/ion 6 12 2
Idle> /gun/energy 1.0 GeV
Idle> /mydet/SelectMaterial U
SimpleBox is now made of U
Idle> /run/beamOn 20

Region DefaultRegionForTheWorld
 Materials : Uranium 
 Production cuts :  gamma 1 m    e- 1 m    e+ 1 m

========= Table of registered couples ==============================

Index : 0     used in the geometry : Yes     recalculation needed : No 
 Material : Uranium
 Range cuts        :  gamma 1 m    e- 1 m    e+ 1 m
 Energy thresholds :  gamma 2.8802232e+295 J    e- 2.8802232e+295 J    e+ 2.8802232e+295 J
 Region(s) which use this couple : 
    DefaultRegionForTheWorld

Index : 1     used in the geometry : No      recalculation needed : No 
 Material : H
 Range cuts        :  gamma 1 m    e- 1 m    e+ 1 m
 Energy thresholds :  gamma 990 eV    e- 708.90956 keV    e+ 683.20614 keV

Index : 2     used in the geometry : No      recalculation needed : No 
 Material : Silicon
 Range cuts        :  gamma 1 m    e- 1 m    e+ 1 m
 Energy thresholds :  gamma 2.8802232e+295 J    e- 1.0114457 GeV    e+ 962.84668 MeV

====================================================================

Start Run processing.
Run terminated.
Run Summary
  Number of events processed : 20
  User=4.52s Real=4.55s Sys=0.01s
Idle> #
Idle> # C(12,6)++ at 1 GeV/nucleon on H 
Idle> #
Idle> /gun/particle ion
Idle> /gun/ion 6 12 2
Idle> /gun/energy 1.0 GeV
Idle> /mydet/SelectMaterial H
SimpleBox is now made of H
Idle> /run/beamOn 20

Region DefaultRegionForTheWorld
 Materials : H 
 Production cuts :  gamma 1 m    e- 1 m    e+ 1 m

========= Table of registered couples ==============================

Index : 0     used in the geometry : No      recalculation needed : No 
 Material : Uranium
 Range cuts        :  gamma 1 m    e- 1 m    e+ 1 m
 Energy thresholds :  gamma 2.8802232e+295 J    e- 2.8802232e+295 J    e+ 2.8802232e+295 J

Index : 1     used in the geometry : Yes     recalculation needed : No 
 Material : H
 Range cuts        :  gamma 1 m    e- 1 m    e+ 1 m
 Energy thresholds :  gamma 990 eV    e- 708.90956 keV    e+ 683.20614 keV
 Region(s) which use this couple : 
    DefaultRegionForTheWorld

Index : 2     used in the geometry : No      recalculation needed : No 
 Material : Silicon
 Range cuts        :  gamma 1 m    e- 1 m    e+ 1 m
 Energy thresholds :  gamma 2.8802232e+295 J    e- 1.0114457 GeV    e+ 962.84668 MeV

====================================================================

Start Run processing.
Run terminated.
Run Summary
  Number of events processed : 20
  User=0s Real=0s Sys=0s
Idle> #
Idle> # C(12,6)++ at 1 GeV/nucleon on Silicon 
Idle> #
Idle> /gun/particle ion
Idle> /gun/ion 6 12 2
Idle> /gun/energy 1.0 GeV
Idle> /mydet/SelectMaterial Si
SimpleBox is now made of Si
Idle> /run/beamOn 20

Region DefaultRegionForTheWorld
 Materials : Silicon 
 Production cuts :  gamma 1 m    e- 1 m    e+ 1 m

========= Table of registered couples ==============================

Index : 0     used in the geometry : No      recalculation needed : No 
 Material : Uranium
 Range cuts        :  gamma 1 m    e- 1 m    e+ 1 m
 Energy thresholds :  gamma 2.8802232e+295 J    e- 2.8802232e+295 J    e+ 2.8802232e+295 J

Index : 1     used in the geometry : No      recalculation needed : No 
 Material : H
 Range cuts        :  gamma 1 m    e- 1 m    e+ 1 m
 Energy thresholds :  gamma 990 eV    e- 708.90956 keV    e+ 683.20614 keV

Index : 2     used in the geometry : Yes     recalculation needed : No 
 Material : Silicon
 Range cuts        :  gamma 1 m    e- 1 m    e+ 1 m
 Energy thresholds :  gamma 2.8802232e+295 J    e- 1.0114457 GeV    e+ 962.84668 MeV
 Region(s) which use this couple : 
    DefaultRegionForTheWorld

====================================================================

Start Run processing.
Run terminated.
Run Summary
  Number of events processed : 20
  User=2.05s Real=2.1s Sys=0s
Idle> #
Idle> # C(12,6)++ at 1 GeV/nucleon on Water 
Idle> #
Idle> /gun/particle ion
Idle> /gun/ion 6 12 2
Idle> /gun/energy 1.0 GeV
Idle> /mydet/SelectMaterial H2O
SimpleBox is now made of H2O
Idle> /run/beamOn 20
