
***** Table : Nb of materials = 8 *****

 Material:      Air     density:  1.290 mg/cm3  temperature: 273.15 K  pressure:   1.00 atm  RadLength: 285.161 m  
   --->  Element: Nitrogen  N   Z =  7.0   N =  14.0   A =  14.01 g/mole  fractionMass:  70.00 %  Abundance  72.71 %
   --->  Element:   Oxygen  O   Z =  8.0   N =  16.0   A =  16.00 g/mole  fractionMass:  30.00 %  Abundance  27.29 %

 Material:    Water     density:  1.000 g/cm3   temperature: 273.15 K  pressure:   1.00 atm  RadLength:  36.092 cm 
   --->  Element: Hydrogen  H   Z =  1.0   N =   1.0   A =   1.01 g/mole  fractionMass:  11.21 %  Abundance  66.67 %
   --->  Element:   Oxygen  O   Z =  8.0   N =  16.0   A =  16.00 g/mole  fractionMass:  88.79 %  Abundance  33.33 %

 Material:      lAr     density:  1.390 g/cm3   temperature: 273.15 K  pressure:   1.00 atm  RadLength:  14.065 cm 
   --->  Element:      lAr      Z = 18.0   N =  40.0   A =  39.95 g/mole  fractionMass: 100.00 %  Abundance 100.00 %

 Material:       Al     density:  2.700 g/cm3   temperature: 273.15 K  pressure:   1.00 atm  RadLength:   8.893 cm 
   --->  Element:       Al      Z = 13.0   N =  27.0   A =  26.98 g/mole  fractionMass: 100.00 %  Abundance 100.00 %

 Material:       Fe     density:  7.870 g/cm3   temperature: 273.15 K  pressure:   1.00 atm  RadLength:   1.759 cm 
   --->  Element:       Fe      Z = 26.0   N =  55.9   A =  55.85 g/mole  fractionMass: 100.00 %  Abundance 100.00 %

 Material:      BGO     density:  7.100 g/cm3   temperature: 273.15 K  pressure:   1.00 atm  RadLength:   1.123 cm 
   --->  Element:   Oxygen  O   Z =  8.0   N =  16.0   A =  16.00 g/mole  fractionMass:  15.41 %  Abundance  63.16 %
   --->  Element: Germanium Ge   Z = 32.0   N =  72.6   A =  72.59 g/mole  fractionMass:  17.48 %  Abundance  15.79 %
   --->  Element:  Bismuth Bi   Z = 83.0   N = 209.0   A = 208.98 g/mole  fractionMass:  67.10 %  Abundance  21.05 %

 Material:    PbWO4     density:  8.280 g/cm3   temperature: 273.15 K  pressure:   1.00 atm  RadLength:   8.924 mm 
   --->  Element:   Oxygen  O   Z =  8.0   N =  16.0   A =  16.00 g/mole  fractionMass:  14.07 %  Abundance  66.67 %
   --->  Element:     Lead Pb   Z = 82.0   N = 207.2   A = 207.19 g/mole  fractionMass:  45.53 %  Abundance  16.67 %
   --->  Element: Tungsten  W   Z = 74.0   N = 183.8   A = 183.84 g/mole  fractionMass:  40.40 %  Abundance  16.67 %

 Material:     Lead     density: 11.350 g/cm3   temperature: 273.15 K  pressure:   1.00 atm  RadLength:   5.612 mm 
   --->  Element:     Lead Pb   Z = 82.0   N = 207.2   A = 207.19 g/mole  fractionMass: 100.00 %  Abundance 100.00 %


===================================================
# $Id: Eplus.out,v 1.1 1999-10-21 15:31:04 maire Exp $
#
# Macro file for "TestEm2.cc" 
# (can be run in batch, without graphic)
#
# H2O L = 9.97 radl  R = 0.665 radl; electron 1 GeV
#
#  Experimental results: Electron-induced cascade showers
#                        J&H Crannel - Phys. Rev. 184-2 - August69
#
#
/calor/setMat Water
/calor/setLbin 9 1.11
/calor/setRbin 6 0.111
/calor/update
Absorber is 3.60564   m of Water
#
/run/particle/setCut 5.0 mm
/run/initialize
Em2PhysicsList::SetCuts:CutLength : 5 (mm)

phot:  Total cross sections from a parametrisation. Good description from 10 KeV to 50 MeV for all Z
        Sandia crossSection below 50 KeV
       PhysicsTables from 50 keV to 50 MeV in 100 bins. 

compt:  Total cross sections from a parametrisation. Good description from 10 KeV to (100/Z) GeV. 
        Scattered gamma energy according Klein-Nishina.
        PhysicsTables from 10 keV to 100 GeV in 100 bins. 

conv:  Total cross sections from a parametrisation. Good description from 1.5 MeV to 100 GeV for all Z. 
        e+e- energies according Bethe-Heitler
        PhysicsTables from 1.022 MeV to 100 GeV in 100 bins. 

msc:   Tables of transport mean free paths.
          New model of MSC , computes the lateral 
          displacement of the particle , too.
        PhysicsTables from 100 eV  to 100 TeV in 100 bins. 

eIoni+:  delta cross sections from Moller+Bhabha. Good description from 1 KeV to 100 GeV.
        delta ray energy sampled from  differential Xsection.
        PhysicsTables from 1 keV to 100 TeV in 100 bins. 

 eIoni+ Minimum Delta cut in range=0.01  mm.
 min. delta energies (keV) 
   material         min.delta energy 

                 Air              1
               Water         12.703
                 lAr         10.381
                  Al         26.315
                  Fe         50.981
                 BGO         40.668
               PbWO4         43.691
                Lead         49.135

eBrem+:  Total cross sections from a parametrisation. Good description from 1 KeV to 100 GeV.
        log scale extrapolation above 100 GeV 
        Gamma energy sampled from a parametrised formula.
        PhysicsTables from 1 keV to 100 TeV in 100 bins. 

annihil:  Total cross section from Heilter formula (annihilation into 2 photons).
        gamma energies sampled according Heitler
        PhysicsTables from 10 keV to 10 TeV in 100 bins. 

msc:   Tables of transport mean free paths.
          New model of MSC , computes the lateral 
          displacement of the particle , too.
        PhysicsTables from 100 eV  to 100 TeV in 100 bins. 

hIoni:    Knock-on electron cross sections . 
         Good description above the mean excitation energy.
         delta ray energy sampled from  differential Xsection.
        PhysicsTables from 1 keV to 100 TeV in 150 bins. 

msc:   Tables of transport mean free paths.
          New model of MSC , computes the lateral 
          displacement of the particle , too.
        PhysicsTables from 100 eV  to 100 TeV in 100 bins. 

MuIoni:  knock-on electron cross sections .
          Good description above the mean excitation energy.
         delta ray energy sampled from  differential Xsection.
      PhysicsTables from 1 keV to 1000 PeV in 100 bins. 

MuBrems:  theoretical cross section 
          Good description up to 1000 TeV.
    PhysicsTables from 1 GeV to 1000 PeV in 100 bins. 

MuPairProd:  theoretical cross sections 
          Good description up to 1000 TeV.
    PhysicsTables from 1 GeV to 1000 PeV in 50 bins. 
    
============= The cut Energy ==============================
                            gamma              e-             mu-          proton         neutron    
Cut in range                  5 mm            5 mm            5 mm            5 mm            5 mm 
Cut in energy
                Air         990 eV         3.24 keV         156 keV         326 keV         990 eV 
              Water        5.78 keV        1.16 MeV        8.21 MeV          22 MeV         990 eV 
                lAr        13.6 keV        1.16 MeV        8.01 MeV        20.9 MeV         990 eV 
                 Al        14.6 keV        2.31 MeV        12.5 MeV        32.6 MeV         990 eV 
                 Fe        46.4 keV        6.11 MeV        21.5 MeV        54.7 MeV         990 eV 
                BGO         126 keV        4.72 MeV        18.1 MeV        45.7 MeV         990 eV 
              PbWO4         137 keV        5.34 MeV        19.4 MeV        48.3 MeV         990 eV 
               Lead         204 keV        6.83 MeV          22 MeV          54 MeV         990 eV 
===================================================
#
/run/verbose 2
/event/drawTracks none
/event/printModulo 10
/run/save on
#
/gun/particle electron
/gun/energy 1 GeV
/run/beamOn 500

### Run 0 start.
Start closing geometry.
Start Run processing.
Run terminated.

Run Summary
  Number of events processed : 500
  User=100.57s Real=120.33s Sys=19.717s
  
                 LATERAL PROFILE                         CUMULATIVE LATERAL PROFILE

        bin              Mean         rms                 bin            Mean      rms 

    0.00-> 1.11 radl:   13.87%       5.68%             0-> 1.11 radl:   13.87%     5.68% 
    1.11-> 2.22 radl:   24.66%      10.61%             0-> 2.22 radl:   38.53%    13.74% 
    2.22-> 3.33 radl:   23.04%       9.80%             0-> 3.33 radl:   61.57%    16.50% 
    3.33-> 4.44 radl:   14.08%       7.91%             0-> 4.44 radl:   75.65%    15.26% 
    4.44-> 5.55 radl:    8.47%       6.83%             0-> 5.55 radl:   84.12%    12.88% 
    5.55-> 6.66 radl:    5.00%       5.60%             0-> 6.66 radl:   89.12%    10.17% 
    6.66-> 7.77 radl:    2.86%       4.42%             0-> 7.77 radl:   91.98%     7.95% 
    7.77-> 8.88 radl:    1.66%       3.07%             0-> 8.88 radl:   93.64%     6.28% 
    8.88-> 9.99 radl:    1.01%       2.76%             0-> 9.99 radl:   94.65%     4.45% 



                  RADIAL PROFILE                         CUMULATIVE  RADIAL PROFILE

        bin              Mean         rms                 bin            Mean      rms 

    0.00-> 0.11 radl:   66.43%      10.32%             0-> 0.11 radl:   66.43%    10.32% 
    0.11-> 0.22 radl:   16.35%       6.90%             0-> 0.22 radl:   82.78%     7.48% 
    0.22-> 0.33 radl:    6.10%       4.09%             0-> 0.33 radl:   88.88%     5.54% 
    0.33-> 0.44 radl:    2.86%       2.20%             0-> 0.44 radl:   91.74%     4.90% 
    0.44-> 0.56 radl:    1.79%       1.62%             0-> 0.56 radl:   93.53%     4.56% 
    0.56-> 0.67 radl:    1.12%       1.19%             0-> 0.67 radl:   94.65%     4.45% 


                              SUMMARY
                         energy deposit :   94.65 % E0 +-    4.45 % E0
                         charged traklen:   13.68 radl +-    0.65 radl
                         neutral traklen:  190.92 radl +-   19.06 radl

