
1           USER'S DIRECTIVES TO RUN THIS JOB
            ----------------------------------


 ***** DATA CARD CONTENT      LIST                                                                            
 ***** DATA CARD CONTENT      C                                                                               
 ***** DATA CARD CONTENT      C       Eloss only; no fluctuation; e- 1 Gev                                    
 ***** DATA CARD CONTENT      C                                                                               
 ***** DATA CARD CONTENT      CALOR   5 (Imat) 2000. (size) 0. (field)                                        
 ***** DATA CARD CONTENT      TRIG    100                                                                     
 ***** DATA CARD CONTENT      KINE    3 (Itype)   1.000 (Ekine)                                               
 ***** DATA CARD CONTENT      DEBUG   10  5 1000                                                              
 ***** DATA CARD CONTENT      SWIT    0 (draw) 0 (save)                                                       
 ***** DATA CARD CONTENT      CUTS    10.E-6 (cutgam)    10.E-6 (cutele)  3*10.E-3 (cutneu/had/muo)           
 ***** DATA CARD CONTENT            2*10.E+3 (bcute/m) 2*10.E+3 (dcute/m)   10.E-3 (ppcutm)                   
 ***** DATA CARD CONTENT      ABAN    0                                                                       
 ***** DATA CARD CONTENT      PHOT    0                                                                       
 ***** DATA CARD CONTENT      COMP    0                                                                       
 ***** DATA CARD CONTENT      PAIR    0                                                                       
 ***** DATA CARD CONTENT      MULS    0                                                                       
 ***** DATA CARD CONTENT      LOSS    4                                                                       
 ***** DATA CARD CONTENT      TIME    2=1.                                                                    
 ***** DATA CARD CONTENT      END                                                                             
 ***** DATA CARD CONTENT     END                                                                             

1************************************************************
 *                                                          *
 *    G E A N T  Version 3.2111      DATE/TIME 981104/1826  *
 *                                                          *
 *                      R U N      1                        *
 *                                                          *
 ************************************************************
 *                                                          *
 *      Data structure   Date   Time    GVERSN    ZVERSN    *
 *      --------------   ----   ----    ------    ------    *
 *                                                          *
 *           INIT       981104  1826    3.2111     3.77     *
 *                                                          *
 *           KINE       981104  1826    3.2111     3.77     *
 *                                                          *
 *           HITS       981104  1826    3.2111     3.77     *
 *                                                          *
 *           DIGI       981104  1826    3.2111     3.77     *
 *                                                          *
 *     Random number seeds:          9876        54321      *
 *     --------------------                                 *
 *                                                          *
 *----------------------------------------------------------*
 *                                                          *
 *              Standard TPAR for this run are              *
 *              ------------------------------              *
 *                                                          *
 *  CUTGAM= 10.00 keV  CUTELE= 10.00 keV  CUTNEU= 10.00 MeV *
 *  CUTHAD= 10.00 MeV  CUTMUO= 10.00 MeV                    *
 *  BCUTE = 10.00 TeV  BCUTM = 10.00 TeV                    *
 *  DCUTE = 10.00 TeV  DCUTM = 10.00 TeV  PPCUTM= 10.00 MeV *
 *  IPAIR =        0.  ICOMP =        0.  IPHOT =        0. *
 *  IPFIS =        0.  IDRAY =        1.  IANNI =        1. *
 *  IBREM =        1.  IHADR =        1.  IMUNU =        1. *
 *  IDCAY =        1.  ILOSS =        4.  IMULS =        0. *
 *  IRAYL =        0.  ILABS =        0.  ISYNC =        0. *
 *  ISTRA =        0.                                       *
 *                                                          *
 *                                                          *
 ************************************************************


0===================================================     MATERIALS      ==================================================
0MATERIAL                           A         Z     DENSITY  RADIAT L  ABSORP L NMIXT

        1 Air                     14.607     7.300      .001  .284E+05  .808E+05   2     A      Z     W
                                                                                        14.01   7.00   .700
                                                                                        16.00   8.00   .300
        2 H2 Liquid                1.010     1.000      .071  .865E+03  .790E+03   1
        3 Water                   14.320     7.215     1.000  .358E+02  .949E+02   2     A      Z     W
                                                                                         1.01   1.00   .112
                                                                                        16.00   8.00   .888
        4 Liquid Ar               39.950    18.000     1.390  .140E+02  .840E+02   1
        5 Aluminium               26.980    13.000     2.700  .890E+01  .372E+02   1
        6 Iron                    55.850    26.000     7.870  .176E+01  .171E+02   1
        7 Lead                   207.190    82.000    11.350  .560E+00  .185E+02   1
        8 Uranium                238.030    92.000    18.950  .320E+00  .120E+02   1
0===================================================   TRACKING MEDIA   ==================================================
0TMED                          MATERIAL ISVOL IFIELD  FIELDM  TMAXFD  STEMAX    DEEMAX   EPSIL   STMIN

      1 Container                  5       0     0       .00   10.00  .100E+11    .183    .001    .015
0===================================================      VOLUMES       ==================================================
0VOLUME NAME  NUMED SHAPE NPAR  PARAMETERS

      1 aBox    1   BOX     3    .100E+04  .100E+04  .100E+04

   Kine     Name          Type     Px         Py         Pz       Energy     Vorigin  Vgener
     1      ELECTRON        3     1.0005      .0000      .0000     1.0005     1.0000


 nb tracks/event neutral:     .00  charged:    1.00
 nb steps/event  neutral:     .00  charged:   44.00


 nb of process calls per event: 
        NEXT     MULS     LOSS     FIEL     DCAY     PAIR     COMP     PHOT     BREM     DRAY     ANNI     MUNU
         .00      .00    43.00      .00      .00      .00      .00      .00      .00      .00      .00      .00


1         **** NUMBER OF EVENTS PROCESSED =       100
          **** RANDOM NUMBER GENERATOR AFTER LAST COMPLETE EVENT   1495625896   421576840
          **** TIME TO PROCESS ONE EVENT IS =     .0010 SECONDS



Constructing Visualization Manager....
Initialising Visualization Manager....
Registering graphics systems....

***** Table : Nb of materials = 8 *****

 Material:      Air  density:  1.290 mg/cm3  temperature: 273.15 K  pressure:   1.00 atm  RadLength: 285.161   m
   --->  Element: Nitrogen  N   Z =  7.0   N =  14.0   A =  14.01 g/mole  fractionMass:  70.00 %  Abundance  72.71 %
   --->  Element:   Oxygen  O   Z =  8.0   N =  16.0   A =  16.00 g/mole  fractionMass:  30.00 %  Abundance  27.29 %

 Material: H2liquid  density: 70.800 mg/cm3  temperature: 273.15 K  pressure:   1.00 atm  RadLength:   8.923   m
   --->  Element: Hydrogen  H   Z =  1.0   N =   1.0   A =   1.01 g/mole  fractionMass: 100.00 %  Abundance 100.00 %

 Material:    Water  density:  1.000  g/cm3  temperature: 273.15 K  pressure:   1.00 atm  RadLength:  36.092  cm
   --->  Element: Hydrogen  H   Z =  1.0   N =   1.0   A =   1.01 g/mole  fractionMass:  11.21 %  Abundance  66.67 %
   --->  Element:   Oxygen  O   Z =  8.0   N =  16.0   A =  16.00 g/mole  fractionMass:  88.79 %  Abundance  33.33 %

 Material: liquidArgon  density:  1.390  g/cm3  temperature: 273.15 K  pressure:   1.00 atm  RadLength:  14.065  cm
   --->  Element: liquidArgon      Z = 18.0   N =  40.0   A =  39.95 g/mole  fractionMass: 100.00 %  Abundance 100.00 %

 Material: Aluminium  density:  2.700  g/cm3  temperature: 273.15 K  pressure:   1.00 atm  RadLength:   8.893  cm
   --->  Element: Aluminium      Z = 13.0   N =  27.0   A =  26.98 g/mole  fractionMass: 100.00 %  Abundance 100.00 %

 Material:     Iron  density:  7.870  g/cm3  temperature: 273.15 K  pressure:   1.00 atm  RadLength:   1.759  cm
   --->  Element:     Iron      Z = 26.0   N =  55.9   A =  55.85 g/mole  fractionMass: 100.00 %  Abundance 100.00 %

 Material:     Lead  density: 11.350  g/cm3  temperature: 273.15 K  pressure:   1.00 atm  RadLength:   5.612  mm
   --->  Element:     Lead      Z = 82.0   N = 207.2   A = 207.19 g/mole  fractionMass: 100.00 %  Abundance 100.00 %

 Material:  Uranium  density: 18.950  g/cm3  temperature: 273.15 K  pressure:   1.00 atm  RadLength:   3.861  mm
   --->  Element:  Uranium      Z = 82.0   N = 238.0   A = 238.03 g/mole  fractionMass: 100.00 %  Abundance 100.00 %



 The Box is 20   m of Aluminium
Em1PhysicsList::SetCuts:CutLength : 1 (mm)


#
# Macro file for "TestEm1.cc"
# (can be run in batch, without graphic)
#
# Eloss only; no fluctuation; e- 1 GeV
#
#
/run/initialize
#
/process/eLoss/StepFunction 0.183 170 micrometer
/calor/cutG  95 cm
/run/cutoffModified
/calor/cutE  95 cm
/run/cutoffModified
/run/initialize
Em1PhysicsList::SetCuts:CutLength : 1 (mm)
******** SetCuts for gamma ********************
The maximal meaningful cut is 8.6e+02 mm.
All the gammawill be killed !
in the material Aluminium.
******** SetCuts for gamma ********************
The maximal meaningful cut is 2.1e+02 mm.
All the gammawill be killed !
in the material Iron.
******** SetCuts for gamma ********************
The maximal meaningful cut is 1.1e+02 mm.
All the gammawill be killed !
in the material Lead.
******** SetCuts for gamma ********************
The maximal meaningful cut is 74 mm.
All the gammawill be killed !
in the material Uranium.

phot:  Total cross sections from a parametrisation(L.Urban). Good description from 10 KeV to 50 MeV for all Z
        PhysicsTables from 10 keV to 50 MeV in 100 bins. 

compt:  Total cross sections from a parametrisation(L.Urban). Good description from 10 KeV to (100/Z) GeV. 
        Scattered gamma energy according Klein-Nishina.
        PhysicsTables from 10 keV to 1e+02 GeV in 100 bins. 

conv:  Total cross sections from a parametrisation(L.Urban). Good description from 1.5 MeV to 100 GeV for all Z. 
        e+e- energies according Bethe-Heitler
        PhysicsTables from 1 MeV to 1e+02 GeV in 100 bins. 

msc:   Tables of transport mean free paths.
          New model of MSC , computes the lateral 
          displacement of the particle , too.
        PhysicsTables from 1e+02  eV to 1e+02 TeV in 100 bins. 

eIoni:  delta cross sections from Moller+Bhabha. Good description from 1 KeV to 100 GeV.
        delta ray energy sampled from  differential Xsection.
        PhysicsTables from 1 keV to 1e+02 TeV in 100 bins. 

eBrem:  Total cross sections from a parametrisation(L.Urban). Good description from 1 KeV to 100 GeV.
        log scale extrapolation above 100 GeV 
        Gamma energy sampled from a parametrised formula.
        PhysicsTables from 1 keV to 1e+02 TeV in 100 bins. 

annihil:  Total cross section from Heilter formula (annihilation into 2 photons).
        gamma energies sampled according Heitler
        PhysicsTables from 10 keV to 10 TeV in 100 bins. 

msc:   Tables of transport mean free paths.
          New model of MSC , computes the lateral 
          displacement of the particle , too.
        PhysicsTables from 1e+02  eV to 1e+02 TeV in 100 bins. 

hIoni:    Knock-on electron cross sections . 
         Good description above the mean excitation energy.
         delta ray energy sampled from  differential Xsection.
        PhysicsTables from 1 keV to 1e+02 TeV in 100 bins. 

msc:   Tables of transport mean free paths.
          New model of MSC , computes the lateral 
          displacement of the particle , too.
        PhysicsTables from 1e+02  eV to 1e+02 TeV in 100 bins. 

MuIoni:  knock-on electron cross sections .
          Good description above the mean excitation energy.
         delta ray energy sampled from  differential Xsection.
      PhysicsTables from 1 keV to 1e+03 PeV in 100 bins. 

MuBrems:  cross sections from R. Kokoulin 
          Good description up to 1000 TeV.
    PhysicsTables from 1 GeV to 1e+03 PeV in 100 bins. 

MuPairProd:  cross sections from R. Kokoulin 
          Good description up to 1000 TeV.
    PhysicsTables from 1 GeV to 1e+03 PeV in 50 bins. 
/run/particle/dumpCutValues
Default cut value in range :1[mm]
============= The cut Energy ==============================
                          gamma          e-         mu-      proton     neutron
Cut in range [mm]       9.5e+02     9.5e+02           1           1           1
Cut in energy [KeV]
                Air         3.1     3.6e+02          48          83        0.99
           H2liquid        0.99     3.2e+04     1.2e+03     3.2e+03        0.99
              Water     7.7e+02     9.6e+05     3.4e+03       9e+03        0.99
        liquidArgon     1.4e+03     2.7e+07     3.2e+03     8.3e+03        0.99
          Aluminium    infinity     8.3e+09       5e+03     1.3e+04        0.99
               Iron    infinity    infinity     8.5e+03     2.2e+04        0.99
               Lead    infinity    infinity     8.5e+03     2.1e+04        0.99
            Uranium    infinity    infinity     1.1e+04     2.6e+04        0.99
===================================================
#
/process/inactivate phot
/process/inactivate compt
/process/inactivate conv
/process/inactivate msc
/process/eLoss/fluct 0
#
/run/verbose 2
/event/drawTracks none
#
/gun/particle e-
/gun/energy 1 GeV
/run/beamOn 100
### Run 0 start.
Start closing geometry.
Start Run processing.
Run terminated.
Run Summary
  Number of events processed : 100
  User=0.43s Real=0.76s Sys=0.11s

 nb tracks/event   neutral:    0.00   charged:    1.00
 nb  steps/event   neutral:    0.00   charged:   28.00

 nb of process calls per event: 
       eIoni
       28.00


   Kine     Name          Type     Px         Py         Pz       Energy     Vorigin  Vgener
     1      ELECTRON        3     1.0005     0.0000     0.0000     1.0005     1.0000
 =====> TRACK    1 STACK NR   0 NTMULT=    1     ELECTRON                 TOFG =     0.000 NS
       X          Y          Z          R     NAME  NUMBER   SLENG      STEP      DESTEP     GEKIN   MECHANISMS
      0.0000     0.0000     0.0000     0.0000 aBox    1     0.0000    0.0000    0.0  eV    1.000 GeV NULL
      1.8000     0.0000     0.0000     1.8000 aBox    1     1.8000    1.8000  185.5 MeV  814.541 MeV LOSS
      3.5834     0.0000     0.0000     3.5834 aBox    1     3.5834    1.7834  151.3 MeV  663.234 MeV LOSS
      5.3460     0.0000     0.0000     5.3460 aBox    1     5.3460    1.7626  123.3 MeV  539.941 MeV LOSS
      7.0844     0.0000     0.0000     7.0844 aBox    1     7.0844    1.7385  100.4 MeV  439.545 MeV LOSS
      8.7944     0.0000     0.0000     8.7944 aBox    1     8.7944    1.7099   81.7 MeV  357.853 MeV LOSS
     10.4704     0.0000     0.0000    10.4704 aBox    1    10.4704    1.6760   66.4 MeV  291.407 MeV LOSS
     12.1068     0.0000     0.0000    12.1068 aBox    1    12.1068    1.6364   54.0 MeV  237.364 MeV LOSS
     13.6979     0.0000     0.0000    13.6979 aBox    1    13.6979    1.5911   43.7 MeV  193.714 MeV LOSS
     15.2376     0.0000     0.0000    15.2376 aBox    1    15.2376    1.5397   35.7 MeV  157.979 MeV LOSS
     16.7188     0.0000     0.0000    16.7188 aBox    1    16.7188    1.4812   29.2 MeV  128.766 MeV LOSS
     18.1312     0.0000     0.0000    18.1312 aBox    1    18.1312    1.4124   23.8 MeV  104.951 MeV LOSS
     19.4670     0.0000     0.0000    19.4670 aBox    1    19.4670    1.3358   19.4 MeV   85.556 MeV LOSS
     20.7200     0.0000     0.0000    20.7200 aBox    1    20.7200    1.2530   15.8 MeV   69.764 MeV LOSS
     21.8848     0.0000     0.0000    21.8848 aBox    1    21.8848    1.1648   12.9 MeV   56.905 MeV LOSS
     22.9576     0.0000     0.0000    22.9576 aBox    1    22.9576    1.0728   10.5 MeV   46.429 MeV LOSS
     23.9362     0.0000     0.0000    23.9362 aBox    1    23.9362    0.9786    8.5 MeV   37.890 MeV LOSS
     24.8204     0.0000     0.0000    24.8204 aBox    1    24.8204    0.8843    7.0 MeV   30.939 MeV LOSS
     25.6120     0.0000     0.0000    25.6120 aBox    1    25.6120    0.7916    5.7 MeV   25.255 MeV LOSS
     26.3136     0.0000     0.0000    26.3136 aBox    1    26.3136    0.7016    4.6 MeV   20.612 MeV LOSS
     26.9286     0.0000     0.0000    26.9286 aBox    1    26.9286    0.6150    3.8 MeV   16.828 MeV LOSS
     27.4637     0.0000     0.0000    27.4637 aBox    1    27.4637    0.5351    3.1 MeV   13.742 MeV LOSS
     27.9261     0.0000     0.0000    27.9261 aBox    1    27.9261    0.4624    2.5 MeV   11.225 MeV LOSS
     28.3232     0.0000     0.0000    28.3232 aBox    1    28.3232    0.3971    2.1 MeV    9.169 MeV LOSS
     28.6624     0.0000     0.0000    28.6624 aBox    1    28.6624    0.3392    1.7 MeV    7.490 MeV LOSS
     28.9508     0.0000     0.0000    28.9508 aBox    1    28.9508    0.2883    1.4 MeV    6.118 MeV LOSS
     29.1948     0.0000     0.0000    29.1948 aBox    1    29.1948    0.2440    1.1 MeV    4.997 MeV LOSS
     29.4005     0.0000     0.0000    29.4005 aBox    1    29.4005    0.2057  915.9 keV    4.081 MeV LOSS
     29.5731     0.0000     0.0000    29.5731 aBox    1    29.5731    0.1726  747.5 keV    3.334 MeV LOSS
     29.7174     0.0000     0.0000    29.7174 aBox    1    29.7174    0.1443  610.2 keV    2.724 MeV LOSS
     29.8376     0.0000     0.0000    29.8376 aBox    1    29.8376    0.1202  498.4 keV    2.225 MeV LOSS
     29.9374     0.0000     0.0000    29.9374 aBox    1    29.9374    0.0998  407.1 keV    1.818 MeV LOSS
     30.0199     0.0000     0.0000    30.0199 aBox    1    30.0199    0.0824  332.6 keV    1.485 MeV LOSS
     30.0876     0.0000     0.0000    30.0876 aBox    1    30.0876    0.0677  271.8 keV    1.214 MeV LOSS
     30.1429     0.0000     0.0000    30.1429 aBox    1    30.1429    0.0553  221.7 keV  991.869 keV LOSS
     30.1877     0.0000     0.0000    30.1877 aBox    1    30.1877    0.0448  181.3 keV  810.545 keV LOSS
     30.2236     0.0000     0.0000    30.2236 aBox    1    30.2236    0.0359  148.2 keV  662.335 keV LOSS
     30.2522     0.0000     0.0000    30.2522 aBox    1    30.2522    0.0285  121.2 keV  541.166 keV LOSS
     30.2746     0.0000     0.0000    30.2746 aBox    1    30.2746    0.0224   99.1 keV  442.074 keV LOSS
     30.2922     0.0000     0.0000    30.2922 aBox    1    30.2922    0.0176   81.4 keV  360.639 keV LOSS
     30.3076     0.0000     0.0000    30.3076 aBox    1    30.3076    0.0154   76.4 keV  284.286 keV LOSS
     30.3230     0.0000     0.0000    30.3230 aBox    1    30.3230    0.0154   84.8 keV  199.535 keV LOSS
     30.3384     0.0000     0.0000    30.3384 aBox    1    30.3384    0.0154  102.1 keV   97.427 keV LOSS
     30.3449     0.0000     0.0000    30.3449 aBox    1    30.3449    0.0065   97.4 keV    0.000  eV LOSS STOP


*********************************************************************************************************
* G4Track Information:   Particle = e-,   Track ID = 1,   Parent ID = 0
*********************************************************************************************************

Step#    X(mm)    Y(mm)    Z(mm) KinE(MeV)  dE(MeV) StepLeng TrackLeng  NextVolume ProcName
    0        0        0        0     1e+03        0        0         0   Container initStep
    1     55.7        0        0       534      466     55.7      55.7   Container eIoni
    2      101        0        0       310      224     45.7       101   Container eIoni
    3      139        0        0       195      115     37.4       139   Container eIoni
    4      169        0        0       129     65.6     30.6       169   Container eIoni
    5      195        0        0      89.4     39.8     25.1       195   Container eIoni
    6      215        0        0      64.1     25.3     20.5       215   Container eIoni
    7      232        0        0        47       17     16.8       232   Container eIoni
    8      246        0        0      35.2     11.8     13.7       246   Container eIoni
    9      257        0        0      26.8     8.44     11.2       257   Container eIoni
   10      266        0        0      20.6      6.2     9.17       266   Container eIoni
   11      273        0        0        16     4.63      7.5       273   Container eIoni
   12      280        0        0      12.5     3.51     6.13       280   Container eIoni
   13      285        0        0      9.77      2.7     5.01       285   Container eIoni
   14      289        0        0      7.68     2.09     4.09       289   Container eIoni
   15      292        0        0      6.04     1.63     3.34       292   Container eIoni
   16      295        0        0      4.76     1.28     2.73       295   Container eIoni
   17      297        0        0      3.75     1.01     2.23       297   Container eIoni
   18      299        0        0      2.94    0.803     1.82       299   Container eIoni
   19      300        0        0       2.3     0.64     1.49       300   Container eIoni
   20      301        0        0      1.79    0.511     1.22       301   Container eIoni
   21      302        0        0      1.38    0.411    0.992       302   Container eIoni
   22      303        0        0      1.05    0.332    0.809       303   Container eIoni
   23      304        0        0     0.778    0.272    0.658       304   Container eIoni
   24      304        0        0     0.553    0.225    0.532       304   Container eIoni
   25      305        0        0     0.361    0.192    0.426       305   Container eIoni
   26      305        0        0     0.187    0.174    0.327       305   Container eIoni
   27      305        0        0   0.00223    0.184     0.19       305   Container eIoni
   28      305        0        0         0  0.00223  0.00209       305   Container eIoni

