Unit category <Error tolerance> is not defined.
**********************************************
 Geant4 version $Name: not supported by cvs2svn $
                                (29-Jun-2001)
             Copyright : Geant4 Collaboration
**********************************************
G4VUserPhysicsList::SetVerboseLevel  : Verbose level is set to 2
Matrial available: Beryllium
Matrial available: Aluminum
Matrial available: Carbon
Matrial available: Silicon
Matrial available: liquidArgon
Matrial available: Iron
Matrial available: Copper
Matrial available: Gold
Matrial available: Lead
Matrial available: Water
Matrial available: Methane
Matrial available: Graphite

***** Table : Nb of materials = 13 *****

 Material: Beryllium            density:  1.848 g/cm3  temperature: 273.15 K  pressure:   1.00 atm  RadLength:  35.267 cm
   --->  Element: Beryllium    Z =  4.0   N =   9.0   A =   9.01 g/mole  fractionMass: 100.00 %  Abundance 100.00 %

 Material: Aluminum            density:  2.700 g/cm3  temperature: 273.15 K  pressure:   1.00 atm  RadLength:   8.893 cm
   --->  Element: Aluminum    Z = 13.0   N =  27.0   A =  26.98 g/mole  fractionMass: 100.00 %  Abundance 100.00 %

 Material: Carbon            density:  2.000 g/cm3  temperature: 273.15 K  pressure:   1.00 atm  RadLength:  21.348 cm
   --->  Element: Carbon    Z =  6.0   N =  12.0   A =  12.01 g/mole  fractionMass: 100.00 %  Abundance 100.00 %

 Material: Silicon            density:  2.330 g/cm3  temperature: 273.15 K  pressure:   1.00 atm  RadLength:   9.368 cm
   --->  Element: Silicon    Z = 14.0   N =  28.1   A =  28.09 g/mole  fractionMass: 100.00 %  Abundance 100.00 %

 Material: liquidArgon            density:  1.390 g/cm3  temperature: 273.15 K  pressure:   1.00 atm  RadLength:  14.065 cm
   --->  Element: liquidArgon    Z = 18.0   N =  40.0   A =  39.95 g/mole  fractionMass: 100.00 %  Abundance 100.00 %

 Material: Iron            density:  7.870 g/cm3  temperature: 273.15 K  pressure:   1.00 atm  RadLength:   1.759 cm
   --->  Element: Iron    Z = 26.0   N =  55.9   A =  55.85 g/mole  fractionMass: 100.00 %  Abundance 100.00 %

 Material: Copper            density:  8.960 g/cm3  temperature: 273.15 K  pressure:   1.00 atm  RadLength:   1.436 cm
   --->  Element: Copper    Z = 29.0   N =  63.5   A =  63.55 g/mole  fractionMass: 100.00 %  Abundance 100.00 %

 Material: Gold            density: 19.320 g/cm3  temperature: 273.15 K  pressure:   1.00 atm  RadLength:   3.344 mm
   --->  Element: Gold    Z = 79.0   N = 197.0   A = 196.97 g/mole  fractionMass: 100.00 %  Abundance 100.00 %

 Material: Lead            density: 11.350 g/cm3  temperature: 273.15 K  pressure:   1.00 atm  RadLength:   5.612 mm
   --->  Element: Lead    Z = 82.0   N = 207.2   A = 207.19 g/mole  fractionMass: 100.00 %  Abundance 100.00 %

 Material: Water        H_2O   density:  1.000 g/cm3  temperature: 273.15 K  pressure:   1.00 atm  RadLength:  36.092 cm
   --->  Element: HydrogenH   Z =  1.0   N =   1.0   A =   1.01 g/mole  fractionMass:  11.21 %  Abundance  66.67 %
   --->  Element: OxygenO   Z =  8.0   N =  16.0   A =  16.00 g/mole  fractionMass:  88.79 %  Abundance  33.33 %

 Material: Methane        CH_4   density:  0.667 mg/cm3  temperature: 273.15 K  pressure:   1.00 atm  RadLength: 696.375 m
   --->  Element: HydrogenH   Z =  1.0   N =   1.0   A =   1.01 g/mole  fractionMass:  25.19 %  Abundance  80.00 %
   --->  Element: CarbonC   Z =  6.0   N =  12.0   A =  12.00 g/mole  fractionMass:  74.81 %  Abundance  20.00 %

 Material: Graphite        Graphite   density:  2.265 g/cm3  temperature: 273.15 K  pressure:   1.00 atm  RadLength:  18.834 cm
   --->  Element: CarbonC   Z =  6.0   N =  12.0   A =  12.00 g/mole  fractionMass: 100.00 %  Abundance 100.00 %

 Material: Air            density:  1.000 mg/cm3  temperature: 273.15 K  pressure:   1.00 atm  RadLength: 367.858 m
   --->  Element: NitrogenN   Z =  7.0   N =  14.0   A =  14.01 g/mole  fractionMass:  70.00 %  Abundance  72.71 %
   --->  Element: OxygenO   Z =  8.0   N =  16.0   A =  16.00 g/mole  fractionMass:  30.00 %  Abundance  27.29 %



 The  WORLD   is made of 21 cm of Air. The transverse size (YZ) of the world is 12 cm
 The ABSORBER is made of 1 items of 10 cm of Water. The transverse size (YZ) is 10 cm
 X position of the middle of the absorber 0 fm
G4VUserPhysicsList::Construct()
Construct particles 
Construct processes 
Ionic processes for IonC12
Ionic processes for alpha
Hadronic processes for anti_proton
Ionic processes for deuteron
Hadronic processes for kaon+
Hadronic processes for kaon-
MuonMinusCaptureAtRest is created 
MuonMinusCaptureAtRest is created 
Hadronic processes for pi+
Hadronic processes for pi-
Hadronic processes for proton
Test17PhysicsList::SetCuts:CutLength : 100 mum
Set cuts for all particles! 
G4VUserPhysicsList::SetCutValue       :Set cuts for gamma

phot:  Total cross sections from a parametrisation. Good description from 10 KeV to 50 MeV for all Z
        Sandia crossSection below 50 KeV
       PhysicsTables from 50 keV to 50 MeV in 100 bins. 

compt:  Total cross sections from a parametrisation. Good description from 10 KeV to (100/Z) GeV. 
       Scattered gamma energy according Klein-Nishina.
        PhysicsTables from 10 keV to 100 GeV in 100 bins. 

conv:  Total cross sections from a parametrisation. Good description from 1.5 MeV to 100 GeV for all Z. 
        e+e- energies according Bethe-Heitler
        PhysicsTables from 1.022 MeV to 100 GeV in 100 bins. 
G4VUserPhysicsList::SetCutValue       :Set cuts for e-

msc:   Tables of transport mean free paths.
          New model of MSC , computes the lateral 
          displacement of the particle , too.
        PhysicsTables from 100 eV to 100 TeV in 100 bins. 

eIoni:  delta cross sections from Moller+Bhabha. Good description from 1 KeV to 100 GeV.
        delta ray energy sampled from  differential Xsection.
        PhysicsTables from 1 keV to 100 TeV in 100 bins. 

eBrem:  Total cross sections from a NEW parametrisation based on the EEDL data library. 
 Good description from 1 KeV to 100 GeV.
        log scale extrapolation above 100 GeV 
        Gamma energy sampled from a parametrised formula.
        PhysicsTables from 1 keV to 100 TeV in 100 bins. 
G4VUserPhysicsList::SetCutValue       :Set cuts for e+

annihil:  Total cross section from Heilter formula(annihilation into 2 photons).
        gamma energies sampled according Heitler
        PhysicsTables from 10 keV to 10 TeV in 100 bins. 
G4VUserPhysicsList::SetCutValue       :Set cuts for mu-
G4VUserPhysicsList::SetCutValue       :Set cuts for mu+

msc:   Tables of transport mean free paths.
          New model of MSC , computes the lateral 
          displacement of the particle , too.
        PhysicsTables from 100 eV to 100 TeV in 100 bins. 

MuIoni:    Knock-on electron cross sections . 
         Good description above the mean excitation energy.
         delta ray energy sampled from  differential Xsection.
        PhysicsTables from 1 keV to 1000 PeV in 150 bins. 

MuBrems:  theoretical cross section 
          Good description up to 1000 PeV.
    PhysicsTables from 1 keV to 1000 PeV in 150 bins. 

MuPairProd:  theoretical cross sections 
          Good description up to 1000 PeV.
    PhysicsTables from 1 keV to 1000 PeV in 150 bins. 
G4VUserPhysicsList::SetCutValue       :Set cuts for proton

msc:   Tables of transport mean free paths.
          New model of MSC , computes the lateral 
          displacement of the particle , too.
        PhysicsTables from 100 eV to 100 TeV in 100 bins. 

hLowEIoni:    Knock-on electron cross sections . 
        Good description above the mean excitation energy.
        Delta ray energy sampled from  differential Xsection.
        PhysicsTables from 10 eV  to 100 TeV  in 200 bins.
        Electronic stopping power model is  ICRU_R49p
        from 1 keV  to 2 MeV .

        Parametrisation model for antiprotons is  ICRU_R49p
        from 5 keV  to 2 MeV .
        Parametrization of the Barkas effect is switched on.
        Nuclear stopping power model is ICRU_R49
G4VUserPhysicsList::SetCutValue       :Set cuts for anti_proton
G4VUserPhysicsList::SetCutValueForOthers   :0.1[mm]
Set cuts for He3
Set cuts for IonC12
Set cuts for alpha
Set cuts for anti_nu_e
Set cuts for anti_nu_mu
Set cuts for chargedgeantino
Set cuts for deuteron
Set cuts for geantino
Set cuts for kaon+
Set cuts for kaon-
Set cuts for neutron
Set cuts for nu_e
Set cuts for nu_mu
Set cuts for pi+
Set cuts for pi-
Set cuts for pi0
Set cuts for triton
============= The cut Energy ==============================
                      gamma            e-           
Cut in range                100 mum           100 mum
Cut in energy
 Beryllium                          984 eV           108 keV
   Aluminum                         2.33 keV           130 keV
   Carbon                         1.32 keV           118 keV
   Silicon                         2.29 keV           121 keV
   liquidArgon                         1.99 keV          82.5 keV
   Iron                         6.26 keV           235 keV
   Copper                         7.32 keV           250 keV
   Gold                         40.5 keV           348 keV
   Lead                         29.4 keV           241 keV
   Water                         1.08 keV          84.6 keV
   Methane                            1 eV          2.62 eV
   Graphite                         1.38 keV           128 keV
   Air                            1 eV          4.02 eV
===================================================
/run/verbose 1
#
#/run/initialize
#
/gun/particle proton
/gun/energy 500 keV
/tracking/verbose 0
/run/beamOn 10000
### Run 0 start.
Start Run processing.
EvtNo= 827  length= 0.00879862  xend= 0.00381338
EvtNo= 7065  length= 0.0186306  xend= -0.0118009
Run terminated.
Run Summary
  Number of events processed : 10000
  User=11.95s Real=12.05s Sys=0.01s
 ================== run summary =====================

 end of Run TotNbofEvents = 9998 for proton with Ekin = 0.5 MeV
    Track Length in absorber = 9.21897 +- 0.00208969  microns 
    CSDA  Range  in absorber = 9.00586 +- 0.00212364  microns 

    Energy deposit in absorber = 0.5  MeV 

### Comparison with the ICRU49 data: 
    Track Length (G4 - ICRU49) = 0.159972 +- 0.00208969 microns 
    CSDA  Range  (G4 - ICRU49) = 0.13686 +- 0.00212364 microns 

Average Number electrons per event = 0
Average Number photons per event   = 0

#
/gun/particle anti_proton
/run/beamOn 10000
### Run 1 start.
Start Run processing.
EvtNo= 160  length= 0.00962096  xend= 0.00214699
EvtNo= 341  length= 0.0095304  xend= 0.00412484
EvtNo= 1807  length= 0.00950738  xend= 0.00339889
EvtNo= 4410  length= 0.00936745  xend= 0.00372834
EvtNo= 5686  length= 0.00936745  xend= 0.00286315
EvtNo= 8924  length= 0.00935399  xend= 0.00410856
EvtNo= 8928  length= 0.00936745  xend= 0.00415206
Run terminated.
Run Summary
  Number of events processed : 10000
  User=13.77s Real=14.04s Sys=0s
 ================== run summary =====================

 end of Run TotNbofEvents = 9993 for anti_proton with Ekin = 0.5 MeV
    Track Length in absorber = 9.58539 +- 0.00215436  microns 
    CSDA  Range  in absorber = 9.27129 +- 0.0027553  microns 

    Energy deposit in absorber = 0.5  MeV 

Average Number electrons per event = 0
Average Number photons per event   = 0

#scaled energy
/gun/particle IonC12
/gun/energy 6000 keV
/run/beamOn 10000
### Run 2 start.
Start Run processing.
EvtNo= 4926  length= 0.00841309  xend= 0.00403149
Run terminated.
Run Summary
  Number of events processed : 10000
  User=13.54s Real=13.86s Sys=0.03s
 ================== run summary =====================

 end of Run TotNbofEvents = 9999 for IonC12 with Ekin = 6 MeV
    Track Length in absorber = 8.57201 +- 0.00148487  microns 
    CSDA  Range  in absorber = 7.9612 +- 0.00478038  microns 

    Energy deposit in absorber = 6  MeV 

Average Number electrons per event = 0
Average Number photons per event   = 0

G4 kernel has come to Quit state.
