
 MZSTOR.  ZEBRA table base TAB(0) in /MZCC/ at adr   269210589    100BD3DD HEX

 MZSTOR.  Initialize Store  0  in /GCBANK/
          with Store/Table at absolute adrs   268616769   269210589
                                        HEX    1002C441    100BD3DD
                                        HEX    FFF6F156           0
                              relative adrs     -593578           0
          with     1 Str. in     2 Links in   5300 Low words in  499970 words.
          This store has a fence of   16 words.

 MZLOGL.  Set Log Level 0 for store  0

 MZSTOR.  Initialize Store  1  in /PAWC/  
          with Store/Table at absolute adrs   269127801   269137392
                                        HEX    100A9079    100AB5F0
                                        HEX    FFFEBD8E    FFFEE213
                              relative adrs      -82546      -73197
          with     1 Str. in     1 Links in   5001 Low words in    9990 words.
          This store has a fence of    5 words.

 MZLINK.  Initialize Link Area  /HCBOOK/  for Store  1 NL/NS=    49     4

 MZDIV.   Initialize Division  HIGZ      in Store  1
          NW/NWMAX=   1000  10000,  MODE/KIND=  0  3
          Division 20 initialized.

 MZLINK.  Initialize Link Area  /HILINK/  for Store  1 NL/NS=    42     2
 Version 1.25/05 of HIGZ started
1*****  GEANT Version  3.21/12 Released on 270199
0*****  Correction Cradle Version  0.1200
 G3 > gives the filename of the data cards to be read:
1           USER'S DIRECTIVES TO RUN THIS JOB
            ----------------------------------


 ***** DATA CARD CONTENT     LIST                                                                            
 ***** DATA CARD CONTENT     C                                                                               
 ***** DATA CARD CONTENT     C            PbWO4  L=20radl   R=5radl                                          
 ***** DATA CARD CONTENT     C            e- 5 GeV     500 events                                            
 ***** DATA CARD CONTENT     C                                                                               
 ***** DATA CARD CONTENT     C                                                                               
 ***** DATA CARD CONTENT     MATE  7                                                                         
 ***** DATA CARD CONTENT     BINS  20 (nbZ)  20 (nbR)  1. (dZ/radl)   0.25 (dR/radl)                         
 ***** DATA CARD CONTENT     TRIG  500                                                                       
 ***** DATA CARD CONTENT     KINE  3 (Itype)    5. (Ekine)                                                   
 ***** DATA CARD CONTENT     DEBUG 10  5  50                                                                 
 ***** DATA CARD CONTENT     SWIT  0 (draw)  1 (save)                                                        
 ***** DATA CARD CONTENT     CUTS    10.0E-6 (cutgam)     10.0E-6 (cutele) 3*10.E-03 (cutneu/had/muo)        
 ***** DATA CARD CONTENT           2*20.1E-6 (bcute/m)  2*210.E-6 (dcute/m)                                  
 ***** DATA CARD CONTENT     LOSS 1                                                                          
 ***** DATA CARD CONTENT     HADR 0                                                                          
 ***** DATA CARD CONTENT     ABAN 0                                                                          
 ***** DATA CARD CONTENT     TIME 2=1.                                                                       
 ***** DATA CARD CONTENT     END                                                                             

 MZDIV.   Initialize Division  Constant  in Store  0
          NW/NWMAX=   2000 400000,  MODE/KIND=  1  2
          Division 20 initialized.

 MZLINK.  Initialize Link Area  /GCLINK/  for Store  0 NL/NS=    20    20

 MZLINK.  Initialize Link Area  /GCSLNK/  for Store  0 NL/NS=   100   100

 MZLINK.  Initialize Link Area  /GCHVIR/  for Store  0 NL/NS=     4     1

 MZLINK.  Initialize Link Area  /GCDINA/  for Store  0 NL/NS=     4     4
1************************************************************
 *                                                          *
 *    G E A N T  Version 3.2112      DATE/TIME 990527/1710  *
 *                                                          *
 *                      R U N      1                        *
 *                                                          *
 ************************************************************
 *                                                          *
 *      Data structure   Date   Time    GVERSN    ZVERSN    *
 *      --------------   ----   ----    ------    ------    *
 *                                                          *
 *           INIT       990527  1710    3.2112     3.77     *
 *                                                          *
 *           KINE       990527  1710    3.2112     3.77     *
 *                                                          *
 *           HITS       990527  1710    3.2112     3.77     *
 *                                                          *
 *           DIGI       990527  1710    3.2112     3.77     *
 *                                                          *
 *     Random number seeds:          9876        54321      *
 *     --------------------                                 *
 *                                                          *
 *----------------------------------------------------------*
 *                                                          *
 *              Standard TPAR for this run are              *
 *              ------------------------------              *
 *                                                          *
 *  CUTGAM= 10.00 keV  CUTELE= 10.00 keV  CUTNEU= 10.00 MeV *
 *  CUTHAD= 10.00 MeV  CUTMUO= 10.00 MeV                    *
 *  BCUTE = 20.10 keV  BCUTM = 20.10 keV                    *
 *  DCUTE =210.00 keV  DCUTM =210.00 keV  PPCUTM= 10.00 MeV *
 *  IPAIR =        1.  ICOMP =        1.  IPHOT =        1. *
 *  IPFIS =        0.  IDRAY =        1.  IANNI =        1. *
 *  IBREM =        1.  IHADR =        0.  IMUNU =        1. *
 *  IDCAY =        1.  ILOSS =        1.  IMULS =        1. *
 *  IRAYL =        0.  ILABS =        0.  ISYNC =        0. *
 *  ISTRA =        0.                                       *
 *                                                          *
 *                                                          *
 ************************************************************


0===================================================     MATERIALS      ==================================================
0MATERIAL                           A         Z     DENSITY  RADIAT L  ABSORP L NMIXT

        1 Air                     14.607     7.300     0.001 0.284E+05 0.808E+05   2     A      Z     W
                                                                                        14.01   7.00  0.700
                                                                                        16.00   8.00  0.300
        2 Water                   14.320     7.215     1.000 0.358E+02 0.949E+02   2     A      Z     W
                                                                                         1.01   1.00  0.112
                                                                                        16.00   8.00  0.888
        3 Ar Liquid               40.000    18.000     1.390 0.140E+02 0.840E+02   1
        4 Aluminium               26.980    13.000     2.700 0.890E+01 0.372E+02   1
        5 Iron                    55.850    26.000     7.870 0.176E+01 0.171E+02   1
        6 BGO                    155.392    62.524     7.100 0.112E+01 0.249E+02   3     A      Z     W
                                                                                        16.00   8.00  0.154
                                                                                        72.59  32.00  0.175
                                                                                       208.98  83.00  0.671
        7 PbWO                   170.865    68.360     8.280 0.893E+00 0.224E+02   3     A      Z     W
                                                                                        16.00   8.00  0.141
                                                                                       183.84  74.00  0.404
                                                                                       207.19  82.00  0.455
        8 Lead                   207.190    82.000    11.350 0.560E+00 0.185E+02   1
0===================================================   TRACKING MEDIA   ==================================================
0TMED                          MATERIAL ISVOL IFIELD  FIELDM  TMAXFD  STEMAX    DEEMAX   EPSIL   STMIN

      1 Absorber                   7       0     0      0.00   10.00 0.100E+11   0.250   0.001   0.023
0===================================================      VOLUMES       ==================================================
0VOLUME NAME  NUMED SHAPE NPAR  PARAMETERS

      1 ECAL    1   TUBE    3   0.000E+00 0.447E+01 0.893E+01
      2 RING    1   TUBE    3   0.000E+00 0.223E+00 0.893E+01
      3 SLAB    1   TUBE    3   0.000E+00 0.223E+00 0.447E+00

   Kine     Name          Type     Px         Py         Pz       Energy     Vorigin  Vgener
     1      ELECTRON        3     0.0000     0.0000     5.0005     5.0005     1.0000
 **** GTRIGI: IEVENT=     50 IDEVT=     50 Random Seeds =  471928327  1062527583
 **** GTRIGI: IEVENT=    100 IDEVT=    100 Random Seeds =  194976356   953738985
 **** GTRIGI: IEVENT=    150 IDEVT=    150 Random Seeds =  502535413   397577730
 **** GTRIGI: IEVENT=    200 IDEVT=    200 Random Seeds = 2012429036   412976223
 **** GTRIGI: IEVENT=    250 IDEVT=    250 Random Seeds = 1131031617   279718303
 **** GTRIGI: IEVENT=    300 IDEVT=    300 Random Seeds =  267228522    26642390
 **** GTRIGI: IEVENT=    350 IDEVT=    350 Random Seeds = 1274551105  1023028656
 **** GTRIGI: IEVENT=    400 IDEVT=    400 Random Seeds =  121001364  1582520938
 **** GTRIGI: IEVENT=    450 IDEVT=    450 Random Seeds = 1891241776   467102277
 **** GTRIGI: IEVENT=    500 IDEVT=    500 Random Seeds =  461384840  1191326737
1         **** NUMBER OF EVENTS PROCESSED =       500
          **** RANDOM NUMBER GENERATOR AFTER LAST COMPLETE EVENT   1272791486   226282025
          **** TIME TO PROCESS ONE EVENT IS =    0.7085 SECONDS



 MZEND.   Usage statistics for  2 dynamic stores.

   Map of store  0 /GCBANK/
   ------------------------

   Division                                        Number of times
              Kind                Max-size                Garb-coll.
            Mode    Position      used   allowed   Wiped  user  auto Pushd Redcd

    1 QDIV1    0 1      5203         0    499968       0     0     0     0     0
    2 QDIV2    1 1    443266       137    499968     500     0     0     0     0
   19 system   1 8    443666       328    499968       0     0     0     0     0
   20 Constant 1 2    499968     55331    400000       0     0     5     3     0

   Map of store  1 /PAWC/  
   ------------------------

   Division                                        Number of times
              Kind                Max-size                Garb-coll.
            Mode    Position      used   allowed   Wiped  user  auto Pushd Redcd

    1 QDIV1    0 1         2         0      9585       0     0     0     0     0
    2 QDIV2    1 1      8185      2646      9585       0     0     0     0     0
   19 system   1 8      8585       111      9585       0     0     0     0     0
   20 HIGZ     0 4      8585         0     10000       0     0     0     0     0




               LATERAL PROFILE                                   CUMULATIVE LATERAL PROFILE

        Bin              Mean        rms                   Bin           Mean        rms

    0.00-> 1.00 radl:    0.63%       0.33%             0-> 1.00 radl:    0.63%       0.33%
    1.00-> 2.00 radl:    2.49%       1.25%             0-> 2.00 radl:    3.12%       1.49%
    2.00-> 3.00 radl:    5.28%       2.17%             0-> 3.00 radl:    8.40%       3.40%
    3.00-> 4.00 radl:    8.31%       2.80%             0-> 4.00 radl:   16.71%       5.77%
    4.00-> 5.00 radl:   10.41%       2.79%             0-> 5.00 radl:   27.12%       7.80%
    5.00-> 6.00 radl:   11.01%       2.51%             0-> 6.00 radl:   38.13%       9.15%
    6.00-> 7.00 radl:   10.79%       2.12%             0-> 7.00 radl:   48.92%       9.70%
    7.00-> 8.00 radl:    9.74%       1.90%             0-> 8.00 radl:   58.66%       9.57%
    8.00-> 9.00 radl:    8.23%       1.81%             0-> 9.00 radl:   66.89%       8.92%
    9.00->10.00 radl:    6.74%       1.79%             0->10.00 radl:   73.63%       7.98%
   10.00->11.00 radl:    5.34%       1.75%             0->11.00 radl:   78.97%       6.85%
   11.00->12.00 radl:    4.13%       1.49%             0->12.00 radl:   83.10%       5.79%
   12.00->13.00 radl:    3.18%       1.35%             0->13.00 radl:   86.28%       4.83%
   13.00->14.00 radl:    2.41%       1.15%             0->14.00 radl:   88.69%       4.04%
   14.00->15.00 radl:    1.78%       0.92%             0->15.00 radl:   90.46%       3.38%
   15.00->16.00 radl:    1.29%       0.81%             0->16.00 radl:   91.76%       2.76%
   16.00->17.00 radl:    0.94%       0.69%             0->17.00 radl:   92.70%       2.19%
   17.00->18.00 radl:    0.70%       0.60%             0->18.00 radl:   93.39%       1.74%
   18.00->19.00 radl:    0.50%       0.48%             0->19.00 radl:   93.90%       1.37%
   19.00->20.00 radl:    0.37%       0.39%             0->20.00 radl:   94.26%       1.11%



               RADIAL PROFILE                                   CUMULATIVE RADIAL PROFILE

        Bin              Mean        rms                   Bin           Mean        rms

    0.00-> 0.25 radl:   33.38%       2.38%             0-> 0.25 radl:   33.38%       2.38%
    0.25-> 0.50 radl:   18.01%       1.38%             0-> 0.50 radl:   51.40%       2.54%
    0.50-> 0.75 radl:   10.74%       1.13%             0-> 0.75 radl:   62.13%       2.36%
    0.75-> 1.00 radl:    7.04%       0.89%             0-> 1.00 radl:   69.17%       2.13%
    1.00-> 1.25 radl:    4.91%       0.75%             0-> 1.25 radl:   74.09%       1.91%
    1.25-> 1.50 radl:    3.64%       0.57%             0-> 1.50 radl:   77.72%       1.76%
    1.50-> 1.75 radl:    2.81%       0.49%             0-> 1.75 radl:   80.53%       1.67%
    1.75-> 2.00 radl:    2.33%       0.42%             0-> 2.00 radl:   82.86%       1.56%
    2.00-> 2.25 radl:    1.92%       0.41%             0-> 2.25 radl:   84.78%       1.46%
    2.25-> 2.50 radl:    1.61%       0.33%             0-> 2.50 radl:   86.38%       1.39%
    2.50-> 2.75 radl:    1.38%       0.30%             0-> 2.75 radl:   87.77%       1.34%
    2.75-> 3.00 radl:    1.20%       0.28%             0-> 3.00 radl:   88.96%       1.30%
    3.00-> 3.25 radl:    1.01%       0.27%             0-> 3.25 radl:   89.97%       1.23%
    3.25-> 3.50 radl:    0.89%       0.24%             0-> 3.50 radl:   90.85%       1.19%
    3.50-> 3.75 radl:    0.77%       0.21%             0-> 3.75 radl:   91.62%       1.17%
    3.75-> 4.00 radl:    0.68%       0.20%             0-> 4.00 radl:   92.29%       1.15%
    4.00-> 4.25 radl:    0.59%       0.19%             0-> 4.25 radl:   92.89%       1.13%
    4.25-> 4.50 radl:    0.53%       0.17%             0-> 4.50 radl:   93.42%       1.13%
    4.50-> 4.75 radl:    0.46%       0.16%             0-> 4.75 radl:   93.88%       1.13%
    4.75-> 5.00 radl:    0.39%       0.15%             0-> 5.00 radl:   94.26%       1.12%



                              SUMMARY

                         energy deposit :   94.26 % E0 +-    1.11 % E0
                         charged traklen:  510.37 radl +-    6.21 radl
                         neutral traklen: 4344.82 radl +-  134.62 radl
 RZMAKE. Unit   1004 Initializing with LREC=  1024, OPT= X?C     

 MZLINK.  Initialize Link Area  RZCL      for Store  0 NL/NS=    11     0
 RZEND. called for HRPUT
