
*************************************************************
 Geant4 version Name: global-V08-02-01    (23-February-2007)
                      Copyright : Geant4 Collaboration
                      Reference : NIM A 506 (2003), 250-303
                            WWW : http://cern.ch/geant4
*************************************************************

SimpleBox is now made of Pb
# /run/verbose 2
/run/initialize
/gun/direction 1 0 0
#
# gamma 100 GeV in Al
#
/mydet/SelectMaterial Al
SimpleBox is now made of Al
/gun/particle gamma
/gun/energy 100 GeV
/run/beamOn 5

conv:  Total cross sections has a good parametrisation from 1.5 MeV to 100 GeV for all Z;
      sampling secondary e+e- according Bethe-Heitler model
      tables are built for  gamma
      Lambda tables from 1.022 MeV to 100 GeV in 100 bins.

compt:  Total cross sections has a good parametrisation from 10 KeV to (100/Z) GeV
      Sampling according Klein-Nishina model
      tables are built for  gamma
      Lambda tables from 100 eV  to 100 GeV in 90 bins.

phot:  Total cross sections from Sandia parametrisation. 
      Sampling according PhotoElectric model

msc:  Model variant of multiple scattering for e-
      Lambda tables from 100 eV  to 100 TeV in 120 bins.
      LateralDisplacementFlag=  1   Skin= 1
      Boundary/stepping algorithm is active with facrange= 0.02  Step limitation 1

eIoni:   tables are built for  e-
      dE/dx and range tables from 100 eV  to 100 TeV in 120 bins.
      Lambda tables from threshold to 100 TeV in 120 bins.
      Delta cross sections and sampling from MollerBhabha model
      Good description from 1 KeV to 100 GeV.
      Step function: finalRange(mm)= 1, dRoverRange= 0.2, integral: 1

eBrem:   tables are built for  e-
      dE/dx and range tables from 100 eV  to 100 TeV in 120 bins.
      Lambda tables from threshold to 100 TeV in 120 bins.
      Total cross sections and sampling from StandBrem model (based on the EEDL data library) 
      Good description from 1 KeV to 100 GeV, log scale extrapolation above 100 GeV.

eIoni:   tables are built for  e+
      dE/dx and range tables from 100 eV  to 100 TeV in 120 bins.
      Lambda tables from threshold to 100 TeV in 120 bins.
      Delta cross sections and sampling from MollerBhabha model
      Good description from 1 KeV to 100 GeV.
      Step function: finalRange(mm)= 1, dRoverRange= 0.2, integral: 1

eBrem:   tables are built for  e+
      dE/dx and range tables from 100 eV  to 100 TeV in 120 bins.
      Lambda tables from threshold to 100 TeV in 120 bins.
      Total cross sections and sampling from StandBrem model (based on the EEDL data library) 
      Good description from 1 KeV to 100 GeV, log scale extrapolation above 100 GeV.

annihil:       Sampling according eplus2gg model
      tables are built for  e+
      Lambda tables from 100 eV  to 100 TeV in 120 bins.

msc:  Model variant of multiple scattering for proton
      Lambda tables from 100 eV  to 100 TeV in 120 bins.
      LateralDisplacementFlag=  1   Skin= 1
      Boundary/stepping algorithm is active with facrange= 0.02  Step limitation 1

hIoni:   tables are built for  proton
      dE/dx and range tables from 100 eV  to 100 TeV in 120 bins.
      Lambda tables from threshold to 100 TeV in 120 bins.
      Scaling relation is used from proton dE/dx and range.
      Delta cross sections and sampling from BetheBloch model for scaled energy > 2 MeV
      Parametrisation from Bragg for protons below.
      Step function: finalRange(mm)= 1, dRoverRange= 0.2, integral: 1

msc:  Model variant of multiple scattering for GenericIon
      LateralDisplacementFlag=  0   Skin= 0
      Boundary/stepping algorithm is active with facrange= 0.02  Step limitation 1

hIoni:   tables are built for  anti_proton
      dE/dx and range tables from 100 eV  to 100 TeV in 120 bins.
      Lambda tables from threshold to 100 TeV in 120 bins.
      Scaling relation is used from proton dE/dx and range.
      Delta cross sections and sampling from BetheBloch model for scaled energy > 2 MeV
      Parametrisation from Bragg for protons below.
      Step function: finalRange(mm)= 1, dRoverRange= 0.2, integral: 1

msc:  Model variant of multiple scattering for mu+
      Lambda tables from 100 eV  to 100 TeV in 120 bins.
      LateralDisplacementFlag=  1   Skin= 1
      Boundary/stepping algorithm is active with facrange= 0.02  Step limitation 1

muIoni:   tables are built for  mu+
      dE/dx and range tables from 100 eV  to 100 TeV in 120 bins.
      Lambda tables from threshold to 100 TeV in 120 bins.
      Bether-Bloch model for E > 0.2 MeV, parametrisation of Bragg peak below, 
      radiative corrections for E > 1 GeV
      Step function: finalRange(mm)= 1, dRoverRange= 0.2, integral: 1

muBrems:   tables are built for  mu+
      dE/dx and range tables from 100 eV  to 100 TeV in 120 bins.
      Lambda tables from threshold to 100 TeV in 120 bins.
      Parametrised model 

muPairProd:   tables are built for  mu+
      dE/dx and range tables from 100 eV  to 100 TeV in 120 bins.
      Lambda tables from threshold to 100 TeV in 120 bins.
      Parametrised model 

muIoni:   tables are built for  mu-
      dE/dx and range tables from 100 eV  to 100 TeV in 120 bins.
      Lambda tables from threshold to 100 TeV in 120 bins.
      Bether-Bloch model for E > 0.2 MeV, parametrisation of Bragg peak below, 
      radiative corrections for E > 1 GeV
      Step function: finalRange(mm)= 1, dRoverRange= 0.2, integral: 1

muBrems:   tables are built for  mu-
      dE/dx and range tables from 100 eV  to 100 TeV in 120 bins.
      Lambda tables from threshold to 100 TeV in 120 bins.
      Parametrised model 

muPairProd:   tables are built for  mu-
      dE/dx and range tables from 100 eV  to 100 TeV in 120 bins.
      Lambda tables from threshold to 100 TeV in 120 bins.
      Parametrised model 

hIoni:   tables are built for  pi+
      dE/dx and range tables from 100 eV  to 100 TeV in 120 bins.
      Lambda tables from threshold to 100 TeV in 120 bins.
      Scaling relation is used from proton dE/dx and range.
      Delta cross sections and sampling from BetheBloch model for scaled energy > 0.297504 MeV
      Parametrisation from Bragg for protons below.
      Step function: finalRange(mm)= 1, dRoverRange= 0.2, integral: 1

msc:  Model variant of multiple scattering for pi-
      Lambda tables from 100 eV  to 100 TeV in 120 bins.
      LateralDisplacementFlag=  1   Skin= 1
      Boundary/stepping algorithm is active with facrange= 0.02  Step limitation 1

hIoni:   tables are built for  pi-
      dE/dx and range tables from 100 eV  to 100 TeV in 120 bins.
      Lambda tables from threshold to 100 TeV in 120 bins.
      Scaling relation is used from proton dE/dx and range.
      Delta cross sections and sampling from BetheBloch model for scaled energy > 0.297504 MeV
      Parametrisation from Bragg for protons below.
      Step function: finalRange(mm)= 1, dRoverRange= 0.2, integral: 1
Event number 0
Event number 1
Event number 2
Event number 3
Event number 4
#
# electron 100 GeV in Air
#
/mydet/SelectMaterial Air
SimpleBox is now made of Air
/gun/particle e-
/gun/energy 100 GeV
/run/beamOn 5

conv:  Total cross sections has a good parametrisation from 1.5 MeV to 100 GeV for all Z;
      sampling secondary e+e- according Bethe-Heitler model
      tables are built for  gamma
      Lambda tables from 1.0219981 MeV to 100 GeV in 100 bins.

compt:  Total cross sections has a good parametrisation from 10 KeV to (100/Z) GeV
      Sampling according Klein-Nishina model
      tables are built for  gamma
      Lambda tables from 100 eV  to 100 GeV in 90 bins.

phot:  Total cross sections from Sandia parametrisation. 
      Sampling according PhotoElectric model

msc:  Model variant of multiple scattering for e-
      Lambda tables from 100 eV  to 100 TeV in 120 bins.
      LateralDisplacementFlag=  1   Skin= 1
      Boundary/stepping algorithm is active with facrange= 0.02  Step limitation 1

eIoni:   tables are built for  e-
      dE/dx and range tables from 100 eV  to 100 TeV in 120 bins.
      Lambda tables from threshold to 100 TeV in 120 bins.
      Delta cross sections and sampling from MollerBhabha model
      Good description from 1 KeV to 100 GeV.
      Step function: finalRange(mm)= 1, dRoverRange= 0.2, integral: 1

eBrem:   tables are built for  e-
      dE/dx and range tables from 100 eV  to 100 TeV in 120 bins.
      Lambda tables from threshold to 100 TeV in 120 bins.
      Total cross sections and sampling from StandBrem model (based on the EEDL data library) 
      Good description from 1 KeV to 100 GeV, log scale extrapolation above 100 GeV.

eIoni:   tables are built for  e+
      dE/dx and range tables from 100 eV  to 100 TeV in 120 bins.
      Lambda tables from threshold to 100 TeV in 120 bins.
      Delta cross sections and sampling from MollerBhabha model
      Good description from 1 KeV to 100 GeV.
      Step function: finalRange(mm)= 1, dRoverRange= 0.2, integral: 1

eBrem:   tables are built for  e+
      dE/dx and range tables from 100 eV  to 100 TeV in 120 bins.
      Lambda tables from threshold to 100 TeV in 120 bins.
      Total cross sections and sampling from StandBrem model (based on the EEDL data library) 
      Good description from 1 KeV to 100 GeV, log scale extrapolation above 100 GeV.

annihil:       Sampling according eplus2gg model
      tables are built for  e+
      Lambda tables from 100 eV  to 100 TeV in 120 bins.

msc:  Model variant of multiple scattering for proton
      Lambda tables from 100 eV  to 100 TeV in 120 bins.
      LateralDisplacementFlag=  1   Skin= 1
      Boundary/stepping algorithm is active with facrange= 0.02  Step limitation 1

hIoni:   tables are built for  proton
      dE/dx and range tables from 100 eV  to 100 TeV in 120 bins.
      Lambda tables from threshold to 100 TeV in 120 bins.
      Scaling relation is used from proton dE/dx and range.
      Delta cross sections and sampling from BetheBloch model for scaled energy > 2 MeV
      Parametrisation from Bragg for protons below.
      Step function: finalRange(mm)= 1, dRoverRange= 0.2, integral: 1

msc:  Model variant of multiple scattering for GenericIon
      LateralDisplacementFlag=  0   Skin= 0
      Boundary/stepping algorithm is active with facrange= 0.02  Step limitation 1

hIoni:   tables are built for  anti_proton
      dE/dx and range tables from 100 eV  to 100 TeV in 120 bins.
      Lambda tables from threshold to 100 TeV in 120 bins.
      Scaling relation is used from proton dE/dx and range.
      Delta cross sections and sampling from BetheBloch model for scaled energy > 2 MeV
      Parametrisation from Bragg for protons below.
      Step function: finalRange(mm)= 1, dRoverRange= 0.2, integral: 1

msc:  Model variant of multiple scattering for mu+
      Lambda tables from 100 eV  to 100 TeV in 120 bins.
      LateralDisplacementFlag=  1   Skin= 1
      Boundary/stepping algorithm is active with facrange= 0.02  Step limitation 1

muIoni:   tables are built for  mu+
      dE/dx and range tables from 100 eV  to 100 TeV in 120 bins.
      Lambda tables from threshold to 100 TeV in 120 bins.
      Bether-Bloch model for E > 0.2 MeV, parametrisation of Bragg peak below, 
      radiative corrections for E > 1 GeV
      Step function: finalRange(mm)= 1, dRoverRange= 0.2, integral: 1

muBrems:   tables are built for  mu+
      dE/dx and range tables from 100 eV  to 100 TeV in 120 bins.
      Lambda tables from threshold to 100 TeV in 120 bins.
      Parametrised model 

muPairProd:   tables are built for  mu+
      dE/dx and range tables from 100 eV  to 100 TeV in 120 bins.
      Lambda tables from threshold to 100 TeV in 120 bins.
      Parametrised model 

muIoni:   tables are built for  mu-
      dE/dx and range tables from 100 eV  to 100 TeV in 120 bins.
      Lambda tables from threshold to 100 TeV in 120 bins.
      Bether-Bloch model for E > 0.2 MeV, parametrisation of Bragg peak below, 
      radiative corrections for E > 1 GeV
      Step function: finalRange(mm)= 1, dRoverRange= 0.2, integral: 1

muBrems:   tables are built for  mu-
      dE/dx and range tables from 100 eV  to 100 TeV in 120 bins.
      Lambda tables from threshold to 100 TeV in 120 bins.
      Parametrised model 

muPairProd:   tables are built for  mu-
      dE/dx and range tables from 100 eV  to 100 TeV in 120 bins.
      Lambda tables from threshold to 100 TeV in 120 bins.
      Parametrised model 

hIoni:   tables are built for  pi+
      dE/dx and range tables from 100 eV  to 100 TeV in 120 bins.
      Lambda tables from threshold to 100 TeV in 120 bins.
      Scaling relation is used from proton dE/dx and range.
      Delta cross sections and sampling from BetheBloch model for scaled energy > 0.29750425 MeV
      Parametrisation from Bragg for protons below.
      Step function: finalRange(mm)= 1, dRoverRange= 0.2, integral: 1

msc:  Model variant of multiple scattering for pi-
      Lambda tables from 100 eV  to 100 TeV in 120 bins.
      LateralDisplacementFlag=  1   Skin= 1
      Boundary/stepping algorithm is active with facrange= 0.02  Step limitation 1

hIoni:   tables are built for  pi-
      dE/dx and range tables from 100 eV  to 100 TeV in 120 bins.
      Lambda tables from threshold to 100 TeV in 120 bins.
      Scaling relation is used from proton dE/dx and range.
      Delta cross sections and sampling from BetheBloch model for scaled energy > 0.29750425 MeV
      Parametrisation from Bragg for protons below.
      Step function: finalRange(mm)= 1, dRoverRange= 0.2, integral: 1
Event number 5
Event number 6
Event number 7
Event number 8
Event number 9
#
