**********************************************
 Geant4 version $Name: not supported by cvs2svn $
                                (30-jun-2000)
             Copyright : Geant4 Collaboration
**********************************************
Constructing Visualization Manager....
Initialising Visualization Manager....
Registering graphics systems....

***** Table : Nb of materials = 9 *****

 Material:      Air     density:  1.290 mg/cm3  temperature: 273.15 K  pressure:   1.00 atm  RadLength: 285.161 m  
   --->  Element: Nitrogen  N   Z =  7.0   N =  14.0   A =  14.01 g/mole  fractionMass:  70.00 %  Abundance  72.71 %
   --->  Element:   Oxygen  O   Z =  8.0   N =  16.0   A =  16.00 g/mole  fractionMass:  30.00 %  Abundance  27.29 %

 Material:    Water     density:  1.000 g/cm3   temperature: 273.15 K  pressure:   1.00 atm  RadLength:  36.092 cm 
   --->  Element: Hydrogen  H   Z =  1.0   N =   1.0   A =   1.01 g/mole  fractionMass:  11.21 %  Abundance  66.67 %
   --->  Element:   Oxygen  O   Z =  8.0   N =  16.0   A =  16.00 g/mole  fractionMass:  88.79 %  Abundance  33.33 %

 Material:      lAr     density:  1.390 g/cm3   temperature: 273.15 K  pressure:   1.00 atm  RadLength:  14.065 cm 
   --->  Element:      lAr      Z = 18.0   N =  40.0   A =  39.95 g/mole  fractionMass: 100.00 %  Abundance 100.00 %

 Material:       Al     density:  2.700 g/cm3   temperature: 273.15 K  pressure:   1.00 atm  RadLength:   8.893 cm 
   --->  Element:       Al      Z = 13.0   N =  27.0   A =  26.98 g/mole  fractionMass: 100.00 %  Abundance 100.00 %

 Material:       Fe     density:  7.870 g/cm3   temperature: 273.15 K  pressure:   1.00 atm  RadLength:   1.759 cm 
   --->  Element:       Fe      Z = 26.0   N =  55.9   A =  55.85 g/mole  fractionMass: 100.00 %  Abundance 100.00 %

 Material:      BGO     density:  7.100 g/cm3   temperature: 273.15 K  pressure:   1.00 atm  RadLength:   1.123 cm 
   --->  Element:   Oxygen  O   Z =  8.0   N =  16.0   A =  16.00 g/mole  fractionMass:  15.41 %  Abundance  63.16 %
   --->  Element: Germanium Ge   Z = 32.0   N =  72.6   A =  72.59 g/mole  fractionMass:  17.48 %  Abundance  15.79 %
   --->  Element:  Bismuth Bi   Z = 83.0   N = 209.0   A = 208.98 g/mole  fractionMass:  67.10 %  Abundance  21.05 %

 Material:    PbWO4     density:  8.280 g/cm3   temperature: 273.15 K  pressure:   1.00 atm  RadLength:   8.924 mm 
   --->  Element:   Oxygen  O   Z =  8.0   N =  16.0   A =  16.00 g/mole  fractionMass:  14.07 %  Abundance  66.67 %
   --->  Element:     Lead Pb   Z = 82.0   N = 207.2   A = 207.19 g/mole  fractionMass:  45.53 %  Abundance  16.67 %
   --->  Element: Tungsten  W   Z = 74.0   N = 183.8   A = 183.84 g/mole  fractionMass:  40.40 %  Abundance  16.67 %

 Material: Tungsten     density: 19.300 g/cm3   temperature: 273.15 K  pressure:   1.00 atm  RadLength:   3.504 mm 
   --->  Element: Tungsten  W   Z = 74.0   N = 183.8   A = 183.84 g/mole  fractionMass: 100.00 %  Abundance 100.00 %

 Material:     Lead     density: 11.350 g/cm3   temperature: 273.15 K  pressure:   1.00 atm  RadLength:   5.612 mm 
   --->  Element:     Lead Pb   Z = 82.0   N = 207.2   A = 207.19 g/mole  fractionMass: 100.00 %  Abundance 100.00 %


Absorber is 18 cm  of PbWO4
Em2PhysicsList::SetCuts:CutLength : 1 mm 

phot:  Total cross sections from a parametrisation. Good description from 10 KeV to 50 MeV for all Z
        Sandia crossSection below 50 KeV
       PhysicsTables from 50 keV to 50 MeV in 100 bins. 

compt:  Total cross sections from a parametrisation. Good description from 10 KeV to (100/Z) GeV. 
        Scattered gamma energy according Klein-Nishina.
        PhysicsTables from 10 keV to 1e+02 GeV in 100 bins. 

conv:  Total cross sections from a parametrisation. Good description from 1.5 MeV to 100 GeV for all Z. 
        e+e- energies according Bethe-Heitler
        PhysicsTables from 1 MeV to 1e+02 GeV in 100 bins. 

msc:   Tables of transport mean free paths.
          New model of MSC , computes the lateral 
          displacement of the particle , too.
        PhysicsTables from 1e+02 eV  to 1e+02 TeV in 100 bins. 

eIoni:  delta cross sections from Moller+Bhabha. Good description from 1 KeV to 100 GeV.
        delta ray energy sampled from  differential Xsection.
        PhysicsTables from 1 keV to 1e+02 TeV in 100 bins. 

 eIoni   Minimum Delta cut in range=0.1  mm.

           material       min.delta energy(keV) 

                 Air           0.99
               Water         81.507
                 lAr         78.362
                  Al         125.06
                  Fe         224.07
                 BGO         186.87
               PbWO4         200.84
            Tungsten         337.27
                Lead         229.55

eBrem:  Total cross sections from a NEW parametrisation based on the EEDL data library. 
 Good description from 1 KeV to 100 GeV.
        log scale extrapolation above 100 GeV 
        Gamma energy sampled from a parametrised formula.
        PhysicsTables from 1 keV to 100 TeV in 100 bins. 

annihil:  Total cross section from Heilter formula (annihilation into 2 photons).
        gamma energies sampled according Heitler
        PhysicsTables from 10 keV to 10 TeV in 100 bins. 

msc:   Tables of transport mean free paths.
          New model of MSC , computes the lateral 
          displacement of the particle , too.
        PhysicsTables from 100 eV  to 100 TeV in 100 bins. 

 hIoni    Minimum Delta cut in range=0.1  mm.

           material        min.delta energy(keV) 

                 Air           0.99
               Water         81.507
                 lAr         78.362
                  Al         125.06
                  Fe         224.07
                 BGO         186.87
               PbWO4         200.84
            Tungsten         337.27
                Lead         229.55

hIoni:    Knock-on electron cross sections . 
         Good description above the mean excitation energy.
         delta ray energy sampled from  differential Xsection.
        PhysicsTables from 1 keV to 100 TeV in 100 bins. 

msc:   Tables of transport mean free paths.
          New model of MSC , computes the lateral 
          displacement of the particle , too.
        PhysicsTables from 100 eV  to 100 TeV in 100 bins. 

MuIoni:  knock-on electron cross sections .
          Good description above the mean excitation energy.
         delta ray energy sampled from  differential Xsection.
      PhysicsTables from 1 keV to 1000 PeV in 150 bins. 

MuBrems:  theoretical cross section 
          Good description up to 1000 PeV.
    PhysicsTables from 1 keV to 1000 PeV in 150 bins. 

MuPairProd:  theoretical cross sections 
          Good description up to 1000 PeV.
    PhysicsTables from 1 keV to 1000 PeV in 150 bins. 
============= The cut Energy ==============================
                            gamma              e-             mu-          proton         neutron    
Cut in range                  1 mm            1 mm            1 mm            1 mm            1 mm 
Cut in energy
                Air         990 eV          990 eV         48.4 keV        83.2 keV         990 eV 
              Water         2.9 keV         347 keV        3.39 MeV        8.95 MeV         990 eV 
                lAr        6.18 keV         343 keV        3.24 MeV        8.32 MeV         990 eV 
                 Al        6.89 keV         597 keV        5.02 MeV        13.1 MeV         990 eV 
                 Fe        20.8 keV        1.28 MeV        8.52 MeV          22 MeV         990 eV 
                BGO        77.7 keV        1.03 MeV        7.17 MeV        18.1 MeV         990 eV 
              PbWO4        84.8 keV        1.13 MeV        7.63 MeV        19.2 MeV         990 eV 
           Tungsten         105 keV        2.31 MeV        11.7 MeV        29.5 MeV         990 eV 
               Lead         101 keV        1.38 MeV        8.52 MeV        20.9 MeV         990 eV 
===================================================
# $Id: 08nov00.out,v 1.1 2000-11-08 18:36:11 maire Exp $
#
# Macro file for "TestEm2.cc" 
# (can be run in batch, without graphic)
#
# PbWO4 L = 20 radl  R = 5 radl; electron 5 GeV
#
#
#/run/particle/setCut 1.0 mm
#/run/initialize
#
/run/verbose 2
/event/drawTracks none
/event/printModulo 10
#
/gun/particle e-
/gun/energy 5 GeV
/run/beamOn 500
### Run 0 start.

--------- Ranecu engine status ---------
 Initial seed (index) = 0
 Current couple of seeds = 9876, 54321
----------------------------------------
Start closing geometry.
Start Run processing.
Run terminated.

Run Summary
  Number of events processed : 500
  User=998.52s Real=1235.6s Sys=200.92s   (dxplus)
  
                 LATERAL PROFILE                         CUMULATIVE LATERAL PROFILE

        bin              Mean         rms                 bin            Mean      rms 

    0.00-> 1.00 radl:    0.67%       0.37%             0-> 1.00 radl:    0.67%     0.37% 
    1.00-> 2.00 radl:    2.60%       1.35%             0-> 2.00 radl:    3.27%     1.63% 
    2.00-> 3.00 radl:    5.77%       2.24%             0-> 3.00 radl:    9.04%     3.61% 
    3.00-> 4.00 radl:    8.76%       2.83%             0-> 4.00 radl:   17.80%     5.93% 
    4.00-> 5.00 radl:   10.81%       2.86%             0-> 5.00 radl:   28.61%     8.08% 
    5.00-> 6.00 radl:   11.49%       2.47%             0-> 6.00 radl:   40.10%     9.39% 
    6.00-> 7.00 radl:   10.88%       2.12%             0-> 7.00 radl:   50.98%     9.89% 
    7.00-> 8.00 radl:    9.53%       2.02%             0-> 8.00 radl:   60.51%     9.62% 
    8.00-> 9.00 radl:    8.05%       1.89%             0-> 9.00 radl:   68.55%     8.84% 
    9.00->10.00 radl:    6.49%       1.70%             0->10.00 radl:   75.04%     7.87% 
   10.00->11.00 radl:    5.13%       1.70%             0->11.00 radl:   80.17%     6.65% 
   11.00->12.00 radl:    3.98%       1.48%             0->12.00 radl:   84.15%     5.50% 
   12.00->13.00 radl:    3.09%       1.30%             0->13.00 radl:   87.24%     4.47% 
   13.00->14.00 radl:    2.32%       1.16%             0->14.00 radl:   89.56%     3.58% 
   14.00->15.00 radl:    1.70%       0.92%             0->15.00 radl:   91.26%     2.89% 
   15.00->16.00 radl:    1.24%       0.77%             0->16.00 radl:   92.50%     2.32% 
   16.00->17.00 radl:    0.90%       0.57%             0->17.00 radl:   93.40%     1.95% 
   17.00->18.00 radl:    0.66%       0.46%             0->18.00 radl:   94.06%     1.63% 
   18.00->19.00 radl:    0.47%       0.41%             0->19.00 radl:   94.53%     1.35% 
   19.00->20.00 radl:    0.36%       0.35%             0->20.00 radl:   94.89%     1.09% 



                  RADIAL PROFILE                         CUMULATIVE  RADIAL PROFILE

        bin              Mean         rms                 bin            Mean      rms 

    0.00-> 0.25 radl:   35.33%       2.47%             0-> 0.25 radl:   35.33%     2.47% 
    0.25-> 0.50 radl:   18.66%       1.36%             0-> 0.50 radl:   53.99%     2.37% 
    0.50-> 0.75 radl:   10.66%       1.07%             0-> 0.75 radl:   64.65%     2.09% 
    0.75-> 1.00 radl:    6.72%       0.82%             0-> 1.00 radl:   71.36%     1.91% 
    1.00-> 1.25 radl:    4.65%       0.67%             0-> 1.25 radl:   76.02%     1.69% 
    1.25-> 1.50 radl:    3.47%       0.58%             0-> 1.50 radl:   79.49%     1.55% 
    1.50-> 1.75 radl:    2.72%       0.47%             0-> 1.75 radl:   82.21%     1.48% 
    1.75-> 2.00 radl:    2.18%       0.41%             0-> 2.00 radl:   84.39%     1.42% 
    2.00-> 2.25 radl:    1.80%       0.35%             0-> 2.25 radl:   86.19%     1.34% 
    2.25-> 2.50 radl:    1.51%       0.31%             0-> 2.50 radl:   87.70%     1.29% 
    2.50-> 2.75 radl:    1.28%       0.28%             0-> 2.75 radl:   88.97%     1.25% 
    2.75-> 3.00 radl:    1.08%       0.24%             0-> 3.00 radl:   90.06%     1.22% 
    3.00-> 3.25 radl:    0.94%       0.25%             0-> 3.25 radl:   90.99%     1.15% 
    3.25-> 3.50 radl:    0.81%       0.22%             0-> 3.50 radl:   91.81%     1.13% 
    3.50-> 3.75 radl:    0.70%       0.20%             0-> 3.75 radl:   92.51%     1.13% 
    3.75-> 4.00 radl:    0.61%       0.18%             0-> 4.00 radl:   93.11%     1.12% 
    4.00-> 4.25 radl:    0.53%       0.17%             0-> 4.25 radl:   93.64%     1.11% 
    4.25-> 4.50 radl:    0.48%       0.16%             0-> 4.50 radl:   94.12%     1.10% 
    4.50-> 4.75 radl:    0.42%       0.15%             0-> 4.75 radl:   94.54%     1.09% 
    4.75-> 5.00 radl:    0.35%       0.12%             0-> 5.00 radl:   94.89%     1.09% 

                              SUMMARY
                         energy deposit :   94.89 % E0 +-    1.09 % E0
                         charged traklen:  439.07 radl +-    5.48 radl
                         neutral traklen: 4477.80 radl +-  128.80 radl

--------- Ranecu engine status ---------
 Initial seed (index) = 0
 Current couple of seeds = 166847935, 911521672
----------------------------------------


Graphics systems deleted.
VisManager deleting.
G4 kernel has come to Quit state.
Deletion of G4 kernel class start.
UserDetectorConstruction deleted.
UserPhysicsList deleted.
UserRunAction deleted.
UserPrimaryGenerator deleted.
EventManager deleted.
UImanager deleted.
StateManager deleted.
RunManager is deleting.
