Now Detector is rod_place_asm
PreInit> Now Detector is rod_place_asm
PreInit> PreInit> #/tracking/verbose 1
PreInit> #
PreInit> # Initialize GEANT4
PreInit> #
PreInit> /run/initialize

### Reading exchange file from stepfiles/G4rod_place_asm.stp
Reading Data from stepfiles/G4rod_place_asm.stp...

HEADER read:

FIRST PASS complete:  873 instances created.
  0  ERRORS	  0  WARNINGS


SECOND PASS complete:  873 instances valid.
  0  ERRORS	  0  WARNINGS

Finished reading file.


### The InstMgr says there are 873 instantiated objects
Tst05PhysicsList::SetCuts:CutLength : 1 (mm)

conv:  Total cross sections from a parametrisation. Good description from 1.5 MeV to 100 GeV for all Z. 
        e+e- energies according Bethe-Heitler
        PhysicsTables from 1.022 MeV to 100 GeV in 100 bins. 

compt:  Total cross sections from a parametrisation. Good description from 10 KeV to (100/Z) GeV. 
        Scattered gamma energy according Klein-Nishina.
        PhysicsTables from 10 keV to 100 GeV in 100 bins. 

phot:  Total cross sections from a parametrisation. Good description from 10 KeV to 50 MeV for all ZSandia crossSection below 50 KeV
        PhysicsTables from 50 keV to 50 MeV in 100 bins. 

msc:   Tables of transport mean free paths.
          New model of MSC , computes the lateral 
          displacement of the particle , too.
        PhysicsTables from 100  eV to 100 TeV in 100 bins. 

eIoni:  delta cross sections from Moller+Bhabha. Good description from 1 KeV to 100 GeV.
        delta ray energy sampled from  differential Xsection.
        PhysicsTables from 1 keV to 100 TeV in 100 bins. 

eBrem:  Total cross sections from a parametrisation. Good description from 1 KeV to 100 GeV.
        log scale extrapolation above 100 GeV 
        Gamma energy sampled from a parametrised formula.
        PhysicsTables from 1 keV to 100 TeV in 100 bins. 

annihil:  Total cross section from Heilter formula (annihilation into 2 photons).
        gamma energies sampled according Heitler
        PhysicsTables from 10 keV to 10 TeV in 100 bins. 

msc:   Tables of transport mean free paths.
          New model of MSC , computes the lateral 
          displacement of the particle , too.
        PhysicsTables from 100  eV to 100 TeV in 100 bins. 

hIoni:    Knock-on electron cross sections . 
         Good description above the mean excitation energy.
         delta ray energy sampled from  differential Xsection.
        PhysicsTables from 1 keV to 100 TeV in 100 bins. 

msc:   Tables of transport mean free paths.
          New model of MSC , computes the lateral 
          displacement of the particle , too.
        PhysicsTables from 100  eV to 100 TeV in 100 bins. 

MuIoni:  knock-on electron cross sections .
          Good description above the mean excitation energy.
         delta ray energy sampled from  differential Xsection.
      PhysicsTables from 1 keV to 1000 PeV in 100 bins. 

MuBrems:  theoretical cross section 
          Good description up to 1000 TeV.
    PhysicsTables from 1 GeV to 1000 PeV in 100 bins. 

MuPairProd:  theoretical cross sections 
          Good description up to 1000 TeV.
    PhysicsTables from 1 GeV to 1000 PeV in 50 bins. 
Idle> #
Idle> # Run 100 events
Idle> #
Idle> /run/beamOn 1
/event/Verbose 1
/tracking/Verbose 1
Idle> #
Idle> # Termination
Idle> #
Idle> 