
 MZSTOR.  ZEBRA table base TAB(0) in /MZCC/ at adr   268909291    10073AEB HEX

 MZSTOR.  Initialize Store  0  in /GCBANK/
          with Store/Table at absolute adrs   268616053   268909291
                                        HEX    1002C175    10073AEB
                                        HEX    FFFB877C           0
                              relative adrs     -292996           0
          with     1 Str. in     2 Links in   5300 Low words in  199970 words.
          This store has a fence of   16 words.

 MZLOGL.  Set Log Level 0 for store  0

 MZSTOR.  Initialize Store  1  in /PAWC/  
          with Store/Table at absolute adrs   268826563   268836154
                                        HEX    1005F7C3    10061D3A
                                        HEX    FFFEBDCA    FFFEE24F
                              relative adrs      -82486      -73137
          with     1 Str. in     1 Links in   5001 Low words in    9990 words.
          This store has a fence of    5 words.

 MZLINK.  Initialize Link Area  /HCBOOK/  for Store  1 NL/NS=    49     4

 MZDIV.   Initialize Division  HIGZ      in Store  1
          NW/NWMAX=   1000  10000,  MODE/KIND=  0  3
          Division 20 initialized.

 MZLINK.  Initialize Link Area  /HILINK/  for Store  1 NL/NS=    42     2
 Version 1.26/04 of HIGZ started
1*****  GEANT Version  3.21/13 Released on 15111999
0*****  Correction Cradle Version  0.1300
 G3 > gives the filename of the data cards to be read:
1           USER'S DIRECTIVES TO RUN THIS JOB
            ----------------------------------


 ***** DATA CARD CONTENT     LIST                                                                            
 ***** DATA CARD CONTENT     ABSOR  25 (iron)  200. (thicknX) 200. (sizeYZ)  0. (field)                      
 ***** DATA CARD CONTENT     KINE   5  (muon)  10000. (Ekine)   90.0 (teta)  0.0 (phi)                       
 ***** DATA CARD CONTENT     TRIG   500                                                                      
 ***** DATA CARD CONTENT     DEBUG  1  0  10                                                                 
 ***** DATA CARD CONTENT     SWIT   0 (draw)                                                                 
 ***** DATA CARD CONTENT     LOSS   1                                                                        
 ***** DATA CARD CONTENT     HADR   0                                                                        
 ***** DATA CARD CONTENT     ABAN   0                                                                        
 ***** DATA CARD CONTENT     CUTS    10.0E-6 (cutgam)     10.0E-6 (cutele)  3*10.E-3 (cutneu/had/muo)        
 ***** DATA CARD CONTENT     C      2*10.0e+3 (bcute/m)  2*10.0e+3 (dcute/m)  10.0e+3 (ppcutm)               
 ***** DATA CARD CONTENT            2*21.0E-6 (bcute/m)   2*1.3E-3 (dcute/m)  10.0E-3 (ppcutm)               
 ***** DATA CARD CONTENT     HIS2   50   0.       200.E+3                                                    
 ***** DATA CARD CONTENT     HIS5   50  9800.E+3   10000.E+3                                                 
 ***** DATA CARD CONTENT     TIME   2=3.                                                                     
 ***** DATA CARD CONTENT     END                                                                             

               histogram file --> NAME:results/10000gev.1mm.paw 

 MZDIV.   Initialize Division  Constant  in Store  0
          NW/NWMAX=   2000 160000,  MODE/KIND=  1  2
          Division 20 initialized.

 MZLINK.  Initialize Link Area  /GCLINK/  for Store  0 NL/NS=    20    20

 MZLINK.  Initialize Link Area  /GCSLNK/  for Store  0 NL/NS=   100   100

 MZLINK.  Initialize Link Area  /GCHVIR/  for Store  0 NL/NS=     4     1

 MZLINK.  Initialize Link Area  /GCDINA/  for Store  0 NL/NS=     4     4
1************************************************************
 *                                                          *
 *    G E A N T  Version 3.2113      DATE/TIME 000419/1435  *
 *                                                          *
 *                      R U N      1                        *
 *                                                          *
 ************************************************************
 *                                                          *
 *      Data structure   Date   Time    GVERSN    ZVERSN    *
 *      --------------   ----   ----    ------    ------    *
 *                                                          *
 *           INIT       000419  1435    3.2113     3.78     *
 *                                                          *
 *           KINE       000419  1435    3.2113     3.78     *
 *                                                          *
 *           HITS       000419  1435    3.2113     3.78     *
 *                                                          *
 *           DIGI       000419  1435    3.2113     3.78     *
 *                                                          *
 *     Random number seeds:          9876        54321      *
 *     --------------------                                 *
 *                                                          *
 *----------------------------------------------------------*
 *                                                          *
 *              Standard TPAR for this run are              *
 *              ------------------------------              *
 *                                                          *
 *  CUTGAM= 10.00 keV  CUTELE= 10.00 keV  CUTNEU= 10.00 MeV *
 *  CUTHAD= 10.00 MeV  CUTMUO= 10.00 MeV                    *
 *  BCUTE = 21.00 keV  BCUTM = 21.00 keV                    *
 *  DCUTE =  1.30 MeV  DCUTM =  1.30 MeV  PPCUTM= 10.00 MeV *
 *  IPAIR =        1.  ICOMP =        1.  IPHOT =        1. *
 *  IPFIS =        0.  IDRAY =        1.  IANNI =        1. *
 *  IBREM =        1.  IHADR =        0.  IMUNU =        1. *
 *  IDCAY =        1.  ILOSS =        1.  IMULS =        1. *
 *  IRAYL =        0.  ILABS =        0.  ISYNC =        0. *
 *  ISTRA =        0.                                       *
 *                                                          *
 *                                                          *
 ************************************************************


0===================================================     MATERIALS      ==================================================
0MATERIAL                           A         Z     DENSITY  RADIAT L  ABSORP L NMIXT

        1 HYDROGEN                 1.010     1.000     0.071 0.865E+03 0.790E+03   1
        2 DEUTERIUM                2.010     1.000     0.162 0.757E+03 0.342E+03   1
        3 HELIUM                   4.000     2.000     0.125 0.755E+03 0.478E+03   1
        4 LITHIUM                  6.940     3.000     0.534 0.155E+03 0.121E+03   1
        5 BERILLIUM                9.010     4.000     1.848 0.353E+02 0.367E+02   1
        6 CARBON                  12.010     6.000     2.265 0.188E+02 0.499E+02   1
        7 NITROGEN                14.010     7.000     0.808 0.445E+02 0.994E+02   1
        8 NEON                    20.180    10.000     1.207 0.240E+02 0.749E+02   1
        9 ALUMINIUM               26.980    13.000     2.700 0.890E+01 0.372E+02   1
       10 IRON                    55.850    26.000     7.870 0.176E+01 0.171E+02   1
       11 COPPER                  63.540    29.000     8.960 0.143E+01 0.148E+02   1
       12 TUNGSTEN               183.850    74.000    19.300 0.350E+00 0.103E+02   1
       13 LEAD                   207.190    82.000    11.350 0.560E+00 0.185E+02   1
       14 URANIUM                238.030    92.000    18.950 0.320E+00 0.120E+02   1
       15 AIR                     14.610     7.300     0.001 0.304E+05 0.675E+05   1
       16 VACUUM                   0.000     0.000     0.000 0.100E+17 0.100E+17   1
       21 BERYLLIUM                9.010     4.000     1.848 0.353E+02 0.000E+00   1
       22 ALUMINIUM               26.980    13.000     2.700 0.890E+01 0.000E+00   1
       23 SILICON                 28.090    14.000     2.330 0.936E+01 0.455E+02   1
       24 LIQUID ARGON            39.950    18.000     1.400 0.140E+02 0.837E+02   1
       25 IRON                    55.850    26.000     7.870 0.176E+01 0.000E+00   1
       26 COPPER                  63.540    29.000     8.960 0.143E+01 0.000E+00   1
       27 GOLD                   196.967    79.000    19.320 0.330E+00 0.000E+00   1
       28 LEAD                   207.190    82.000    11.350 0.560E+00 0.000E+00   1
       29 WATER                   14.320     7.215     1.000 0.358E+02 0.949E+02   2     A      Z     W
                                                                                         1.01   1.00  0.112
                                                                                        16.00   8.00  0.888
       30 AIR                     14.607     7.300     0.001 0.304E+05 0.865E+05   2     A      Z     W
                                                                                        14.01   7.00  0.700
                                                                                        16.00   8.00  0.300
       31 XenonGas               131.290    54.000     0.006 0.145E+04 0.000E+00   1
0===================================================   TRACKING MEDIA   ==================================================
0TMED                          MATERIAL ISVOL IFIELD  FIELDM  TMAXFD  STEMAX    DEEMAX   EPSIL   STMIN

      1 ABSORBER                  25       0     0      0.00   10.00 0.100E+11   0.250   0.000   0.014
     99 WORLD                     30       0     0      0.00   10.00 0.100E+11   0.249   0.000   0.530
0===================================================      VOLUMES       ==================================================
0VOLUME NAME  NUMED SHAPE NPAR  PARAMETERS

      1 worl   99   BOX     3   0.150E+03 0.120E+03 0.120E+03
      2 abso    1   BOX     3   0.100E+03 0.100E+03 0.100E+03

   Kine     Name          Type     Px         Py         Pz       Energy     Vorigin  Vgener
     1      MUON +          5 10000.1055     0.0000    -0.0004 10000.1055     1.0000
 **** GTRIGI: IEVENT=     10 IDEVT=     10 Random Seeds = 1484068581   181053621
 **** GTRIGI: IEVENT=     20 IDEVT=     20 Random Seeds =  774674048  1954862766
 **** GTRIGI: IEVENT=     30 IDEVT=     30 Random Seeds = 1672141617   811625536
 **** GTRIGI: IEVENT=     40 IDEVT=     40 Random Seeds = 1233277620  1143660851
 **** GTRIGI: IEVENT=     50 IDEVT=     50 Random Seeds =  206023316   959298065
 **** GTRIGI: IEVENT=     60 IDEVT=     60 Random Seeds = 1383244281  2029525811
 **** GTRIGI: IEVENT=     70 IDEVT=     70 Random Seeds =  585578635  1931356684
 **** GTRIGI: IEVENT=     80 IDEVT=     80 Random Seeds =  401663932  1804605667
 **** GTRIGI: IEVENT=     90 IDEVT=     90 Random Seeds = 2144802074   986687751
 **** GTRIGI: IEVENT=    100 IDEVT=    100 Random Seeds =  988873741   272339635
 **** GTRIGI: IEVENT=    110 IDEVT=    110 Random Seeds =  230004758   802062816
 **** GTRIGI: IEVENT=    120 IDEVT=    120 Random Seeds =  910928019  1010931626
 **** GTRIGI: IEVENT=    130 IDEVT=    130 Random Seeds = 1823268190  1108619523
 **** GTRIGI: IEVENT=    140 IDEVT=    140 Random Seeds =  393489498  1227846924
 **** GTRIGI: IEVENT=    150 IDEVT=    150 Random Seeds =  681591022  1296715949
 **** GTRIGI: IEVENT=    160 IDEVT=    160 Random Seeds =  189330556  1544205632
 **** GTRIGI: IEVENT=    170 IDEVT=    170 Random Seeds =  128868443    41653848
 **** GTRIGI: IEVENT=    180 IDEVT=    180 Random Seeds =  565432662  1039468180
 **** GTRIGI: IEVENT=    190 IDEVT=    190 Random Seeds =  323078296   807508483
 **** GTRIGI: IEVENT=    200 IDEVT=    200 Random Seeds =  407772226  1554746825
 **** GTRIGI: IEVENT=    210 IDEVT=    210 Random Seeds =  518668859  1642889089
 **** GTRIGI: IEVENT=    220 IDEVT=    220 Random Seeds =  290748076  1397267095
 **** GTRIGI: IEVENT=    230 IDEVT=    230 Random Seeds = 1448547007   284852076
 **** GTRIGI: IEVENT=    240 IDEVT=    240 Random Seeds = 1420214592  1304696632
 **** GTRIGI: IEVENT=    250 IDEVT=    250 Random Seeds =  192794206  1913993902
 **** GTRIGI: IEVENT=    260 IDEVT=    260 Random Seeds = 1531310796   140047728
 **** GTRIGI: IEVENT=    270 IDEVT=    270 Random Seeds = 1582641991  2097016218
 **** GTRIGI: IEVENT=    280 IDEVT=    280 Random Seeds = 2094017003  1662010228
 **** GTRIGI: IEVENT=    290 IDEVT=    290 Random Seeds = 1200126573   682508827
 **** GTRIGI: IEVENT=    300 IDEVT=    300 Random Seeds =  769267725   297731719
 **** GTRIGI: IEVENT=    310 IDEVT=    310 Random Seeds = 2113021381   217016153
 **** GTRIGI: IEVENT=    320 IDEVT=    320 Random Seeds = 1270585149  1947296553
 **** GTRIGI: IEVENT=    330 IDEVT=    330 Random Seeds = 1779465223  1677618789
 **** GTRIGI: IEVENT=    340 IDEVT=    340 Random Seeds = 1242320321   455434048
 **** GTRIGI: IEVENT=    350 IDEVT=    350 Random Seeds = 1903046393   130963666
 **** GTRIGI: IEVENT=    360 IDEVT=    360 Random Seeds =  491682331  1005981441
 **** GTRIGI: IEVENT=    370 IDEVT=    370 Random Seeds =  469735506  1512385455
 **** GTRIGI: IEVENT=    380 IDEVT=    380 Random Seeds = 1715717552  1290020687
 **** GTRIGI: IEVENT=    390 IDEVT=    390 Random Seeds = 1618758243  1735989552
 **** GTRIGI: IEVENT=    400 IDEVT=    400 Random Seeds = 1730367438  1259051424
 **** GTRIGI: IEVENT=    410 IDEVT=    410 Random Seeds =  313761008   325050039
 **** GTRIGI: IEVENT=    420 IDEVT=    420 Random Seeds =  990262235   579342367
 **** GTRIGI: IEVENT=    430 IDEVT=    430 Random Seeds = 1394392134   428395088
 **** GTRIGI: IEVENT=    440 IDEVT=    440 Random Seeds =  966720198   737709512
 **** GTRIGI: IEVENT=    450 IDEVT=    450 Random Seeds =  759389076   402518456
 **** GTRIGI: IEVENT=    460 IDEVT=    460 Random Seeds = 1992670802   765994850
 **** GTRIGI: IEVENT=    470 IDEVT=    470 Random Seeds = 1518502234   728813099
 **** GTRIGI: IEVENT=    480 IDEVT=    480 Random Seeds =   29436775  2069589424
 **** GTRIGI: IEVENT=    490 IDEVT=    490 Random Seeds = 1959473036  1156997345
 **** GTRIGI: IEVENT=    500 IDEVT=    500 Random Seeds = 1893110091  1165627011
1         **** NUMBER OF EVENTS PROCESSED =       500
          **** RANDOM NUMBER GENERATOR AFTER LAST COMPLETE EVENT    300890438    68932394
          **** TIME TO PROCESS ONE EVENT IS =   13.4819 SECONDS



 MZEND.   Usage statistics for  2 dynamic stores.

   Map of store  0 /GCBANK/
   ------------------------

   Division                                        Number of times
              Kind                Max-size                Garb-coll.
            Mode    Position      used   allowed   Wiped  user  auto Pushd Redcd

    1 QDIV1    0 1      5203         0    199968       0     0     0     0     0
    2 QDIV2    1 1    172125       137    199968     500     0     0     0     0
   19 system   1 8    172525       328    199968       0     0     0     0     0
   20 Constant 1 2    199968     27199    160000       0     1     4     3     0

   Map of store  1 /PAWC/  
   ------------------------

   Division                                        Number of times
              Kind                Max-size                Garb-coll.
            Mode    Position      used   allowed   Wiped  user  auto Pushd Redcd

    1 QDIV1    0 1         2         0      9585       0     0     0     0     0
    2 QDIV2    1 1      8185      1307      9585       0     0     0     0     0
   19 system   1 8      8585       111      9585       0     0     0     0     0
   20 HIGZ     0 4      8585         0     10000       0     0     0     0     0
     energy deposit=  0.1061E+03 +-   0.1626E+02

  mean number of steps=     550144.375 +-       58825.090

  mean nb of charged secondaries=    127138.5156 +-      21350.2188
  mean nb of neutral secondaries=     39855.4258 +-       6627.0020

  mean nb of e-s =     123713.6016  and e+s=      3424.9600

  (number) transmission coeff=  0.1000E+01  reflexion coeff=  0.0000E+00

  nb of (theta<0.001*bin) events=     0
 RZMAKE. Unit   1004 Initializing with LREC=  1024, OPT= X?C     

 MZLINK.  Initialize Link Area  RZCL      for Store  0 NL/NS=    11     0
 RZEND. called for HRPUT
