
 MZSTOR.  ZEBRA table base TAB(0) in /MZCC/ at adr   268909299    10073AF3 HEX

 MZSTOR.  Initialize Store  0  in /GCBANK/
          with Store/Table at absolute adrs   268616061   268909299
                                        HEX    1002C17D    10073AF3
                                        HEX    FFFB877C           0
                              relative adrs     -292996           0
          with     1 Str. in     2 Links in   5300 Low words in  199970 words.
          This store has a fence of   16 words.

 MZLOGL.  Set Log Level 0 for store  0

 MZSTOR.  Initialize Store  1  in /PAWC/  
          with Store/Table at absolute adrs   268826571   268836162
                                        HEX    1005F7CB    10061D42
                                        HEX    FFFEBDCA    FFFEE24F
                              relative adrs      -82486      -73137
          with     1 Str. in     1 Links in   5001 Low words in    9990 words.
          This store has a fence of    5 words.

 MZLINK.  Initialize Link Area  /HCBOOK/  for Store  1 NL/NS=    49     4

 MZDIV.   Initialize Division  HIGZ      in Store  1
          NW/NWMAX=   1000  10000,  MODE/KIND=  0  3
          Division 20 initialized.

 MZLINK.  Initialize Link Area  /HILINK/  for Store  1 NL/NS=    42     2
 Version 1.26/04 of HIGZ started
1*****  GEANT Version  3.21/13 Released on 15111999
0*****  Correction Cradle Version  0.1300
 G3 > gives the filename of the data cards to be read:
1           USER'S DIRECTIVES TO RUN THIS JOB
            ----------------------------------


 ***** DATA CARD CONTENT     LIST                                                                            
 ***** DATA CARD CONTENT     ABSOR  25 (iron)  200. (thicknX) 200. (sizeYZ)  0. (field)                      
 ***** DATA CARD CONTENT     KINE   5  (muon)  1000. (Ekine)   90.0 (teta)  0.0 (phi)                        
 ***** DATA CARD CONTENT     TRIG   1000                                                                     
 ***** DATA CARD CONTENT     DEBUG  1  0  100                                                                
 ***** DATA CARD CONTENT     SWIT   0 (draw)                                                                 
 ***** DATA CARD CONTENT     LOSS   1                                                                        
 ***** DATA CARD CONTENT     HADR   0                                                                        
 ***** DATA CARD CONTENT     ABAN   0                                                                        
 ***** DATA CARD CONTENT     CUTS    10.0E-6 (cutgam)     10.0E-6 (cutele)  3*10.E-3 (cutneu/had/muo)        
 ***** DATA CARD CONTENT     C      2*10.0e+3 (bcute/m)  2*10.0e+3 (dcute/m)  10.0e+3 (ppcutm)               
 ***** DATA CARD CONTENT            2*21.0E-6 (bcute/m)   2*1.3E-3 (dcute/m)  10.0E-3 (ppcutm)               
 ***** DATA CARD CONTENT     HIS2   50   0.       50.E+3                                                     
 ***** DATA CARD CONTENT     HIS5   50  950.E+3   1000.E+3                                                   
 ***** DATA CARD CONTENT     TIME   2=3.                                                                     
 ***** DATA CARD CONTENT     END                                                                             

               histogram file --> NAME:results/1000gev.1mm.paw  

 MZDIV.   Initialize Division  Constant  in Store  0
          NW/NWMAX=   2000 160000,  MODE/KIND=  1  2
          Division 20 initialized.

 MZLINK.  Initialize Link Area  /GCLINK/  for Store  0 NL/NS=    20    20

 MZLINK.  Initialize Link Area  /GCSLNK/  for Store  0 NL/NS=   100   100

 MZLINK.  Initialize Link Area  /GCHVIR/  for Store  0 NL/NS=     4     1

 MZLINK.  Initialize Link Area  /GCDINA/  for Store  0 NL/NS=     4     4
1************************************************************
 *                                                          *
 *    G E A N T  Version 3.2113      DATE/TIME 000418/1434  *
 *                                                          *
 *                      R U N      1                        *
 *                                                          *
 ************************************************************
 *                                                          *
 *      Data structure   Date   Time    GVERSN    ZVERSN    *
 *      --------------   ----   ----    ------    ------    *
 *                                                          *
 *           INIT       000418  1434    3.2113     3.78     *
 *                                                          *
 *           KINE       000418  1434    3.2113     3.78     *
 *                                                          *
 *           HITS       000418  1434    3.2113     3.78     *
 *                                                          *
 *           DIGI       000418  1434    3.2113     3.78     *
 *                                                          *
 *     Random number seeds:          9876        54321      *
 *     --------------------                                 *
 *                                                          *
 *----------------------------------------------------------*
 *                                                          *
 *              Standard TPAR for this run are              *
 *              ------------------------------              *
 *                                                          *
 *  CUTGAM= 10.00 keV  CUTELE= 10.00 keV  CUTNEU= 10.00 MeV *
 *  CUTHAD= 10.00 MeV  CUTMUO= 10.00 MeV                    *
 *  BCUTE = 21.00 keV  BCUTM = 21.00 keV                    *
 *  DCUTE =  1.30 MeV  DCUTM =  1.30 MeV  PPCUTM= 10.00 MeV *
 *  IPAIR =        1.  ICOMP =        1.  IPHOT =        1. *
 *  IPFIS =        0.  IDRAY =        1.  IANNI =        1. *
 *  IBREM =        1.  IHADR =        0.  IMUNU =        1. *
 *  IDCAY =        1.  ILOSS =        1.  IMULS =        1. *
 *  IRAYL =        0.  ILABS =        0.  ISYNC =        0. *
 *  ISTRA =        0.                                       *
 *                                                          *
 *                                                          *
 ************************************************************


0===================================================     MATERIALS      ==================================================
0MATERIAL                           A         Z     DENSITY  RADIAT L  ABSORP L NMIXT

        1 HYDROGEN                 1.010     1.000     0.071 0.865E+03 0.790E+03   1
        2 DEUTERIUM                2.010     1.000     0.162 0.757E+03 0.342E+03   1
        3 HELIUM                   4.000     2.000     0.125 0.755E+03 0.478E+03   1
        4 LITHIUM                  6.940     3.000     0.534 0.155E+03 0.121E+03   1
        5 BERILLIUM                9.010     4.000     1.848 0.353E+02 0.367E+02   1
        6 CARBON                  12.010     6.000     2.265 0.188E+02 0.499E+02   1
        7 NITROGEN                14.010     7.000     0.808 0.445E+02 0.994E+02   1
        8 NEON                    20.180    10.000     1.207 0.240E+02 0.749E+02   1
        9 ALUMINIUM               26.980    13.000     2.700 0.890E+01 0.372E+02   1
       10 IRON                    55.850    26.000     7.870 0.176E+01 0.171E+02   1
       11 COPPER                  63.540    29.000     8.960 0.143E+01 0.148E+02   1
       12 TUNGSTEN               183.850    74.000    19.300 0.350E+00 0.103E+02   1
       13 LEAD                   207.190    82.000    11.350 0.560E+00 0.185E+02   1
       14 URANIUM                238.030    92.000    18.950 0.320E+00 0.120E+02   1
       15 AIR                     14.610     7.300     0.001 0.304E+05 0.675E+05   1
       16 VACUUM                   0.000     0.000     0.000 0.100E+17 0.100E+17   1
       21 BERYLLIUM                9.010     4.000     1.848 0.353E+02 0.000E+00   1
       22 ALUMINIUM               26.980    13.000     2.700 0.890E+01 0.000E+00   1
       23 SILICON                 28.090    14.000     2.330 0.936E+01 0.455E+02   1
       24 LIQUID ARGON            39.950    18.000     1.400 0.140E+02 0.837E+02   1
       25 IRON                    55.850    26.000     7.870 0.176E+01 0.000E+00   1
       26 COPPER                  63.540    29.000     8.960 0.143E+01 0.000E+00   1
       27 GOLD                   196.967    79.000    19.320 0.330E+00 0.000E+00   1
       28 LEAD                   207.190    82.000    11.350 0.560E+00 0.000E+00   1
       29 WATER                   14.320     7.215     1.000 0.358E+02 0.949E+02   2     A      Z     W
                                                                                         1.01   1.00  0.112
                                                                                        16.00   8.00  0.888
       30 AIR                     14.607     7.300     0.001 0.304E+05 0.865E+05   2     A      Z     W
                                                                                        14.01   7.00  0.700
                                                                                        16.00   8.00  0.300
       31 XenonGas               131.290    54.000     0.006 0.145E+04 0.000E+00   1
0===================================================   TRACKING MEDIA   ==================================================
0TMED                          MATERIAL ISVOL IFIELD  FIELDM  TMAXFD  STEMAX    DEEMAX   EPSIL   STMIN

      1 ABSORBER                  25       0     0      0.00   10.00 0.100E+11   0.250   0.000   0.014
     99 WORLD                     30       0     0      0.00   10.00 0.100E+11   0.249   0.000   0.530
0===================================================      VOLUMES       ==================================================
0VOLUME NAME  NUMED SHAPE NPAR  PARAMETERS

      1 worl   99   BOX     3   0.150E+03 0.120E+03 0.120E+03
      2 abso    1   BOX     3   0.100E+03 0.100E+03 0.100E+03

   Kine     Name          Type     Px         Py         Pz       Energy     Vorigin  Vgener
     1      MUON +          5  1000.1057     0.0000     0.0000  1000.1057     1.0000
 **** GTRIGI: IEVENT=    100 IDEVT=    100 Random Seeds = 1099731679   513987916
 **** GTRIGI: IEVENT=    200 IDEVT=    200 Random Seeds =  129399282  1285851817
 **** GTRIGI: IEVENT=    300 IDEVT=    300 Random Seeds =  872917471   508608262
 **** GTRIGI: IEVENT=    400 IDEVT=    400 Random Seeds = 1390545897   307144098
 **** GTRIGI: IEVENT=    500 IDEVT=    500 Random Seeds =  254437158  1051625528
 **** GTRIGI: IEVENT=    600 IDEVT=    600 Random Seeds =  120465770    96878414
 **** GTRIGI: IEVENT=    700 IDEVT=    700 Random Seeds = 1333080079   307925544
 **** GTRIGI: IEVENT=    800 IDEVT=    800 Random Seeds = 1425790272   663315921
 **** GTRIGI: IEVENT=    900 IDEVT=    900 Random Seeds =  243339069  1705351866
     ***** THE JOB STOPS NOW BECAUSE THE TIME LEFT IS LESS THAN        3.000 SECONDS *****


1         **** NUMBER OF EVENTS PROCESSED =       986
          **** RANDOM NUMBER GENERATOR AFTER LAST COMPLETE EVENT   1399145570   493312926
          **** TIME TO PROCESS ONE EVENT IS =    1.0170 SECONDS



 MZEND.   Usage statistics for  2 dynamic stores.

   Map of store  0 /GCBANK/
   ------------------------

   Division                                        Number of times
              Kind                Max-size                Garb-coll.
            Mode    Position      used   allowed   Wiped  user  auto Pushd Redcd

    1 QDIV1    0 1      5203         0    199968       0     0     0     0     0
    2 QDIV2    1 1    172125       137    199968     986     0     0     0     0
   19 system   1 8    172525       328    199968       0     0     0     0     0
   20 Constant 1 2    199968     27199    160000       0     1     4     3     0

   Map of store  1 /PAWC/  
   ------------------------

   Division                                        Number of times
              Kind                Max-size                Garb-coll.
            Mode    Position      used   allowed   Wiped  user  auto Pushd Redcd

    1 QDIV1    0 1         2         0      9585       0     0     0     0     0
    2 QDIV2    1 1      8185      1307      9585       0     0     0     0     0
   19 system   1 8      8585       111      9585       0     0     0     0     0
   20 HIGZ     0 4      8585         0     10000       0     0     0     0     0
     energy deposit=  0.1724E+02 +-   0.1965E+01

  mean number of steps=      86353.609 +-       11384.389

  mean nb of charged secondaries=     18004.5723 +-       2391.6697
  mean nb of neutral secondaries=      5628.3774 +-        744.8489

  mean nb of e-s =      17526.4941  and e+s=       478.0730

  (number) transmission coeff=  0.1000E+01  reflexion coeff=  0.0000E+00

  nb of (theta<0.001*bin) events=     0
 RZMAKE. Unit   1004 Initializing with LREC=  1024, OPT= X?C     

 MZLINK.  Initialize Link Area  RZCL      for Store  0 NL/NS=    11     0
 RZEND. called for HRPUT
