
        ############################################
        !!! WARNING - FPE detection is activated !!!
        ############################################

*************************************************************
 Geant4 version Name: geant4-09-03-ref-00    (18-December-2009)
                      Copyright : Geant4 Collaboration
                      Reference : NIM A 506 (2003), 250-303
                            WWW : http://cern.ch/geant4
*************************************************************

Visualization init
Visualization Manager instantiating...
Visualization Manager initialising...
Registering graphics systems...

You have successfully registered the following graphics systems.
Current available graphics systems are:
  ASCIITree (ATree)
  DAWNFILE (DAWNFILE)
  G4HepRep (HepRepXML)
  G4HepRepFile (HepRepFile)
  RayTracer (RayTracer)
  VRML1FILE (VRML1FILE)
  VRML2FILE (VRML2FILE)
  gMocrenFile (gMocrenFile)
  OpenGLImmediateX (OGLIX)
  OpenGLStoredX (OGLSX)

Registering model factories...

You have successfully registered the following model factories.
Registered model factories:
  generic
  drawByCharge
  drawByParticleID
  drawByOriginVolume
  drawByAttribute

Registered filter factories:
  chargeFilter
  particleFilter
  originVolumeFilter
  attributeFilter


 You selected a Sphere detector
Tst10PhysicsList::SetCuts:CutLength : 1 (mm)

---> Begin of Event: 0
  A 10000 optical photons vertex has been generated at (-690.585,174.228,404.117)
  A 10000 optical photons vertex has been generated at (508.32929,-2.2475354,691.63072)
  A 10000 optical photons vertex has been generated at (374.08959,779.17049,-882.35513)
  A 10000 optical photons vertex has been generated at (-331.25986,-819.47552,-554.67816)
  A 10000 optical photons vertex has been generated at (-963.14853,-356.15832,674.88287)

 You selected a Orb detector

---> Begin of Event: 0
  A 10000 optical photons vertex has been generated at (773.11937,506.39318,36.911269)
  A 10000 optical photons vertex has been generated at (-739.71382,-982.71111,943.22294)
  A 10000 optical photons vertex has been generated at (292.00026,-14.345491,-16.353729)
  A 10000 optical photons vertex has been generated at (38.190658,-572.98781,-609.51995)
  A 10000 optical photons vertex has been generated at (-726.69736,888.56676,-469.13008)

 You selected a Cone detector

---> Begin of Event: 0
  A 10000 optical photons vertex has been generated at (935.57444,655.27903,454.17016)
  A 10000 optical photons vertex has been generated at (-713.50534,282.95229,561.26747)
  A 10000 optical photons vertex has been generated at (-171.75025,779.07207,-202.28576)
  A 10000 optical photons vertex has been generated at (-623.7466,-187.0253,-379.56791)
  A 10000 optical photons vertex has been generated at (-657.32114,-557.64026,-913.59188)

 You selected a Paraboloid detector

---> Begin of Event: 0
  A 10000 optical photons vertex has been generated at (279.60575,274.74532,926.33018)
  A 10000 optical photons vertex has been generated at (-707.93186,-952.67745,532.6019)
  A 10000 optical photons vertex has been generated at (-243.05996,245.53767,219.89519)
  A 10000 optical photons vertex has been generated at (-543.44964,290.8564,373.53817)
  A 10000 optical photons vertex has been generated at (-229.31169,470.2467,-810.32045)

 You selected a Box detector

---> Begin of Event: 0
  A 10000 optical photons vertex has been generated at (-688.22645,482.97969,-527.43158)
  A 10000 optical photons vertex has been generated at (305.52383,744.3753,-443.30121)
  A 10000 optical photons vertex has been generated at (584.25344,367.14694,536.42708)
  A 10000 optical photons vertex has been generated at (-904.6745,-998.54776,689.24675)
  A 10000 optical photons vertex has been generated at (65.313075,483.94776,-775.70187)

 You selected a Tube detector

---> Begin of Event: 0
  A 10000 optical photons vertex has been generated at (881.95265,-813.18189,896.48759)
  A 10000 optical photons vertex has been generated at (-978.03001,195.68444,361.41207)
  A 10000 optical photons vertex has been generated at (-173.34361,181.08039,-6.3842188)
  A 10000 optical photons vertex has been generated at (-530.0086,-143.9676,-240.31605)
  A 10000 optical photons vertex has been generated at (-866.5317,-149.35643,341.63736)

 You selected a Hype detector

---> Begin of Event: 0
  A 10000 optical photons vertex has been generated at (957.73681,952.99988,-55.065817)
  A 10000 optical photons vertex has been generated at (-518.51338,-542.41815,-257.44501)
  A 10000 optical photons vertex has been generated at (889.95841,-18.707143,-146.98961)
  A 10000 optical photons vertex has been generated at (-212.61876,222.00535,568.21227)
  A 10000 optical photons vertex has been generated at (-837.98072,961.96927,431.37904)

 You selected a Para detector

---> Begin of Event: 0
  A 10000 optical photons vertex has been generated at (824.97251,-512.24229,-767.41847)
  A 10000 optical photons vertex has been generated at (725.67962,-286.1128,-518.47938)
  A 10000 optical photons vertex has been generated at (-438.7704,-393.55661,72.403816)
  A 10000 optical photons vertex has been generated at (475.71375,800.54571,-453.79685)
  A 10000 optical photons vertex has been generated at (910.52872,960.69964,290.91453)

 You selected a Trd detector

---> Begin of Event: 0
  A 10000 optical photons vertex has been generated at (44.185302,308.01341,-759.68909)
  A 10000 optical photons vertex has been generated at (-449.38027,-215.59766,290.41361)
  A 10000 optical photons vertex has been generated at (692.77931,439.37826,-283.8013)
  A 10000 optical photons vertex has been generated at (892.31239,-177.20833,-935.63866)
  A 10000 optical photons vertex has been generated at (-533.68112,257.26215,-725.19077)

 You selected a Torus detector

---> Begin of Event: 0
  A 10000 optical photons vertex has been generated at (613.69513,457.4489,-648.90547)
  A 10000 optical photons vertex has been generated at (713.31569,-879.79462,999.3041)
  A 10000 optical photons vertex has been generated at (164.35652,167.65036,672.14851)
  A 10000 optical photons vertex has been generated at (-400.73417,-66.524233,-702.09293)
  A 10000 optical photons vertex has been generated at (318.05444,-414.5354,661.853)

 You selected a Polyhedra detector

---> Begin of Event: 0
  A 10000 optical photons vertex has been generated at (147.98833,-176.79794,-144.48311)
  A 10000 optical photons vertex has been generated at (925.20106,247.28658,-79.001218)
  A 10000 optical photons vertex has been generated at (346.55965,211.88642,-14.32328)
  A 10000 optical photons vertex has been generated at (814.90311,-995.03054,-975.21786)
  A 10000 optical photons vertex has been generated at (882.24468,365.6859,-713.62887)

 You selected a Polycone detector

---> Begin of Event: 0
  A 10000 optical photons vertex has been generated at (-43.846725,-396.39194,245.10699)
  A 10000 optical photons vertex has been generated at (490.06203,-459.19264,-294.38528)
  A 10000 optical photons vertex has been generated at (830.58728,860.59536,-128.43597)
  A 10000 optical photons vertex has been generated at (-944.14459,-25.269354,-119.10002)
  A 10000 optical photons vertex has been generated at (766.31081,393.32551,-565.16118)

 You selected a TwistedTrap detector

---> Begin of Event: 0
  A 10000 optical photons vertex has been generated at (692.27508,875.50174,153.09562)

 You selected a TwistedTrap2 detector

---> Begin of Event: 0
  A 10000 optical photons vertex has been generated at (-50.546367,-501.93123,139.61918)

 You selected a TwistedTrd detector

---> Begin of Event: 0
  A 10000 optical photons vertex has been generated at (244.45501,-526.7068,-884.94179)

 You selected a TwistedBox detector

---> Begin of Event: 0
  A 10000 optical photons vertex has been generated at (725.22788,-594.66014,-352.27265)

