
        ############################################
        !!! WARNING - FPE detection is activated !!!
        ############################################

*************************************************************
 Geant4 version Name: geant4-09-04-ref-09    (7-October-2011)
                      Copyright : Geant4 Collaboration
                      Reference : NIM A 506 (2003), 250-303
                            WWW : http://cern.ch/geant4
*************************************************************

Visualization Manager instantiating with verbosity "warnings (3)"...
Visualization Manager initialising...
Registering graphics systems...

You have successfully registered the following graphics systems.
Current available graphics systems are:
  ASCIITree (ATree)
  DAWNFILE (DAWNFILE)
  G4HepRep (HepRepXML)
  G4HepRepFile (HepRepFile)
  RayTracer (RayTracer)
  VRML1FILE (VRML1FILE)
  VRML2FILE (VRML2FILE)
  gMocrenFile (gMocrenFile)
  OpenGLStoredX (OGL)
  OpenGLImmediateX (OGLI)
  OpenGLStoredX (OGLS)
  OpenGLImmediateX (OGLIX)
  OpenGLStoredX (OGLSX)

Registering model factories...

You have successfully registered the following model factories.
Registered model factories:
  generic
  drawByCharge
  drawByParticleID
  drawByOriginVolume
  drawByAttribute

Registered filter factories:
  chargeFilter
  particleFilter
  originVolumeFilter
  attributeFilter

PhysicsList::SetCuts:CutLength : 1 nm 
/run/verbose 1
/run/initialize
/tracking/verbose 0
/process/list
     Transportation,      DNAExcitation,      DNAIonisation,  DNAChargeDecrease
  DNAChargeIncrease,         DNAElastic,DNAVibrationalExcitation,      DNAAttachment

/particle/list
              Ps-1s,              Ps-2s,              alpha,             alpha+
        anti_proton,             carbon,                 e+,                 e-
              gamma,           geantino,             helium,           hydrogen
               iron,           nitrogen,      opticalphoton,             oxygen
             proton,
/run/particle/dumpCutValues
#
/gun/direction 0 0 1
#
/gun/particle e-
/gun/energy 10000 eV
/run/beamOn 1

DNAElastic:   for  e-    SubType= 51
 Total cross sections computed from DNAScreenedRutherfordElasticModel model
      ===== EM models for the G4Region  DefaultRegionForTheWorld ======
DNAScreenedRutherfordElasticModel :  Emin=        0 eV    Emax=        1 MeV

DNAExcitation:   for  e-    SubType= 52
 Total cross sections computed from DNABornExcitationModel
      ===== EM models for the G4Region  DefaultRegionForTheWorld ======
DNABornExcitationModel :  Emin=        0 eV    Emax=        1 MeV

DNAIonisation:   for  e-    SubType= 53
 Total cross sections computed from DNABornIonisationModel
      ===== EM models for the G4Region  DefaultRegionForTheWorld ======
DNABornIonisationModel :  Emin=        0 eV    Emax=        1 MeV

DNAVibrationalExcitation:   for  e-    SubType= 54
 Total cross sections computed from DNASancheExcitationModel
      ===== EM models for the G4Region  DefaultRegionForTheWorld ======
DNASancheExcitationModel :  Emin=        0 eV    Emax=      100 eV 

DNAAttachment:   for  e-    SubType= 55
 Total cross sections computed from DNAMeltonAttachmentModel
      ===== EM models for the G4Region  DefaultRegionForTheWorld ======
DNAMeltonAttachmentModel :  Emin=        0 eV    Emax=       13 eV 

DNAExcitation:   for  proton    SubType= 52
 Total cross sections computed from DNAMillerGreenExcitationModel and DNABornExcitationModel models
      ===== EM models for the G4Region  DefaultRegionForTheWorld ======
DNAMillerGreenExcitationModel :  Emin=        0 eV    Emax=      500 keV
DNABornExcitationModel :  Emin=      500 keV   Emax=      100 MeV

DNAIonisation:   for  proton    SubType= 53
 Total cross sections computed from DNARuddIonisationModel and DNABornIonisationModel models
      ===== EM models for the G4Region  DefaultRegionForTheWorld ======
DNARuddIonisationModel :  Emin=        0 eV    Emax=      500 keV
DNABornIonisationModel :  Emin=      500 keV   Emax=      100 MeV

DNAChargeDecrease:   for  proton    SubType= 56
 Total cross sections computed from DNADingfelderChargeDecreaseModel model
      ===== EM models for the G4Region  DefaultRegionForTheWorld ======
DNADingfelderChargeDecreaseModel :  Emin=        0 eV    Emax=      100 MeV

DNAExcitation:   for  alpha    SubType= 52
 Total cross sections computed from DNAMillerGreenExcitationModel
      ===== EM models for the G4Region  DefaultRegionForTheWorld ======
DNAMillerGreenExcitationModel :  Emin=        0 eV    Emax=      400 MeV

DNAIonisation:   for  alpha    SubType= 53
 Total cross sections computed from DNARuddIonisationModel
      ===== EM models for the G4Region  DefaultRegionForTheWorld ======
DNARuddIonisationModel :  Emin=        0 eV    Emax=      400 MeV

DNAChargeDecrease:   for  alpha    SubType= 56
 Total cross sections computed from DNADingfelderChargeDecreaseModel model
      ===== EM models for the G4Region  DefaultRegionForTheWorld ======
DNADingfelderChargeDecreaseModel :  Emin=        0 eV    Emax=      400 MeV

DNAExcitation:   for  alpha+    SubType= 52
 Total cross sections computed from DNAMillerGreenExcitationModel
      ===== EM models for the G4Region  DefaultRegionForTheWorld ======
DNAMillerGreenExcitationModel :  Emin=        0 eV    Emax=      400 MeV

DNAIonisation:   for  alpha+    SubType= 53
 Total cross sections computed from DNARuddIonisationModel
      ===== EM models for the G4Region  DefaultRegionForTheWorld ======
DNARuddIonisationModel :  Emin=        0 eV    Emax=      400 MeV

DNAChargeDecrease:   for  alpha+    SubType= 56
 Total cross sections computed from DNADingfelderChargeDecreaseModel model
      ===== EM models for the G4Region  DefaultRegionForTheWorld ======
DNADingfelderChargeDecreaseModel :  Emin=        0 eV    Emax=      400 MeV

DNAChargeIncrease:   for  alpha+    SubType= 57
 Total cross sections computed from DNADingfelderChargeIncreaseModel model
      ===== EM models for the G4Region  DefaultRegionForTheWorld ======
DNADingfelderChargeIncreaseModel :  Emin=        0 eV    Emax=      400 MeV

DNAExcitation:   for  helium    SubType= 52
 Total cross sections computed from DNAMillerGreenExcitationModel
      ===== EM models for the G4Region  DefaultRegionForTheWorld ======
DNAMillerGreenExcitationModel :  Emin=        0 eV    Emax=      400 MeV

DNAIonisation:   for  helium    SubType= 53
 Total cross sections computed from DNARuddIonisationModel
      ===== EM models for the G4Region  DefaultRegionForTheWorld ======
DNARuddIonisationModel :  Emin=        0 eV    Emax=      400 MeV

DNAChargeIncrease:   for  helium    SubType= 57
 Total cross sections computed from DNADingfelderChargeIncreaseModel model
      ===== EM models for the G4Region  DefaultRegionForTheWorld ======
DNADingfelderChargeIncreaseModel :  Emin=        0 eV    Emax=      400 MeV

DNAExcitation:   for  hydrogen    SubType= 52
 Total cross sections computed from DNAMillerGreenExcitationModel
      ===== EM models for the G4Region  DefaultRegionForTheWorld ======
DNAMillerGreenExcitationModel :  Emin=        0 eV    Emax=      500 keV

DNAIonisation:   for  hydrogen    SubType= 53
 Total cross sections computed from DNARuddIonisationModel
      ===== EM models for the G4Region  DefaultRegionForTheWorld ======
DNARuddIonisationModel :  Emin=        0 eV    Emax=      100 MeV

DNAChargeIncrease:   for  hydrogen    SubType= 57
 Total cross sections computed from DNADingfelderChargeIncreaseModel model
      ===== EM models for the G4Region  DefaultRegionForTheWorld ======
DNADingfelderChargeIncreaseModel :  Emin=        0 eV    Emax=      100 MeV

========= Table of registered couples ==============================

Index : 0     used in the geometry : Yes     recalculation needed : No 
 Material : G4_WATER
 Range cuts        :  gamma  1 nm     e-  1 nm     e+  1 nm  proton 1 nm 
 Energy thresholds :  gamma  990 eV     e-  990 eV     e+  990 eV  proton 0.1 eV 
 Region(s) which use this couple : 
    DefaultRegionForTheWorld

====================================================================

Start Run processing.
Run terminated.
Run Summary
  Number of events processed : 1
  User=0.28s Real=0.28s Sys=0s

 The run consists of 1 e- of 10 keV through 1 m   of G4_WATER (density: 1 g/cm3 )

 Process calls frequency --->	DNAElastic = 20868	DNAIonisation = 460	DNAExcitation = 65	DNAVibrationalExcitation = 1618	DNAAttachment = 4
 Total transfered energy (keV)=10

#
/gun/particle proton
/gun/energy 0.01 MeV
/run/beamOn 1

========= Table of registered couples ==============================

Index : 0     used in the geometry : Yes     recalculation needed : No 
 Material : G4_WATER
 Range cuts        :  gamma  1 nm     e-  1 nm     e+  1 nm  proton 1 nm 
 Energy thresholds :  gamma  990 eV     e-  990 eV     e+  990 eV  proton 0.1 eV 
 Region(s) which use this couple : 
    DefaultRegionForTheWorld

====================================================================

Start Run processing.
Run terminated.
Run Summary
  Number of events processed : 1
  User=0.45s Real=0.45s Sys=0s

 The run consists of 1 proton of 10 keV through 1 m   of G4_WATER (density: 1 g/cm3 )

 Process calls frequency --->	DNAChargeDecrease = 213	DNAChargeIncrease = 212	DNAElastic = 4404	DNAIonisation = 392	DNAExcitation = 44	DNAVibrationalExcitation = 309
 Total transfered energy (keV)=10.01

#
/gun/particle hydrogen
/gun/energy 0.01 MeV
/run/beamOn 1

========= Table of registered couples ==============================

Index : 0     used in the geometry : Yes     recalculation needed : No 
 Material : G4_WATER
 Range cuts        :  gamma  1 nm     e-  1 nm     e+  1 nm  proton 1 nm 
 Energy thresholds :  gamma  990 eV     e-  990 eV     e+  990 eV  proton 0.1 eV 
 Region(s) which use this couple : 
    DefaultRegionForTheWorld

====================================================================

Start Run processing.
Run terminated.
Run Summary
  Number of events processed : 1
  User=0.44s Real=0.44s Sys=0s

 The run consists of 1 hydrogen of 10 keV through 1 m   of G4_WATER (density: 1 g/cm3 )

 Process calls frequency --->	DNAChargeIncrease = 207	DNAElastic = 3255	DNAChargeDecrease = 207	DNAIonisation = 390	DNAExcitation = 56	DNAVibrationalExcitation = 220
 Total transfered energy (keV)=10.002

#
/gun/particle alpha
/gun/energy 0.01 MeV
/run/beamOn 1

========= Table of registered couples ==============================

Index : 0     used in the geometry : Yes     recalculation needed : No 
 Material : G4_WATER
 Range cuts        :  gamma  1 nm     e-  1 nm     e+  1 nm  proton 1 nm 
 Energy thresholds :  gamma  990 eV     e-  990 eV     e+  990 eV  proton 0.1 eV 
 Region(s) which use this couple : 
    DefaultRegionForTheWorld

====================================================================

Start Run processing.
Run terminated.
Run Summary
  Number of events processed : 1
  User=0.81s Real=0.81s Sys=0s

 The run consists of 1 alpha of 10 keV through 1 m   of G4_WATER (density: 1 g/cm3 )

 Process calls frequency --->	DNAChargeDecrease = 2	DNAIonisation = 565	DNAExcitation = 49	DNAElastic = 564
 Total transfered energy (keV)=10.076

#
/gun/particle alpha+
/gun/energy 0.01 MeV
/run/beamOn 1

========= Table of registered couples ==============================

Index : 0     used in the geometry : Yes     recalculation needed : No 
 Material : G4_WATER
 Range cuts        :  gamma  1 nm     e-  1 nm     e+  1 nm  proton 1 nm 
 Energy thresholds :  gamma  990 eV     e-  990 eV     e+  990 eV  proton 0.1 eV 
 Region(s) which use this couple : 
    DefaultRegionForTheWorld

====================================================================

Start Run processing.
Run terminated.
Run Summary
  Number of events processed : 1
  User=0.81s Real=0.82s Sys=0s

 The run consists of 1 alpha+ of 10 keV through 1 m   of G4_WATER (density: 1 g/cm3 )

 Process calls frequency --->	DNAChargeDecrease = 1	DNAIonisation = 562	DNAExcitation = 49	DNAElastic = 561
 Total transfered energy (keV)=10.023

#
/gun/particle helium
/gun/energy 0.01 MeV
/run/beamOn 1

========= Table of registered couples ==============================

Index : 0     used in the geometry : Yes     recalculation needed : No 
 Material : G4_WATER
 Range cuts        :  gamma  1 nm     e-  1 nm     e+  1 nm  proton 1 nm 
 Energy thresholds :  gamma  990 eV     e-  990 eV     e+  990 eV  proton 0.1 eV 
 Region(s) which use this couple : 
    DefaultRegionForTheWorld

====================================================================

Start Run processing.
Run terminated.
Run Summary
  Number of events processed : 1
  User=0.8s Real=0.79s Sys=0s

 The run consists of 1 helium of 10 keV through 1 m   of G4_WATER (density: 1 g/cm3 )

 Process calls frequency --->	DNAIonisation = 556	DNAExcitation = 63	DNAChargeIncrease = 1	DNAElastic = 556	DNAChargeDecrease = 1
 Total transfered energy (keV)=10

#
Graphics systems deleted.
Visualization Manager deleting...
G4 kernel has come to Quit state.

