
***** Table : Nb of materials = 16 *****

 Material: Aluminium     density:  2.700 g/cm3   temperature: 273.15 K  pressure:   1.00 atm  RadLength:   8.893 cm 
   --->  Element: Aluminium      Z = 13.0   N =  27.0   A =  26.98 g/mole  fractionMass: 100.00 %  Abundance 100.00 %

 Material: liquidArgon     density:  1.390 g/cm3   temperature: 273.15 K  pressure:   1.00 atm  RadLength:  14.065 cm 
   --->  Element: liquidArgon      Z = 18.0   N =  40.0   A =  39.95 g/mole  fractionMass: 100.00 %  Abundance 100.00 %

 Material:     Iron     density:  7.700 g/cm3   temperature: 273.15 K  pressure:   1.00 atm  RadLength:   1.797 cm 
   --->  Element:     Iron      Z = 26.0   N =  55.9   A =  55.85 g/mole  fractionMass: 100.00 %  Abundance 100.00 %

 Material:   Copper     density:  8.960 g/cm3   temperature: 273.15 K  pressure:   1.00 atm  RadLength:   1.436 cm 
   --->  Element:   Copper      Z = 29.0   N =  63.5   A =  63.55 g/mole  fractionMass: 100.00 %  Abundance 100.00 %

 Material: Tungsten     density: 19.300 g/cm3   temperature: 273.15 K  pressure:   1.00 atm  RadLength:   3.504 mm 
   --->  Element: Tungsten      Z = 74.0   N = 183.8   A = 183.85 g/mole  fractionMass: 100.00 %  Abundance 100.00 %

 Material:     Lead     density: 11.350 g/cm3   temperature: 273.15 K  pressure:   1.00 atm  RadLength:   5.612 mm 
   --->  Element:     Lead      Z = 82.0   N = 207.2   A = 207.19 g/mole  fractionMass: 100.00 %  Abundance 100.00 %

 Material:    Water     density:  1.000 g/cm3   temperature: 273.15 K  pressure:   1.00 atm  RadLength:  36.092 cm 
   --->  Element: Hydrogen  H   Z =  1.0   N =   1.0   A =   1.01 g/mole  fractionMass:  11.21 %  Abundance  66.67 %
   --->  Element:   Oxygen  O   Z =  8.0   N =  16.0   A =  16.00 g/mole  fractionMass:  88.79 %  Abundance  33.33 %

 Material: Scintillator     density:  1.032 g/cm3   temperature: 273.15 K  pressure:   1.00 atm  RadLength:  42.549 cm 
   --->  Element:   Carbon  C   Z =  6.0   N =  12.0   A =  12.01 g/mole  fractionMass:  91.45 %  Abundance  47.37 %
   --->  Element: Hydrogen  H   Z =  1.0   N =   1.0   A =   1.01 g/mole  fractionMass:   8.55 %  Abundance  52.63 %

 Material: Silicium     density:  2.330 g/cm3   temperature: 273.15 K  pressure:   1.00 atm  RadLength:   9.368 cm 
   --->  Element:  Silicon Si   Z = 14.0   N =  28.1   A =  28.09 g/mole  fractionMass: 100.00 %  Abundance 100.00 %

 Material:   quartz     density:  2.200 g/cm3   temperature: 273.15 K  pressure:   1.00 atm  RadLength:  12.295 cm 
   --->  Element:  Silicon Si   Z = 14.0   N =  28.1   A =  28.09 g/mole  fractionMass:  46.75 %  Abundance  33.33 %
   --->  Element:   Oxygen  O   Z =  8.0   N =  16.0   A =  16.00 g/mole  fractionMass:  53.25 %  Abundance  66.67 %

 Material:      Air     density:  1.290 mg/cm3  temperature: 273.15 K  pressure:   1.00 atm  RadLength: 285.161 m  
   --->  Element: Nitrogen  N   Z =  7.0   N =  14.0   A =  14.01 g/mole  fractionMass:  70.00 %  Abundance  72.71 %
   --->  Element:   Oxygen  O   Z =  8.0   N =  16.0   A =  16.00 g/mole  fractionMass:  30.00 %  Abundance  27.29 %

 Material:  Aerogel     density: 200.000 mg/cm3  temperature: 273.15 K  pressure:   1.00 atm  RadLength:   1.493 m  
   --->  Element:  Silicon Si   Z = 14.0   N =  28.1   A =  28.09 g/mole  fractionMass:  29.22 %  Abundance  11.12 %
   --->  Element:   Oxygen  O   Z =  8.0   N =  16.0   A =  16.00 g/mole  fractionMass:  66.49 %  Abundance  44.42 %
   --->  Element: Hydrogen  H   Z =  1.0   N =   1.0   A =   1.01 g/mole  fractionMass:   4.19 %  Abundance  44.37 %
   --->  Element:   Carbon  C   Z =  6.0   N =  12.0   A =  12.01 g/mole  fractionMass:   0.10 %  Abundance   0.09 %

 Material: CarbonicGas     density: 27.000 mg/cm3  temperature: 325.00 K  pressure:  50.00 atm  RadLength:  13.406 m  
   --->  Element:   Carbon  C   Z =  6.0   N =  12.0   A =  12.01 g/mole  fractionMass:  27.29 %  Abundance  33.33 %
   --->  Element:   Oxygen  O   Z =  8.0   N =  16.0   A =  16.00 g/mole  fractionMass:  72.71 %  Abundance  66.67 %

 Material: WaterSteam     density:  0.300 mg/cm3  temperature: 500.00 K  pressure:   2.00 atm  RadLength:   1.203 km 
   --->  Element: Hydrogen  H   Z =  1.0   N =   1.0   A =   1.01 g/mole  fractionMass:  11.21 %  Abundance  66.67 %
   --->  Element:   Oxygen  O   Z =  8.0   N =  16.0   A =  16.00 g/mole  fractionMass:  88.79 %  Abundance  33.33 %

 Material: Galactic     density:  0.000 mg/cm3  temperature:   2.73 K  pressure:   0.00 atm  RadLength: 6317232936888469300000.000 km 
   --->  Element: Galactic      Z =  1.0   N =   1.0   A =   1.01 g/mole  fractionMass: 100.00 %  Abundance 100.00 %

 Material:     Beam     density:  0.010 mg/cm3  temperature: 273.15 K  pressure:   0.02 atm  RadLength:  36.786 km 
   --->  Element: Nitrogen  N   Z =  7.0   N =  14.0   A =  14.01 g/mole  fractionMass:  70.00 %  Abundance  72.71 %
   --->  Element:   Oxygen  O   Z =  8.0   N =  16.0   A =  16.00 g/mole  fractionMass:  30.00 %  Abundance  27.29 %


#
# Macro file for "TestEm3.cc" 
# (can be run in batch, without graphic)
#
# Iron-Silicium 30 layers; electron 6, 8, 10, 12 GeV
#
# SICAPO Collaboration. CERN-PPE/91-218  Nov.91
#                       NIM A332 (85-90) Feb.93
#
#
/calor/setNbOfLayers 15
/calor/setNbOfAbsor 2
/calor/setAbsor 0 Iron 23.08 mm
/calor/setAbsor 1 Silicium 0.4 mm
/calor/setSizeYZ 40. cm
/calor/update

-------------------------------------------------------------
 ---> The calorimeter is 15 layers of:
 	        Iron:  2.308 cm 
 	    Silicium:    400 mum
-------------------------------------------------------------
/gun/setDefault
#
/run/particle/setCut 1 mm
/run/initialize
Em3PhysicsList::SetCuts:CutLength : 1 mm 

============= The cut Energy ==============================
                            gamma              e-             mu-          proton         neutron    
Cut in range                  1 mm            1 mm            1 mm            1 mm            1 mm 
Cut in energy
          Aluminium        6.89 keV         597 keV        5.02 MeV        13.1 MeV         990 eV 
        liquidArgon        6.18 keV         343 keV        3.24 MeV        8.32 MeV         990 eV 
               Iron        20.5 keV        1.25 MeV        8.42 MeV        21.6 MeV         990 eV 
             Copper        24.6 keV         1.4 MeV        8.95 MeV          23 MeV         990 eV 
           Tungsten         105 keV        2.31 MeV        11.7 MeV        29.5 MeV         990 eV 
               Lead         101 keV        1.38 MeV        8.52 MeV        20.9 MeV         990 eV 
              Water         2.9 keV         347 keV        3.39 MeV        8.95 MeV         990 eV 
       Scintillator        2.37 keV         356 keV        3.43 MeV        9.06 MeV         990 eV 
           Silicium        6.89 keV         541 keV        4.72 MeV        12.2 MeV         990 eV 
             quartz        5.52 keV         534 keV        4.66 MeV        12.2 MeV         990 eV 
                Air         990 eV          990 eV         48.4 keV        83.2 keV         990 eV 
            Aerogel        1.71 keV         119 keV        1.28 MeV        3.18 MeV         990 eV 
        CarbonicGas         990 eV         36.5 keV         393 keV         853 keV         990 eV 
         WaterSteam         990 eV          990 eV         11.9 keV        14.9 keV         990 eV 
           Galactic         990 eV          990 eV          990 eV          990 eV          990 eV 
               Beam         990 eV          990 eV          990 eV          990 eV          990 eV 
===================================================
#
/run/verbose 2
/event/drawTracks none
/event/printModulo 9
#/run/save on
#
/gun/particle e-
/gun/energy 6 GeV
/run/beamOn 100
### Run 0 start.
Start closing geometry.
Start Run processing.

Run terminated.
Run Summary
  Number of events processed : 100
  User=125.12s Real=163.93s Sys=25.017s

-------------------------------------------------------------
                                   total energy dep            total tracklen 
 
 Absorber0 (        Iron) :   5.92 GeV +- 113.54 MeV        4.79 m   +-  9.32 cm 
 Absorber1 (    Silicium) :  30.34 MeV +-  3.88 MeV        8.16 cm  +-  1.06 cm 

-------------------------------------------------------------

#
/gun/energy 8 GeV
/run/beamOn 100
### Run 1 start.
Start Run processing.

Run terminated.
Run Summary
  Number of events processed : 100
  User=167.47s Real=223.48s Sys=33.867s

-------------------------------------------------------------
                                   total energy dep            total tracklen 
 
 Absorber0 (        Iron) :   7.90 GeV +- 40.81 MeV        6.39 m   +-  4.55 cm 
 Absorber1 (    Silicium) :  41.91 MeV +-  4.21 MeV       11.32 cm  +-  1.23 cm 

-------------------------------------------------------------

#
/gun/energy 10 GeV
/run/beamOn 100
### Run 2 start.
Start Run processing.

Run terminated.
Run Summary
  Number of events processed : 100
  User=208.23s Real=252.2s Sys=42.367s

-------------------------------------------------------------
                                   total energy dep            total tracklen 
 
 Absorber0 (        Iron) :   9.88 GeV +- 49.98 MeV        7.98 m   +-  4.98 cm 
 Absorber1 (    Silicium) :  52.53 MeV +-  4.55 MeV       14.13 cm  +-  1.29 cm 

-------------------------------------------------------------

#
/gun/energy 12 GeV
/run/beamOn 100
### Run 3 start.
Start Run processing.

Run terminated.
Run Summary
  Number of events processed : 100
  User=245.98s Real=297.57s Sys=50.117s

-------------------------------------------------------------
                                   total energy dep            total tracklen 
 
 Absorber0 (        Iron) :  11.82 GeV +- 97.54 MeV        9.56 m   +-  8.83 cm 
 Absorber1 (    Silicium) :  62.64 MeV +-  5.88 MeV       16.90 cm  +-  1.58 cm 

-------------------------------------------------------------

