
*************************************************************
 Geant4 version $Name: not supported by cvs2svn $   (27-July-2004)
                      Copyright : Geant4 Collaboration
                      Reference : NIM A 506 (2003), 250-303
                            WWW : http://cern.ch/geant4
*************************************************************

SimpleBox is now made of U
/run/verbose 2
/run/particle/setCut 1 m
/run/initialize
userDetector->Construct() start.
SLog is registered to the default region.
physicsList->Construct() start.
physicsList->Construct() start.

phot:  Total cross sections from Sandia parametrisation. 
Thank you for using G4BinaryCascade. 
physicsList->setCut() start.
Tst24PhysicsList::SetCuts:CutLength : 1000 (mm)
/gun/direction 1 0 0
#
# proton at 10 GeV in U
#
/gun/particle proton
/gun/energy 10 GeV
/mydet/SelectMaterial U
SimpleBox is now made of U
/run/beamOn 20
G4VRangeToEnergyConverter::ConvertCutToKineticEnergy   for gamma
The cut in range [1000 (mm)]   is too big   for material  idx=3
The cut in energy is set1.79769e+305GeV 
G4VRangeToEnergyConverter::ConvertCutToKineticEnergy   for e-
The cut in range [1000 (mm)]   is too big   for material  idx=3
The cut in energy is set1.79769e+305GeV 
G4VRangeToEnergyConverter::ConvertCutToKineticEnergy   for e+
The cut in range [1000 (mm)]   is too big   for material  idx=3
The cut in energy is set1.79769e+305GeV 

conv:  Total cross sections from a parametrisation. Good description from 1.5 MeV to 100 GeV for all Z. 
        e+e- energies according Bethe-Heitler
        PhysicsTables from 1.022 MeV to 100 GeV in 100 bins. 

compt:  Total cross sections from a parametrisation. Good description from 10 KeV to (100/Z) GeV. 
       Scattered gamma energy according Klein-Nishina.
        PhysicsTables from 1 keV to 100 GeV in 80 bins. 

msc:  Model variant of multiple scattering for e-
      Lambda tables from 100 eV  to 100 TeV in 120 bins.
      Boundary algorithm is active with facrange= 0.199

eIoni:   tables are built for  e-
      dE/dx and range tables from 100 eV  to 100 TeV in 120 bins.
      Lambda tables from threshold to 100 TeV in 120 bins.
      Step function: finalRange(mm)= 1, dRoverRange= 1, integral: 1
      Delta cross sections from Moller+Bhabha, good description from 1 KeV to 100 GeV.

eBrem:   tables are built for  e-
      dE/dx and range tables from 100 eV  to 100 TeV in 120 bins.
      Lambda tables from threshold to 100 TeV in 120 bins.
      Total cross sections from a parametrisation based on the EEDL data library. 
      Good description from 1 KeV to 100 GeV, log scale extrapolation above 100 GeV.

eIoni:   tables are built for  e+
      dE/dx and range tables from 100 eV  to 100 TeV in 120 bins.
      Lambda tables from threshold to 100 TeV in 120 bins.
      Step function: finalRange(mm)= 1, dRoverRange= 1, integral: 1
      Delta cross sections from Moller+Bhabha, good description from 1 KeV to 100 GeV.

eBrem:   tables are built for  e+
      dE/dx and range tables from 100 eV  to 100 TeV in 120 bins.
      Lambda tables from threshold to 100 TeV in 120 bins.
      Total cross sections from a parametrisation based on the EEDL data library. 
      Good description from 1 KeV to 100 GeV, log scale extrapolation above 100 GeV.

annihil:  Total cross section from Heilter formula(annihilation into 2 photons).
        gamma energies sampled according Heitler
        PhysicsTables from 10 keV to 10 TeV in 100 bins. 

msc:  Model variant of multiple scattering for proton
      Lambda tables from 100 eV  to 100 TeV in 120 bins.
      Boundary algorithm is active with facrange= 0.199

hIoni:   tables are built for  proton
      dE/dx and range tables from 100 eV  to 100 TeV in 120 bins.
      Lambda tables from threshold to 100 TeV in 120 bins.
      Step function: finalRange(mm)= 1, dRoverRange= 0.2, integral: 1
      Bether-Bloch model for Escaled > 2 MeV, parametrisation of Bragg peak below, Integral mode 1

msc:  Model variant of multiple scattering for mu+
      Lambda tables from 100 eV  to 100 TeV in 120 bins.
      Boundary algorithm is active with facrange= 0.199

MuIoni:   tables are built for  mu+
      dE/dx and range tables from 100 eV  to 100 TeV in 120 bins.
      Lambda tables from threshold to 100 TeV in 120 bins.
      Step function: finalRange(mm)= 1, dRoverRange= 0.2, integral: 1
      Bether-Bloch model for E > 0.2 MeV, parametrisation of Bragg peak below, 
      radiative corrections for E > 1 GeV

MuBrems:   tables are built for  mu+
      dE/dx and range tables from 100 eV  to 100 TeV in 120 bins.
      Lambda tables from threshold to 100 TeV in 120 bins.
      Parametrised model 

MuPairProd:   tables are built for  mu+
      dE/dx and range tables from 100 eV  to 100 TeV in 120 bins.
      Lambda tables from threshold to 100 TeV in 120 bins.
      Parametrised model 
### All dEdx and Range tables are built #####

MuIoni:   tables are built for  mu-
      dE/dx and range tables from 100 eV  to 100 TeV in 120 bins.
      Lambda tables from threshold to 100 TeV in 120 bins.
      Step function: finalRange(mm)= 1, dRoverRange= 0.2, integral: 1
      Bether-Bloch model for E > 0.2 MeV, parametrisation of Bragg peak below, 
      radiative corrections for E > 1 GeV

msc:  Model variant of multiple scattering for pi-
      Lambda tables from 100 eV  to 100 TeV in 120 bins.
      Boundary algorithm is active with facrange= 0.199

Region DefaultRegionForTheWorld
 Materials : Uranium 
 Production cuts :  gamma 1 m      e- 1 m      e+ 1 m  

========= Table of registered couples ==============================

Index : 0     used in the geometry : Yes     recalculation needed : No 
 Material : Uranium
 Range cuts        :  gamma 1 m      e- 1 m      e+ 1 m  
 Energy thresholds :  gamma 2.88022e+295 J      e- 2.88022e+295 J      e+ 2.88022e+295 J  
 Region(s) which use this couple : 
    DefaultRegionForTheWorld

====================================================================

Start closing geometry.
G4GeometryManager::ReportVoxelStats -- Voxel Statistics

    Total memory consumed for geometry optimisation:   0 kByte
    Total CPU time elapsed for geometry optimisation: 0 seconds
Start Run processing.
Run terminated.
Run Summary
  Number of events processed : 20
  User=18s Real=20s Sys=0.22s
#
# neutron at 10 GeV in U
#
/gun/particle neutron
/gun/energy 10 GeV
/mydet/SelectMaterial U
SimpleBox is now made of U
/run/beamOn 20

Region DefaultRegionForTheWorld
 Materials : Uranium 
 Production cuts :  gamma 1 m      e- 1 m      e+ 1 m  

========= Table of registered couples ==============================

Index : 0     used in the geometry : Yes     recalculation needed : No 
 Material : Uranium
 Range cuts        :  gamma 1 m      e- 1 m      e+ 1 m  
 Energy thresholds :  gamma 2.9e+295 J      e- 2.9e+295 J      e+ 2.9e+295 J  
 Region(s) which use this couple : 
    DefaultRegionForTheWorld

====================================================================

Start Run processing.
Run terminated.
Run Summary
  Number of events processed : 20
  User=10s Real=10s Sys=0.07s
#
# pi+ at 10 GeV in U
#
/gun/particle pi+
/gun/energy 10 GeV
/mydet/SelectMaterial U
SimpleBox is now made of U
/run/beamOn 20

Region DefaultRegionForTheWorld
 Materials : Uranium 
 Production cuts :  gamma 1 m      e- 1 m      e+ 1 m  

========= Table of registered couples ==============================

Index : 0     used in the geometry : Yes     recalculation needed : No 
 Material : Uranium
 Range cuts        :  gamma 1 m      e- 1 m      e+ 1 m  
 Energy thresholds :  gamma 2.9e+295 J      e- 2.9e+295 J      e+ 2.9e+295 J  
 Region(s) which use this couple : 
    DefaultRegionForTheWorld

====================================================================

Start Run processing.
Run terminated.
Run Summary
  Number of events processed : 20
  User=13s Real=14s Sys=0.07s
#
# pi- at 10 GeV in U
#
/gun/particle pi-
/gun/energy 10 GeV
/mydet/SelectMaterial U
SimpleBox is now made of U
/run/beamOn 20

Region DefaultRegionForTheWorld
 Materials : Uranium 
 Production cuts :  gamma 1 m      e- 1 m      e+ 1 m  

========= Table of registered couples ==============================

Index : 0     used in the geometry : Yes     recalculation needed : No 
 Material : Uranium
 Range cuts        :  gamma 1 m      e- 1 m      e+ 1 m  
 Energy thresholds :  gamma 2.9e+295 J      e- 2.9e+295 J      e+ 2.9e+295 J  
 Region(s) which use this couple : 
    DefaultRegionForTheWorld

====================================================================

Start Run processing.
Run terminated.
Run Summary
  Number of events processed : 20
  User=14s Real=14s Sys=0.12s
#
# proton at 10 GeV in Cu
#
/gun/particle proton
/gun/energy 10 GeV
/mydet/SelectMaterial Cu
SimpleBox is now made of Cu
/run/beamOn 20
G4VRangeToEnergyConverter::ConvertCutToKineticEnergy   for gamma
The cut in range [1e+03 (mm)]   is too big   for material  idx=2
The cut in energy is set1.8e+305GeV 

conv:  Total cross sections from a parametrisation. Good description from 1.5 MeV to 100 GeV for all Z. 
        e+e- energies according Bethe-Heitler
        PhysicsTables from 1 MeV to 1e+02 GeV in 100 bins. 

compt:  Total cross sections from a parametrisation. Good description from 10 KeV to (100/Z) GeV. 
       Scattered gamma energy according Klein-Nishina.
        PhysicsTables from 1 keV to 1e+02 GeV in 80 bins. 

msc:  Model variant of multiple scattering for e-
      Lambda tables from 1e+02 eV  to 1e+02 TeV in 120 bins.
      Boundary algorithm is active with facrange= 0.2

eIoni:   tables are built for  e-
      dE/dx and range tables from 1e+02 eV  to 1e+02 TeV in 120 bins.
      Lambda tables from threshold to 1e+02 TeV in 120 bins.
      Step function: finalRange(mm)= 1, dRoverRange= 1, integral: 1
      Delta cross sections from Moller+Bhabha, good description from 1 KeV to 100 GeV.

eBrem:   tables are built for  e-
      dE/dx and range tables from 1e+02 eV  to 1e+02 TeV in 120 bins.
      Lambda tables from threshold to 1e+02 TeV in 120 bins.
      Total cross sections from a parametrisation based on the EEDL data library. 
      Good description from 1 KeV to 100 GeV, log scale extrapolation above 100 GeV.

eIoni:   tables are built for  e+
      dE/dx and range tables from 1e+02 eV  to 1e+02 TeV in 120 bins.
      Lambda tables from threshold to 1e+02 TeV in 120 bins.
      Step function: finalRange(mm)= 1, dRoverRange= 1, integral: 1
      Delta cross sections from Moller+Bhabha, good description from 1 KeV to 100 GeV.

eBrem:   tables are built for  e+
      dE/dx and range tables from 1e+02 eV  to 1e+02 TeV in 120 bins.
      Lambda tables from threshold to 1e+02 TeV in 120 bins.
      Total cross sections from a parametrisation based on the EEDL data library. 
      Good description from 1 KeV to 100 GeV, log scale extrapolation above 100 GeV.

annihil:  Total cross section from Heilter formula(annihilation into 2 photons).
        gamma energies sampled according Heitler
        PhysicsTables from 10 keV to 10 TeV in 100 bins. 

msc:  Model variant of multiple scattering for proton
      Lambda tables from 1e+02 eV  to 1e+02 TeV in 120 bins.
      Boundary algorithm is active with facrange= 0.2

hIoni:   tables are built for  proton
      dE/dx and range tables from 1e+02 eV  to 1e+02 TeV in 120 bins.
      Lambda tables from threshold to 1e+02 TeV in 120 bins.
      Step function: finalRange(mm)= 1, dRoverRange= 0.2, integral: 1
      Bether-Bloch model for Escaled > 2 MeV, parametrisation of Bragg peak below, Integral mode 1

msc:  Model variant of multiple scattering for mu+
      Lambda tables from 1e+02 eV  to 1e+02 TeV in 120 bins.
      Boundary algorithm is active with facrange= 0.2

MuIoni:   tables are built for  mu+
      dE/dx and range tables from 1e+02 eV  to 1e+02 TeV in 120 bins.
      Lambda tables from threshold to 1e+02 TeV in 120 bins.
      Step function: finalRange(mm)= 1, dRoverRange= 0.2, integral: 1
      Bether-Bloch model for E > 0.2 MeV, parametrisation of Bragg peak below, 
      radiative corrections for E > 1 GeV

MuBrems:   tables are built for  mu+
      dE/dx and range tables from 1e+02 eV  to 1e+02 TeV in 120 bins.
      Lambda tables from threshold to 1e+02 TeV in 120 bins.
      Parametrised model 

MuPairProd:   tables are built for  mu+
      dE/dx and range tables from 1e+02 eV  to 1e+02 TeV in 120 bins.
      Lambda tables from threshold to 1e+02 TeV in 120 bins.
      Parametrised model 
### All dEdx and Range tables are built #####

MuIoni:   tables are built for  mu-
      dE/dx and range tables from 1e+02 eV  to 1e+02 TeV in 120 bins.
      Lambda tables from threshold to 1e+02 TeV in 120 bins.
      Step function: finalRange(mm)= 1, dRoverRange= 0.2, integral: 1
      Bether-Bloch model for E > 0.2 MeV, parametrisation of Bragg peak below, 
      radiative corrections for E > 1 GeV

msc:  Model variant of multiple scattering for pi-
      Lambda tables from 1e+02 eV  to 1e+02 TeV in 120 bins.
      Boundary algorithm is active with facrange= 0.2

Region DefaultRegionForTheWorld
 Materials : Copper 
 Production cuts :  gamma 1 m      e- 1 m      e+ 1 m  

========= Table of registered couples ==============================

Index : 0     used in the geometry : No      recalculation needed : No 
 Material : Uranium
 Range cuts        :  gamma 1 m      e- 1 m      e+ 1 m  
 Energy thresholds :  gamma 2.9e+295 J      e- 2.9e+295 J      e+ 2.9e+295 J  

Index : 1     used in the geometry : Yes     recalculation needed : No 
 Material : Copper
 Range cuts        :  gamma 1 m      e- 1 m      e+ 1 m  
 Energy thresholds :  gamma 2.9e+295 J      e- 9.5e+02 GeV    e+ 7.8e+02 GeV
 Region(s) which use this couple : 
    DefaultRegionForTheWorld

====================================================================

Start Run processing.
Run terminated.
Run Summary
  Number of events processed : 20
  User=9.2s Real=10s Sys=0.35s
#
# neutron at 10 GeV in Cu
#
/gun/particle neutron
/gun/energy 10 GeV
/mydet/SelectMaterial Cu
SimpleBox is now made of Cu
/run/beamOn 20

Region DefaultRegionForTheWorld
 Materials : Copper 
 Production cuts :  gamma 1 m      e- 1 m      e+ 1 m  

========= Table of registered couples ==============================

Index : 0     used in the geometry : No      recalculation needed : No 
 Material : Uranium
 Range cuts        :  gamma 1 m      e- 1 m      e+ 1 m  
 Energy thresholds :  gamma 2.9e+295 J      e- 2.9e+295 J      e+ 2.9e+295 J  

Index : 1     used in the geometry : Yes     recalculation needed : No 
 Material : Copper
 Range cuts        :  gamma 1 m      e- 1 m      e+ 1 m  
 Energy thresholds :  gamma 2.9e+295 J      e- 9.5e+02 GeV    e+ 7.8e+02 GeV
 Region(s) which use this couple : 
    DefaultRegionForTheWorld

====================================================================

Start Run processing.
Run terminated.
Run Summary
  Number of events processed : 20
  User=6.1s Real=6.5s Sys=0.11s
#
# pi+ at 10 GeV in Cu
#
/gun/particle pi+
/gun/energy 10 GeV
/mydet/SelectMaterial Cu
SimpleBox is now made of Cu
/run/beamOn 20

Region DefaultRegionForTheWorld
 Materials : Copper 
 Production cuts :  gamma 1 m      e- 1 m      e+ 1 m  

========= Table of registered couples ==============================

Index : 0     used in the geometry : No      recalculation needed : No 
 Material : Uranium
 Range cuts        :  gamma 1 m      e- 1 m      e+ 1 m  
 Energy thresholds :  gamma 2.9e+295 J      e- 2.9e+295 J      e+ 2.9e+295 J  

Index : 1     used in the geometry : Yes     recalculation needed : No 
 Material : Copper
 Range cuts        :  gamma 1 m      e- 1 m      e+ 1 m  
 Energy thresholds :  gamma 2.9e+295 J      e- 9.5e+02 GeV    e+ 7.8e+02 GeV
 Region(s) which use this couple : 
    DefaultRegionForTheWorld

====================================================================

Start Run processing.
Run terminated.
Run Summary
  Number of events processed : 20
  User=5.8s Real=6s Sys=0.05s
#
# pi- at 10 GeV in Cu
#
/gun/particle pi-
/gun/energy 10 GeV
/mydet/SelectMaterial Cu
SimpleBox is now made of Cu
/run/beamOn 20

Region DefaultRegionForTheWorld
 Materials : Copper 
 Production cuts :  gamma 1 m      e- 1 m      e+ 1 m  

========= Table of registered couples ==============================

Index : 0     used in the geometry : No      recalculation needed : No 
 Material : Uranium
 Range cuts        :  gamma 1 m      e- 1 m      e+ 1 m  
 Energy thresholds :  gamma 2.9e+295 J      e- 2.9e+295 J      e+ 2.9e+295 J  

Index : 1     used in the geometry : Yes     recalculation needed : No 
 Material : Copper
 Range cuts        :  gamma 1 m      e- 1 m      e+ 1 m  
 Energy thresholds :  gamma 2.9e+295 J      e- 9.5e+02 GeV    e+ 7.8e+02 GeV
 Region(s) which use this couple : 
    DefaultRegionForTheWorld

====================================================================

Start Run processing.
Run terminated.
Run Summary
  Number of events processed : 20
  User=5.5s Real=5.7s Sys=0.03s
#
# proton at 10 GeV in Si
#
/gun/particle proton
/gun/energy 10 GeV
/mydet/SelectMaterial Si
SimpleBox is now made of Si
/run/beamOn 20
G4VRangeToEnergyConverter::ConvertCutToKineticEnergy   for gamma
The cut in range [1e+03 (mm)]   is too big   for material  idx=1
The cut in energy is set1.8e+305GeV 

conv:  Total cross sections from a parametrisation. Good description from 1.5 MeV to 100 GeV for all Z. 
        e+e- energies according Bethe-Heitler
        PhysicsTables from 1 MeV to 1e+02 GeV in 100 bins. 

compt:  Total cross sections from a parametrisation. Good description from 10 KeV to (100/Z) GeV. 
       Scattered gamma energy according Klein-Nishina.
        PhysicsTables from 1 keV to 1e+02 GeV in 80 bins. 

msc:  Model variant of multiple scattering for e-
      Lambda tables from 1e+02 eV  to 1e+02 TeV in 120 bins.
      Boundary algorithm is active with facrange= 0.2

eIoni:   tables are built for  e-
      dE/dx and range tables from 1e+02 eV  to 1e+02 TeV in 120 bins.
      Lambda tables from threshold to 1e+02 TeV in 120 bins.
      Step function: finalRange(mm)= 1, dRoverRange= 1, integral: 1
      Delta cross sections from Moller+Bhabha, good description from 1 KeV to 100 GeV.

eBrem:   tables are built for  e-
      dE/dx and range tables from 1e+02 eV  to 1e+02 TeV in 120 bins.
      Lambda tables from threshold to 1e+02 TeV in 120 bins.
      Total cross sections from a parametrisation based on the EEDL data library. 
      Good description from 1 KeV to 100 GeV, log scale extrapolation above 100 GeV.

eIoni:   tables are built for  e+
      dE/dx and range tables from 1e+02 eV  to 1e+02 TeV in 120 bins.
      Lambda tables from threshold to 1e+02 TeV in 120 bins.
      Step function: finalRange(mm)= 1, dRoverRange= 1, integral: 1
      Delta cross sections from Moller+Bhabha, good description from 1 KeV to 100 GeV.

eBrem:   tables are built for  e+
      dE/dx and range tables from 1e+02 eV  to 1e+02 TeV in 120 bins.
      Lambda tables from threshold to 1e+02 TeV in 120 bins.
      Total cross sections from a parametrisation based on the EEDL data library. 
      Good description from 1 KeV to 100 GeV, log scale extrapolation above 100 GeV.

annihil:  Total cross section from Heilter formula(annihilation into 2 photons).
        gamma energies sampled according Heitler
        PhysicsTables from 10 keV to 10 TeV in 100 bins. 

msc:  Model variant of multiple scattering for proton
      Lambda tables from 1e+02 eV  to 1e+02 TeV in 120 bins.
      Boundary algorithm is active with facrange= 0.2

hIoni:   tables are built for  proton
      dE/dx and range tables from 1e+02 eV  to 1e+02 TeV in 120 bins.
      Lambda tables from threshold to 1e+02 TeV in 120 bins.
      Step function: finalRange(mm)= 1, dRoverRange= 0.2, integral: 1
      Bether-Bloch model for Escaled > 2 MeV, parametrisation of Bragg peak below, Integral mode 1

msc:  Model variant of multiple scattering for mu+
      Lambda tables from 1e+02 eV  to 1e+02 TeV in 120 bins.
      Boundary algorithm is active with facrange= 0.2

MuIoni:   tables are built for  mu+
      dE/dx and range tables from 1e+02 eV  to 1e+02 TeV in 120 bins.
      Lambda tables from threshold to 1e+02 TeV in 120 bins.
      Step function: finalRange(mm)= 1, dRoverRange= 0.2, integral: 1
      Bether-Bloch model for E > 0.2 MeV, parametrisation of Bragg peak below, 
      radiative corrections for E > 1 GeV

MuBrems:   tables are built for  mu+
      dE/dx and range tables from 1e+02 eV  to 1e+02 TeV in 120 bins.
      Lambda tables from threshold to 1e+02 TeV in 120 bins.
      Parametrised model 

MuPairProd:   tables are built for  mu+
      dE/dx and range tables from 1e+02 eV  to 1e+02 TeV in 120 bins.
      Lambda tables from threshold to 1e+02 TeV in 120 bins.
      Parametrised model 
### All dEdx and Range tables are built #####

MuIoni:   tables are built for  mu-
      dE/dx and range tables from 1e+02 eV  to 1e+02 TeV in 120 bins.
      Lambda tables from threshold to 1e+02 TeV in 120 bins.
      Step function: finalRange(mm)= 1, dRoverRange= 0.2, integral: 1
      Bether-Bloch model for E > 0.2 MeV, parametrisation of Bragg peak below, 
      radiative corrections for E > 1 GeV

msc:  Model variant of multiple scattering for pi-
      Lambda tables from 1e+02 eV  to 1e+02 TeV in 120 bins.
      Boundary algorithm is active with facrange= 0.2

Region DefaultRegionForTheWorld
 Materials : Silicon 
 Production cuts :  gamma 1 m      e- 1 m      e+ 1 m  

========= Table of registered couples ==============================

Index : 0     used in the geometry : No      recalculation needed : No 
 Material : Uranium
 Range cuts        :  gamma 1 m      e- 1 m      e+ 1 m  
 Energy thresholds :  gamma 2.9e+295 J      e- 2.9e+295 J      e+ 2.9e+295 J  

Index : 1     used in the geometry : No      recalculation needed : No 
 Material : Copper
 Range cuts        :  gamma 1 m      e- 1 m      e+ 1 m  
 Energy thresholds :  gamma 2.9e+295 J      e- 9.5e+02 GeV    e+ 7.8e+02 GeV

Index : 2     used in the geometry : Yes     recalculation needed : No 
 Material : Silicon
 Range cuts        :  gamma 1 m      e- 1 m      e+ 1 m  
 Energy thresholds :  gamma 2.9e+295 J      e- 1 GeV    e+ 9.6e+02 MeV
 Region(s) which use this couple : 
    DefaultRegionForTheWorld

====================================================================

Start Run processing.
Run terminated.
Run Summary
  Number of events processed : 20
  User=4.68s Real=4.86s Sys=0.09s
#
# neutron at 10 GeV in Si
#
/gun/particle neutron
/gun/energy 10 GeV
/mydet/SelectMaterial Si
SimpleBox is now made of Si
/run/beamOn 20

Region DefaultRegionForTheWorld
 Materials : Silicon 
 Production cuts :  gamma 1 m      e- 1 m      e+ 1 m  

========= Table of registered couples ==============================

Index : 0     used in the geometry : No      recalculation needed : No 
 Material : Uranium
 Range cuts        :  gamma 1 m      e- 1 m      e+ 1 m  
 Energy thresholds :  gamma 2.8802232e+295 J      e- 2.8802232e+295 J      e+ 2.8802232e+295 J  

Index : 1     used in the geometry : No      recalculation needed : No 
 Material : Copper
 Range cuts        :  gamma 1 m      e- 1 m      e+ 1 m  
 Energy thresholds :  gamma 2.8802232e+295 J      e- 949.55059 GeV    e+ 779.78768 GeV

Index : 2     used in the geometry : Yes     recalculation needed : No 
 Material : Silicon
 Range cuts        :  gamma 1 m      e- 1 m      e+ 1 m  
 Energy thresholds :  gamma 2.8802232e+295 J      e- 1.0114457 GeV    e+ 962.84668 MeV
 Region(s) which use this couple : 
    DefaultRegionForTheWorld

====================================================================

Start Run processing.
Run terminated.
Run Summary
  Number of events processed : 20
  User=3.72s Real=3.79s Sys=0.02s
#
# pi+ at 10 GeV in Si
#
/gun/particle pi+
/gun/energy 10 GeV
/mydet/SelectMaterial Si
SimpleBox is now made of Si
/run/beamOn 20

Region DefaultRegionForTheWorld
 Materials : Silicon 
 Production cuts :  gamma 1 m      e- 1 m      e+ 1 m  

========= Table of registered couples ==============================

Index : 0     used in the geometry : No      recalculation needed : No 
 Material : Uranium
 Range cuts        :  gamma 1 m      e- 1 m      e+ 1 m  
 Energy thresholds :  gamma 2.8802232e+295 J      e- 2.8802232e+295 J      e+ 2.8802232e+295 J  

Index : 1     used in the geometry : No      recalculation needed : No 
 Material : Copper
 Range cuts        :  gamma 1 m      e- 1 m      e+ 1 m  
 Energy thresholds :  gamma 2.8802232e+295 J      e- 949.55059 GeV    e+ 779.78768 GeV

Index : 2     used in the geometry : Yes     recalculation needed : No 
 Material : Silicon
 Range cuts        :  gamma 1 m      e- 1 m      e+ 1 m  
 Energy thresholds :  gamma 2.8802232e+295 J      e- 1.0114457 GeV    e+ 962.84668 MeV
 Region(s) which use this couple : 
    DefaultRegionForTheWorld

====================================================================

Start Run processing.
Run terminated.
Run Summary
  Number of events processed : 20
  User=4.11s Real=4.16s Sys=0s
#
# pi- at 10 GeV in Si
#
/gun/particle pi-
/gun/energy 10 GeV
/mydet/SelectMaterial Si
SimpleBox is now made of Si
/run/beamOn 20

Region DefaultRegionForTheWorld
 Materials : Silicon 
 Production cuts :  gamma 1 m      e- 1 m      e+ 1 m  

========= Table of registered couples ==============================

Index : 0     used in the geometry : No      recalculation needed : No 
 Material : Uranium
 Range cuts        :  gamma 1 m      e- 1 m      e+ 1 m  
 Energy thresholds :  gamma 2.8802232e+295 J      e- 2.8802232e+295 J      e+ 2.8802232e+295 J  

Index : 1     used in the geometry : No      recalculation needed : No 
 Material : Copper
 Range cuts        :  gamma 1 m      e- 1 m      e+ 1 m  
 Energy thresholds :  gamma 2.8802232e+295 J      e- 949.55059 GeV    e+ 779.78768 GeV

Index : 2     used in the geometry : Yes     recalculation needed : No 
 Material : Silicon
 Range cuts        :  gamma 1 m      e- 1 m      e+ 1 m  
 Energy thresholds :  gamma 2.8802232e+295 J      e- 1.0114457 GeV    e+ 962.84668 MeV
 Region(s) which use this couple : 
    DefaultRegionForTheWorld

====================================================================

Start Run processing.
Run terminated.
Run Summary
  Number of events processed : 20
  User=3.21s Real=3.29s Sys=0.01s
#
# proton at 10 GeV in H
#
/gun/particle proton
/gun/energy 10 GeV
/mydet/SelectMaterial H
SimpleBox is now made of H
/run/beamOn 20

conv:  Total cross sections from a parametrisation. Good description from 1.5 MeV to 100 GeV for all Z. 
        e+e- energies according Bethe-Heitler
        PhysicsTables from 1.0219981 MeV to 100 GeV in 100 bins. 

compt:  Total cross sections from a parametrisation. Good description from 10 KeV to (100/Z) GeV. 
       Scattered gamma energy according Klein-Nishina.
        PhysicsTables from 1 keV to 100 GeV in 80 bins. 

msc:  Model variant of multiple scattering for e-
      Lambda tables from 100 eV  to 100 TeV in 120 bins.
      Boundary algorithm is active with facrange= 0.199

eIoni:   tables are built for  e-
      dE/dx and range tables from 100 eV  to 100 TeV in 120 bins.
      Lambda tables from threshold to 100 TeV in 120 bins.
      Step function: finalRange(mm)= 1, dRoverRange= 1, integral: 1
      Delta cross sections from Moller+Bhabha, good description from 1 KeV to 100 GeV.

eBrem:   tables are built for  e-
      dE/dx and range tables from 100 eV  to 100 TeV in 120 bins.
      Lambda tables from threshold to 100 TeV in 120 bins.
      Total cross sections from a parametrisation based on the EEDL data library. 
      Good description from 1 KeV to 100 GeV, log scale extrapolation above 100 GeV.

eIoni:   tables are built for  e+
      dE/dx and range tables from 100 eV  to 100 TeV in 120 bins.
      Lambda tables from threshold to 100 TeV in 120 bins.
      Step function: finalRange(mm)= 1, dRoverRange= 1, integral: 1
      Delta cross sections from Moller+Bhabha, good description from 1 KeV to 100 GeV.

eBrem:   tables are built for  e+
      dE/dx and range tables from 100 eV  to 100 TeV in 120 bins.
      Lambda tables from threshold to 100 TeV in 120 bins.
      Total cross sections from a parametrisation based on the EEDL data library. 
      Good description from 1 KeV to 100 GeV, log scale extrapolation above 100 GeV.

annihil:  Total cross section from Heilter formula(annihilation into 2 photons).
        gamma energies sampled according Heitler
        PhysicsTables from 10 keV to 10 TeV in 100 bins. 

msc:  Model variant of multiple scattering for proton
      Lambda tables from 100 eV  to 100 TeV in 120 bins.
      Boundary algorithm is active with facrange= 0.199

hIoni:   tables are built for  proton
      dE/dx and range tables from 100 eV  to 100 TeV in 120 bins.
      Lambda tables from threshold to 100 TeV in 120 bins.
      Step function: finalRange(mm)= 1, dRoverRange= 0.2, integral: 1
      Bether-Bloch model for Escaled > 2 MeV, parametrisation of Bragg peak below, Integral mode 1

msc:  Model variant of multiple scattering for mu+
      Lambda tables from 100 eV  to 100 TeV in 120 bins.
      Boundary algorithm is active with facrange= 0.199

MuIoni:   tables are built for  mu+
      dE/dx and range tables from 100 eV  to 100 TeV in 120 bins.
      Lambda tables from threshold to 100 TeV in 120 bins.
      Step function: finalRange(mm)= 1, dRoverRange= 0.2, integral: 1
      Bether-Bloch model for E > 0.2 MeV, parametrisation of Bragg peak below, 
      radiative corrections for E > 1 GeV

MuBrems:   tables are built for  mu+
      dE/dx and range tables from 100 eV  to 100 TeV in 120 bins.
      Lambda tables from threshold to 100 TeV in 120 bins.
      Parametrised model 

MuPairProd:   tables are built for  mu+
      dE/dx and range tables from 100 eV  to 100 TeV in 120 bins.
      Lambda tables from threshold to 100 TeV in 120 bins.
      Parametrised model 
### All dEdx and Range tables are built #####

MuIoni:   tables are built for  mu-
      dE/dx and range tables from 100 eV  to 100 TeV in 120 bins.
      Lambda tables from threshold to 100 TeV in 120 bins.
      Step function: finalRange(mm)= 1, dRoverRange= 0.2, integral: 1
      Bether-Bloch model for E > 0.2 MeV, parametrisation of Bragg peak below, 
      radiative corrections for E > 1 GeV

msc:  Model variant of multiple scattering for pi-
      Lambda tables from 100 eV  to 100 TeV in 120 bins.
      Boundary algorithm is active with facrange= 0.199

Region DefaultRegionForTheWorld
 Materials : H 
 Production cuts :  gamma 1 m      e- 1 m      e+ 1 m  

========= Table of registered couples ==============================

Index : 0     used in the geometry : No      recalculation needed : No 
 Material : Uranium
 Range cuts        :  gamma 1 m      e- 1 m      e+ 1 m  
 Energy thresholds :  gamma 2.8802232e+295 J      e- 2.8802232e+295 J      e+ 2.8802232e+295 J  

Index : 1     used in the geometry : No      recalculation needed : No 
 Material : Copper
 Range cuts        :  gamma 1 m      e- 1 m      e+ 1 m  
 Energy thresholds :  gamma 2.8802232e+295 J      e- 949.55059 GeV    e+ 779.78768 GeV

Index : 2     used in the geometry : No      recalculation needed : No 
 Material : Silicon
 Range cuts        :  gamma 1 m      e- 1 m      e+ 1 m  
 Energy thresholds :  gamma 2.8802232e+295 J      e- 1.0114457 GeV    e+ 962.84668 MeV

Index : 3     used in the geometry : Yes     recalculation needed : No 
 Material : H
 Range cuts        :  gamma 1 m      e- 1 m      e+ 1 m  
 Energy thresholds :  gamma 990 eV     e- 708.90956 keV    e+ 683.20614 keV
 Region(s) which use this couple : 
    DefaultRegionForTheWorld

====================================================================

Start Run processing.
Run terminated.
Run Summary
  Number of events processed : 20
  User=0s Real=0s Sys=0s
#
# neutron at 10 GeV in H
#
/gun/particle neutron
/gun/energy 10 GeV
/mydet/SelectMaterial H
SimpleBox is now made of H
/run/beamOn 20

Region DefaultRegionForTheWorld
 Materials : H 
 Production cuts :  gamma 1 m      e- 1 m      e+ 1 m  

========= Table of registered couples ==============================

Index : 0     used in the geometry : No      recalculation needed : No 
 Material : Uranium
 Range cuts        :  gamma 1 m      e- 1 m      e+ 1 m  
 Energy thresholds :  gamma 2.8802232e+295 J      e- 2.8802232e+295 J      e+ 2.8802232e+295 J  

Index : 1     used in the geometry : No      recalculation needed : No 
 Material : Copper
 Range cuts        :  gamma 1 m      e- 1 m      e+ 1 m  
 Energy thresholds :  gamma 2.8802232e+295 J      e- 949.55059 GeV    e+ 779.78768 GeV

Index : 2     used in the geometry : No      recalculation needed : No 
 Material : Silicon
 Range cuts        :  gamma 1 m      e- 1 m      e+ 1 m  
 Energy thresholds :  gamma 2.8802232e+295 J      e- 1.0114457 GeV    e+ 962.84668 MeV

Index : 3     used in the geometry : Yes     recalculation needed : No 
 Material : H
 Range cuts        :  gamma 1 m      e- 1 m      e+ 1 m  
 Energy thresholds :  gamma 990 eV     e- 708.90956 keV    e+ 683.20614 keV
 Region(s) which use this couple : 
    DefaultRegionForTheWorld

====================================================================

Start Run processing.
Run terminated.
Run Summary
  Number of events processed : 20
  User=0s Real=0s Sys=0s
#
# pi+ at 10 GeV in H
#
/gun/particle pi+
/gun/energy 10 GeV
/mydet/SelectMaterial H
SimpleBox is now made of H
/run/beamOn 20

Region DefaultRegionForTheWorld
 Materials : H 
 Production cuts :  gamma 1 m      e- 1 m      e+ 1 m  

========= Table of registered couples ==============================

Index : 0     used in the geometry : No      recalculation needed : No 
 Material : Uranium
 Range cuts        :  gamma 1 m      e- 1 m      e+ 1 m  
 Energy thresholds :  gamma 2.8802232e+295 J      e- 2.8802232e+295 J      e+ 2.8802232e+295 J  

Index : 1     used in the geometry : No      recalculation needed : No 
 Material : Copper
 Range cuts        :  gamma 1 m      e- 1 m      e+ 1 m  
 Energy thresholds :  gamma 2.8802232e+295 J      e- 949.55059 GeV    e+ 779.78768 GeV

Index : 2     used in the geometry : No      recalculation needed : No 
 Material : Silicon
 Range cuts        :  gamma 1 m      e- 1 m      e+ 1 m  
 Energy thresholds :  gamma 2.8802232e+295 J      e- 1.0114457 GeV    e+ 962.84668 MeV

Index : 3     used in the geometry : Yes     recalculation needed : No 
 Material : H
 Range cuts        :  gamma 1 m      e- 1 m      e+ 1 m  
 Energy thresholds :  gamma 990 eV     e- 708.90956 keV    e+ 683.20614 keV
 Region(s) which use this couple : 
    DefaultRegionForTheWorld

====================================================================

Start Run processing.
Run terminated.
Run Summary
  Number of events processed : 20
  User=0.01s Real=0.01s Sys=0s
#
# pi- at 10 GeV in H
#
/gun/particle pi-
/gun/energy 10 GeV
/mydet/SelectMaterial H
SimpleBox is now made of H
/run/beamOn 20

Region DefaultRegionForTheWorld
 Materials : H 
 Production cuts :  gamma 1 m      e- 1 m      e+ 1 m  

========= Table of registered couples ==============================

Index : 0     used in the geometry : No      recalculation needed : No 
 Material : Uranium
 Range cuts        :  gamma 1 m      e- 1 m      e+ 1 m  
 Energy thresholds :  gamma 2.8802232e+295 J      e- 2.8802232e+295 J      e+ 2.8802232e+295 J  

Index : 1     used in the geometry : No      recalculation needed : No 
 Material : Copper
 Range cuts        :  gamma 1 m      e- 1 m      e+ 1 m  
 Energy thresholds :  gamma 2.8802232e+295 J      e- 949.55059 GeV    e+ 779.78768 GeV

Index : 2     used in the geometry : No      recalculation needed : No 
 Material : Silicon
 Range cuts        :  gamma 1 m      e- 1 m      e+ 1 m  
 Energy thresholds :  gamma 2.8802232e+295 J      e- 1.0114457 GeV    e+ 962.84668 MeV

Index : 3     used in the geometry : Yes     recalculation needed : No 
 Material : H
 Range cuts        :  gamma 1 m      e- 1 m      e+ 1 m  
 Energy thresholds :  gamma 990 eV     e- 708.90956 keV    e+ 683.20614 keV
 Region(s) which use this couple : 
    DefaultRegionForTheWorld

====================================================================

Start Run processing.
Run terminated.
Run Summary
  Number of events processed : 20
  User=0s Real=0s Sys=0s
UserDetectorConstruction deleted.
UserPhysicsList deleted.
UserRunAction deleted.
UserPrimaryGenerator deleted.
G4 kernel has come to Quit state.
EventManager deleted.
UImanager deleted.
StateManager deleted.
RunManagerKernel is deleted.
RunManager is deleting.
